Archive member included because of file (symbol)

c:/altera/11.0sp1/nios2eds/bin/gnu/h-i686-mingw32/bin/../lib/gcc/nios2-elf/4.1.2\libgcc.a(lib2-divmod.o)
                              obj/hello_ucosii.o (__divsi3)
c:/altera/11.0sp1/nios2eds/bin/gnu/h-i686-mingw32/bin/../lib/gcc/nios2-elf/4.1.2/../../../../nios2-elf/lib\libc.a(lib_a-printf.o)
                              obj/hello_ucosii.o (printf)
c:/altera/11.0sp1/nios2eds/bin/gnu/h-i686-mingw32/bin/../lib/gcc/nios2-elf/4.1.2/../../../../nios2-elf/lib\libc.a(lib_a-sprintf.o)
                              obj/hello_ucosii.o (sprintf)
c:/altera/11.0sp1/nios2eds/bin/gnu/h-i686-mingw32/bin/../lib/gcc/nios2-elf/4.1.2/../../../../nios2-elf/lib\libc.a(lib_a-vfprintf.o)
                              c:/altera/11.0sp1/nios2eds/bin/gnu/h-i686-mingw32/bin/../lib/gcc/nios2-elf/4.1.2/../../../../nios2-elf/lib\libc.a(lib_a-printf.o) (___vfprintf_internal_r)
c:/altera/11.0sp1/nios2eds/bin/gnu/h-i686-mingw32/bin/../lib/gcc/nios2-elf/4.1.2/../../../../nios2-elf/lib\libc.a(lib_a-wsetup.o)
                              c:/altera/11.0sp1/nios2eds/bin/gnu/h-i686-mingw32/bin/../lib/gcc/nios2-elf/4.1.2/../../../../nios2-elf/lib\libc.a(lib_a-vfprintf.o) (__swsetup_r)
c:/altera/11.0sp1/nios2eds/bin/gnu/h-i686-mingw32/bin/../lib/gcc/nios2-elf/4.1.2/../../../../nios2-elf/lib\libc.a(lib_a-dtoa.o)
                              c:/altera/11.0sp1/nios2eds/bin/gnu/h-i686-mingw32/bin/../lib/gcc/nios2-elf/4.1.2/../../../../nios2-elf/lib\libc.a(lib_a-vfprintf.o) (_dtoa_r)
c:/altera/11.0sp1/nios2eds/bin/gnu/h-i686-mingw32/bin/../lib/gcc/nios2-elf/4.1.2/../../../../nios2-elf/lib\libc.a(lib_a-fflush.o)
                              c:/altera/11.0sp1/nios2eds/bin/gnu/h-i686-mingw32/bin/../lib/gcc/nios2-elf/4.1.2/../../../../nios2-elf/lib\libc.a(lib_a-vfprintf.o) (_fflush_r)
c:/altera/11.0sp1/nios2eds/bin/gnu/h-i686-mingw32/bin/../lib/gcc/nios2-elf/4.1.2/../../../../nios2-elf/lib\libc.a(lib_a-findfp.o)
                              c:/altera/11.0sp1/nios2eds/bin/gnu/h-i686-mingw32/bin/../lib/gcc/nios2-elf/4.1.2/../../../../nios2-elf/lib\libc.a(lib_a-vfprintf.o) (__sinit)
c:/altera/11.0sp1/nios2eds/bin/gnu/h-i686-mingw32/bin/../lib/gcc/nios2-elf/4.1.2/../../../../nios2-elf/lib\libc.a(lib_a-freer.o)
                              c:/altera/11.0sp1/nios2eds/bin/gnu/h-i686-mingw32/bin/../lib/gcc/nios2-elf/4.1.2/../../../../nios2-elf/lib\libc.a(lib_a-wsetup.o) (_free_r)
c:/altera/11.0sp1/nios2eds/bin/gnu/h-i686-mingw32/bin/../lib/gcc/nios2-elf/4.1.2/../../../../nios2-elf/lib\libc.a(lib_a-fvwrite.o)
                              c:/altera/11.0sp1/nios2eds/bin/gnu/h-i686-mingw32/bin/../lib/gcc/nios2-elf/4.1.2/../../../../nios2-elf/lib\libc.a(lib_a-vfprintf.o) (__sfvwrite_r)
c:/altera/11.0sp1/nios2eds/bin/gnu/h-i686-mingw32/bin/../lib/gcc/nios2-elf/4.1.2/../../../../nios2-elf/lib\libc.a(lib_a-fwalk.o)
                              c:/altera/11.0sp1/nios2eds/bin/gnu/h-i686-mingw32/bin/../lib/gcc/nios2-elf/4.1.2/../../../../nios2-elf/lib\libc.a(lib_a-fflush.o) (_fwalk_reent)
c:/altera/11.0sp1/nios2eds/bin/gnu/h-i686-mingw32/bin/../lib/gcc/nios2-elf/4.1.2/../../../../nios2-elf/lib\libc.a(lib_a-impure.o)
                              c:/altera/11.0sp1/nios2eds/bin/gnu/h-i686-mingw32/bin/../lib/gcc/nios2-elf/4.1.2/../../../../nios2-elf/lib\libc.a(lib_a-printf.o) (_impure_ptr)
c:/altera/11.0sp1/nios2eds/bin/gnu/h-i686-mingw32/bin/../lib/gcc/nios2-elf/4.1.2/../../../../nios2-elf/lib\libc.a(lib_a-locale.o)
                              c:/altera/11.0sp1/nios2eds/bin/gnu/h-i686-mingw32/bin/../lib/gcc/nios2-elf/4.1.2/../../../../nios2-elf/lib\libc.a(lib_a-vfprintf.o) (_localeconv_r)
c:/altera/11.0sp1/nios2eds/bin/gnu/h-i686-mingw32/bin/../lib/gcc/nios2-elf/4.1.2/../../../../nios2-elf/lib\libc.a(lib_a-makebuf.o)
                              c:/altera/11.0sp1/nios2eds/bin/gnu/h-i686-mingw32/bin/../lib/gcc/nios2-elf/4.1.2/../../../../nios2-elf/lib\libc.a(lib_a-wsetup.o) (__smakebuf_r)
c:/altera/11.0sp1/nios2eds/bin/gnu/h-i686-mingw32/bin/../lib/gcc/nios2-elf/4.1.2/../../../../nios2-elf/lib\libc.a(lib_a-mallocr.o)
                              c:/altera/11.0sp1/nios2eds/bin/gnu/h-i686-mingw32/bin/../lib/gcc/nios2-elf/4.1.2/../../../../nios2-elf/lib\libc.a(lib_a-findfp.o) (_malloc_r)
c:/altera/11.0sp1/nios2eds/bin/gnu/h-i686-mingw32/bin/../lib/gcc/nios2-elf/4.1.2/../../../../nios2-elf/lib\libc.a(lib_a-memchr.o)
                              c:/altera/11.0sp1/nios2eds/bin/gnu/h-i686-mingw32/bin/../lib/gcc/nios2-elf/4.1.2/../../../../nios2-elf/lib\libc.a(lib_a-vfprintf.o) (memchr)
c:/altera/11.0sp1/nios2eds/bin/gnu/h-i686-mingw32/bin/../lib/gcc/nios2-elf/4.1.2/../../../../nios2-elf/lib\libc.a(lib_a-memcpy.o)
                              c:/altera/11.0sp1/nios2eds/bin/gnu/h-i686-mingw32/bin/../lib/gcc/nios2-elf/4.1.2/../../../../nios2-elf/lib\libc.a(lib_a-dtoa.o) (memcpy)
[...]
Memory Configuration

Name             Origin             Length             Attributes
reset            0x00000000         0x00000020
epcs             0x00000020         0x000007e0
sdram_BEFORE_EXCEPTION 0x04000000         0x00000020
sdram            0x04000020         0x01ffffe0
*default*        0x00000000         0xffffffff

Linker script and memory map

LOAD ../Test_bsp//obj/HAL/src/crt0.o
LOAD obj/hello_ucosii.o
LOAD c:/altera/11.0sp1/nios2eds/bin/gnu/h-i686-mingw32/bin/../lib/gcc/nios2-elf/4.1.2/../../../../nios2-elf/lib\libstdc++.a
LOAD c:/altera/11.0sp1/nios2eds/bin/gnu/h-i686-mingw32/bin/../lib/gcc/nios2-elf/4.1.2/../../../../nios2-elf/lib\libm.a
LOAD c:/altera/11.0sp1/nios2eds/bin/gnu/h-i686-mingw32/bin/../lib/gcc/nios2-elf/4.1.2\libgcc.a
START GROUP
LOAD c:/altera/11.0sp1/nios2eds/bin/gnu/h-i686-mingw32/bin/../lib/gcc/nios2-elf/4.1.2/../../../../nios2-elf/lib\libc.a
LOAD c:/altera/11.0sp1/nios2eds/bin/gnu/h-i686-mingw32/bin/../lib/gcc/nios2-elf/4.1.2\libgcc.a
LOAD ../Test_bsp/\libucosii_bsp.a
END GROUP
LOAD c:/altera/11.0sp1/nios2eds/bin/gnu/h-i686-mingw32/bin/../lib/gcc/nios2-elf/4.1.2\libgcc.a
                0x00000000                __alt_mem_epcs = 0x0
                0x04000000                __alt_mem_sdram = 0x4000000

.entry          0x00000000        0x0
 *(.entry)
 .entry         0x00000000        0x0 ../Test_bsp//obj/HAL/src/crt0.o
                0x00000000                __reset

.exceptions     0x04000020      0x19c
                0x04000020                PROVIDE (__ram_exceptions_start, ABSOLUTE (.))
                0x04000020                . = ALIGN (0x20)
 *(.irq)
 *(.exceptions.entry.label)
 .exceptions.entry.label
                0x04000020        0x0 ../Test_bsp/\libucosii_bsp.a(alt_irq_entry.o)
                0x04000020                alt_irq_entry
 .exceptions.entry.label
                0x04000020        0x0 ../Test_bsp/\libucosii_bsp.a(alt_exception_entry.o)
                0x04000020                alt_exception
 *(.exceptions.entry.user)
 *(.exceptions.entry)
 .exceptions.entry
                0x04000020       0x54 ../Test_bsp/\libucosii_bsp.a(alt_exception_entry.o)
 *(.exceptions.irqtest.user)
 *(.exceptions.irqtest)
 .exceptions.irqtest
                0x04000074       0x10 ../Test_bsp/\libucosii_bsp.a(alt_irq_entry.o)
 *(.exceptions.irqhandler.user)
 *(.exceptions.irqhandler)
 .exceptions.irqhandler
                0x04000084        0x4 ../Test_bsp/\libucosii_bsp.a(alt_irq_entry.o)
 *(.exceptions.irqreturn.user)
 *(.exceptions.irqreturn)
 .exceptions.irqreturn
                0x04000088        0x4 ../Test_bsp/\libucosii_bsp.a(alt_irq_entry.o)
 *(.exceptions.notirq.label)
 .exceptions.notirq.label
                0x0400008c        0x0 ../Test_bsp/\libucosii_bsp.a(alt_irq_entry.o)
 *(.exceptions.notirq.user)
 *(.exceptions.notirq)
 .exceptions.notirq
                0x0400008c        0x8 ../Test_bsp/\libucosii_bsp.a(alt_exception_entry.o)
 *(.exceptions.soft.user)
 *(.exceptions.soft)
 *(.exceptions.unknown.user)
 *(.exceptions.unknown)
 .exceptions.unknown
                0x04000094        0x4 ../Test_bsp/\libucosii_bsp.a(alt_exception_entry.o)
 *(.exceptions.exit.label)
 .exceptions.exit.label
                0x04000098        0x0 ../Test_bsp/\libucosii_bsp.a(alt_irq_entry.o)
 .exceptions.exit.label
                0x04000098        0x0 ../Test_bsp/\libucosii_bsp.a(alt_exception_entry.o)
 *(.exceptions.exit.user)
 *(.exceptions.exit)
 .exceptions.exit
                0x04000098       0x54 ../Test_bsp/\libucosii_bsp.a(alt_exception_entry.o)
 *(.exceptions)
 .exceptions    0x040000ec       0xd0 ../Test_bsp/\libucosii_bsp.a(alt_irq_handler.o)
                0x040000ec                alt_irq_handler
                0x040001bc                PROVIDE (__ram_exceptions_end, ABSOLUTE (.))
                0x04000020                PROVIDE (__flash_exceptions_start, LOADADDR (.exceptions))

.text           0x040001bc    0x164c4
                0x040001bc                PROVIDE (stext, ABSOLUTE (.))
 *(.interp)
 *(.hash)
 *(.dynsym)
 *(.dynstr)
 *(.gnu.version)
 *(.gnu.version_d)
 *(.gnu.version_r)
 *(.rel.init)
 *(.rela.init)
 *(.rel.text .rel.text.* .rel.gnu.linkonce.t.*)
 *(.rela.text .rela.text.* .rela.gnu.linkonce.t.*)
 *(.rel.fini)
 *(.rela.fini)
 *(.rel.rodata .rel.rodata.* .rel.gnu.linkonce.r.*)
 *(.rela.rodata .rela.rodata.* .rela.gnu.linkonce.r.*)
 *(.rel.data .rel.data.* .rel.gnu.linkonce.d.*)
 *(.rela.data .rela.data.* .rela.gnu.linkonce.d.*)
 *(.rel.tdata .rel.tdata.* .rel.gnu.linkonce.td.*)
 *(.rela.tdata .rela.tdata.* .rela.gnu.linkonce.td.*)
 *(.rel.tbss .rel.tbss.* .rel.gnu.linkonce.tb.*)
 *(.rela.tbss .rela.tbss.* .rela.gnu.linkonce.tb.*)
 *(.rel.ctors)
 *(.rela.ctors)
 *(.rel.dtors)
 *(.rela.dtors)
 *(.rel.got)
 *(.rela.got)
 *(.rel.sdata .rel.sdata.* .rel.gnu.linkonce.s.*)
 *(.rela.sdata .rela.sdata.* .rela.gnu.linkonce.s.*)
 *(.rel.sbss .rel.sbss.* .rel.gnu.linkonce.sb.*)
 *(.rela.sbss .rela.sbss.* .rela.gnu.linkonce.sb.*)
 *(.rel.sdata2 .rel.sdata2.* .rel.gnu.linkonce.s2.*)
 *(.rela.sdata2 .rela.sdata2.* .rela.gnu.linkonce.s2.*)
 *(.rel.sbss2 .rel.sbss2.* .rel.gnu.linkonce.sb2.*)
 *(.rela.sbss2 .rela.sbss2.* .rela.gnu.linkonce.sb2.*)
 *(.rel.bss .rel.bss.* .rel.gnu.linkonce.b.*)
 *(.rela.bss .rela.bss.* .rela.gnu.linkonce.b.*)
 *(.rel.plt)
 *(.rela.plt)
 *(.rel.dyn)
 *(.init)
 *(.plt)
 *(.text .stub .text.* .gnu.linkonce.t.*)
 .text          0x040001bc       0x38 ../Test_bsp//obj/HAL/src/crt0.o
                0x040001bc                _start
 .text          0x040001f4      0x480 obj/hello_ucosii.o
                0x040001f4                main
                0x0400023c                TaskStart
                0x04000418                Task
                0x040005fc                printCtxSwMessage
 .text          0x04000674      0x14c c:/altera/11.0sp1/nios2eds/bin/gnu/h-i686-mingw32/bin/../lib/gcc/nios2-elf/4.1.2\libgcc.a(lib2-divmod.o)
                0x040006f0                __divsi3
                0x04000750                __modsi3
                0x040007b0                __udivsi3
                0x040007b8                __umodsi3
 .text          0x040007c0       0x78 c:/altera/11.0sp1/nios2eds/bin/gnu/h-i686-mingw32/bin/../lib/gcc/nios2-elf/4.1.2/../../../../nios2-elf/lib\libc.a(lib_a-printf.o)
                0x040007c0                printf
                0x04000804                _printf_r
 .text          0x04000838       0xd4 c:/altera/11.0sp1/nios2eds/bin/gnu/h-i686-mingw32/bin/../lib/gcc/nios2-elf/4.1.2/../../../../nios2-elf/lib\libc.a(lib_a-sprintf.o)
                0x04000838                sprintf
                0x040008ac                _sprintf_r
 .text          0x0400090c     0x1f28 c:/altera/11.0sp1/nios2eds/bin/gnu/h-i686-mingw32/bin/../lib/gcc/nios2-elf/4.1.2/../../../../nios2-elf/lib\libc.a(lib_a-vfprintf.o)
                0x04000964                ___vfprintf_internal_r
                0x04002810                __vfprintf_internal
 .text          0x04002834      0x13c c:/altera/11.0sp1/nios2eds/bin/gnu/h-i686-mingw32/bin/../lib/gcc/nios2-elf/4.1.2/../../../../nios2-elf/lib\libc.a(lib_a-wsetup.o)
                0x04002834                __swsetup_r
 .text          0x04002970     0x17cc c:/altera/11.0sp1/nios2eds/bin/gnu/h-i686-mingw32/bin/../lib/gcc/nios2-elf/4.1.2/../../../../nios2-elf/lib\libc.a(lib_a-dtoa.o)
                0x04002b88                _dtoa_r
 .text          0x0400413c      0x230 c:/altera/11.0sp1/nios2eds/bin/gnu/h-i686-mingw32/bin/../lib/gcc/nios2-elf/4.1.2/../../../../nios2-elf/lib\libc.a(lib_a-fflush.o)
                0x0400413c                _fflush_r
                0x04004338                fflush
 .text          0x0400436c      0x2c0 c:/altera/11.0sp1/nios2eds/bin/gnu/h-i686-mingw32/bin/../lib/gcc/nios2-elf/4.1.2/../../../../nios2-elf/lib\libc.a(lib_a-findfp.o)
                0x040043c4                __sfp_lock_acquire
                0x040043c8                __sfp_lock_release
                0x040043cc                __sinit_lock_acquire
                0x040043d0                __sinit_lock_release
                0x040043d4                __sinit
                0x04004488                __fp_unlock_all
                0x040044a0                __fp_lock_all
                0x040044b8                _cleanup_r
                0x040044c4                _cleanup
                0x040044d4                __sfmoreglue
                0x0400453c                __sfp
 .text          0x0400462c      0x440 c:/altera/11.0sp1/nios2eds/bin/gnu/h-i686-mingw32/bin/../lib/gcc/nios2-elf/4.1.2/../../../../nios2-elf/lib\libc.a(lib_a-freer.o)
                0x0400462c                _malloc_trim_r
                0x04004758                _free_r
 .text          0x04004a6c      0x49c c:/altera/11.0sp1/nios2eds/bin/gnu/h-i686-mingw32/bin/../lib/gcc/nios2-elf/4.1.2/../../../../nios2-elf/lib\libc.a(lib_a-fvwrite.o)
                0x04004a6c                __sfvwrite_r
 .text          0x04004f08      0x180 c:/altera/11.0sp1/nios2eds/bin/gnu/h-i686-mingw32/bin/../lib/gcc/nios2-elf/4.1.2/../../../../nios2-elf/lib\libc.a(lib_a-fwalk.o)
                0x04004f08                _fwalk_reent
                0x04004fd0                _fwalk
 .text          0x04005088        0x0 c:/altera/11.0sp1/nios2eds/bin/gnu/h-i686-mingw32/bin/../lib/gcc/nios2-elf/4.1.2/../../../../nios2-elf/lib\libc.a(lib_a-impure.o)
 .text          0x04005088       0xc4 c:/altera/11.0sp1/nios2eds/bin/gnu/h-i686-mingw32/bin/../lib/gcc/nios2-elf/4.1.2/../../../../nios2-elf/lib\libc.a(lib_a-locale.o)
                0x04005088                __locale_charset
                0x04005090                _localeconv_r
                0x0400509c                localeconv
                0x040050ac                _setlocale_r
                0x04005130                setlocale
 .text          0x0400514c      0x194 c:/altera/11.0sp1/nios2eds/bin/gnu/h-i686-mingw32/bin/../lib/gcc/nios2-elf/4.1.2/../../../../nios2-elf/lib\libc.a(lib_a-makebuf.o)
                0x0400514c                __smakebuf_r
 .text          0x040052e0      0x740 c:/altera/11.0sp1/nios2eds/bin/gnu/h-i686-mingw32/bin/../lib/gcc/nios2-elf/4.1.2/../../../../nios2-elf/lib\libc.a(lib_a-mallocr.o)
                0x040052e0                _malloc_r
 .text          0x04005a20       0xe4 c:/altera/11.0sp1/nios2eds/bin/gnu/h-i686-mingw32/bin/../lib/gcc/nios2-elf/4.1.2/../../../../nios2-elf/lib\libc.a(lib_a-memchr.o)
                0x04005a20                memchr
 .text          0x04005b04       0xa0 c:/altera/11.0sp1/nios2eds/bin/gnu/h-i686-mingw32/bin/../lib/gcc/nios2-elf/4.1.2/../../../../nios2-elf/lib\libc.a(lib_a-memcpy.o)
                0x04005b04                memcpy
 .text          0x04005ba4       0xe0 c:/altera/11.0sp1/nios2eds/bin/gnu/h-i686-mingw32/bin/../lib/gcc/nios2-elf/4.1.2/../../../../nios2-elf/lib\libc.a(lib_a-memmove.o)
                0x04005ba4                memmove
 .text          0x04005c84       0x98 c:/altera/11.0sp1/nios2eds/bin/gnu/h-i686-mingw32/bin/../lib/gcc/nios2-elf/4.1.2/../../../../nios2-elf/lib\libc.a(lib_a-memset.o)
                0x04005c84                memset
 .text          0x04005d1c      0xff4 c:/altera/11.0sp1/nios2eds/bin/gnu/h-i686-mingw32/bin/../lib/gcc/nios2-elf/4.1.2/../../../../nios2-elf/lib\libc.a(lib_a-mprec.o)
                0x04005d1c                _Bfree
                0x04005d44                __hi0bits
                0x04005db4                __lo0bits
                0x04005e78                __mcmp
                0x04005ed8                __ulp
                0x04005f58                __b2d
                0x04006078                __ratio
                0x04006128                _mprec_log10
                0x040061bc                __copybits
                0x04006214                __any_on
                0x0400629c                _Balloc
                0x04006358                __d2b
                0x040064d4                __mdiff
                0x04006660                __lshift
                0x040067ac                __multiply
                0x04006994                __i2b
                0x040069d0                __multadd
                0x04006ad0                __pow5mult
                0x04006bf0                __s2b
 .text          0x04006d10      0x5f4 c:/altera/11.0sp1/nios2eds/bin/gnu/h-i686-mingw32/bin/../lib/gcc/nios2-elf/4.1.2/../../../../nios2-elf/lib\libc.a(lib_a-reallocr.o)
                0x04006d10                _realloc_r
 .text          0x04007304       0x40 c:/altera/11.0sp1/nios2eds/bin/gnu/h-i686-mingw32/bin/../lib/gcc/nios2-elf/4.1.2/../../../../nios2-elf/lib\libc.a(lib_a-s_isinfd.o)
                0x04007304                __isinfd
 .text          0x04007344       0x30 c:/altera/11.0sp1/nios2eds/bin/gnu/h-i686-mingw32/bin/../lib/gcc/nios2-elf/4.1.2/../../../../nios2-elf/lib\libc.a(lib_a-s_isnand.o)
                0x04007344                __isnand
 .text          0x04007374       0x70 c:/altera/11.0sp1/nios2eds/bin/gnu/h-i686-mingw32/bin/../lib/gcc/nios2-elf/4.1.2/../../../../nios2-elf/lib\libc.a(lib_a-sbrkr.o)
                0x04007374                _sbrk_r
 .text          0x040073e4      0x14c c:/altera/11.0sp1/nios2eds/bin/gnu/h-i686-mingw32/bin/../lib/gcc/nios2-elf/4.1.2/../../../../nios2-elf/lib\libc.a(lib_a-stdio.o)
                0x040073e4                __sclose
                0x040073ec                __sseek
                0x04007454                __swrite
                0x040074d0                __sread
 .text          0x04007530       0xbc c:/altera/11.0sp1/nios2eds/bin/gnu/h-i686-mingw32/bin/../lib/gcc/nios2-elf/4.1.2/../../../../nios2-elf/lib\libc.a(lib_a-strcmp.o)
                0x04007530                strcmp
 .text          0x040075ec       0x74 c:/altera/11.0sp1/nios2eds/bin/gnu/h-i686-mingw32/bin/../lib/gcc/nios2-elf/4.1.2/../../../../nios2-elf/lib\libc.a(lib_a-strlen.o)
                0x040075ec                strlen
 .text          0x04007660       0x78 c:/altera/11.0sp1/nios2eds/bin/gnu/h-i686-mingw32/bin/../lib/gcc/nios2-elf/4.1.2/../../../../nios2-elf/lib\libc.a(lib_a-writer.o)
                0x04007660                _write_r
 .text          0x040076d8       0xb4 c:/altera/11.0sp1/nios2eds/bin/gnu/h-i686-mingw32/bin/../lib/gcc/nios2-elf/4.1.2/../../../../nios2-elf/lib\libc.a(lib_a-callocr.o)
                0x040076d8                _calloc_r
 .text          0x0400778c       0x70 c:/altera/11.0sp1/nios2eds/bin/gnu/h-i686-mingw32/bin/../lib/gcc/nios2-elf/4.1.2/../../../../nios2-elf/lib\libc.a(lib_a-closer.o)
                0x0400778c                _close_r
 .text          0x040077fc      0x124 c:/altera/11.0sp1/nios2eds/bin/gnu/h-i686-mingw32/bin/../lib/gcc/nios2-elf/4.1.2/../../../../nios2-elf/lib\libc.a(lib_a-fclose.o)
                0x040077fc                _fclose_r
                0x0400790c                fclose
 .text          0x04007920       0x74 c:/altera/11.0sp1/nios2eds/bin/gnu/h-i686-mingw32/bin/../lib/gcc/nios2-elf/4.1.2/../../../../nios2-elf/lib\libc.a(lib_a-fstatr.o)
                0x04007920                _fstat_r
 .text          0x04007994        0x0 c:/altera/11.0sp1/nios2eds/bin/gnu/h-i686-mingw32/bin/../lib/gcc/nios2-elf/4.1.2/../../../../nios2-elf/lib\libc.a(lib_a-int_errno.o)
 .text          0x04007994       0x70 c:/altera/11.0sp1/nios2eds/bin/gnu/h-i686-mingw32/bin/../lib/gcc/nios2-elf/4.1.2/../../../../nios2-elf/lib\libc.a(lib_a-isattyr.o)
                0x04007994                _isatty_r
 .text          0x04007a04       0x78 c:/altera/11.0sp1/nios2eds/bin/gnu/h-i686-mingw32/bin/../lib/gcc/nios2-elf/4.1.2/../../../../nios2-elf/lib\libc.a(lib_a-lseekr.o)
                0x04007a04                _lseek_r
 .text          0x04007a7c       0x78 c:/altera/11.0sp1/nios2eds/bin/gnu/h-i686-mingw32/bin/../lib/gcc/nios2-elf/4.1.2/../../../../nios2-elf/lib\libc.a(lib_a-readr.o)
                0x04007a7c                _read_r
 .text          0x04007af4      0x5dc c:/altera/11.0sp1/nios2eds/bin/gnu/h-i686-mingw32/bin/../lib/gcc/nios2-elf/4.1.2\libgcc.a(_udivdi3.o)
                0x04007af4                __udivdi3
 .text          0x040080d0      0x5b0 c:/altera/11.0sp1/nios2eds/bin/gnu/h-i686-mingw32/bin/../lib/gcc/nios2-elf/4.1.2\libgcc.a(_umoddi3.o)
                0x040080d0                __umoddi3
 .text          0x04008680      0x504 c:/altera/11.0sp1/nios2eds/bin/gnu/h-i686-mingw32/bin/../lib/gcc/nios2-elf/4.1.2\libgcc.a(_addsub_df.o)
                0x04008a90                __subdf3
                0x04008b10                __adddf3
 .text          0x04008b84      0x3c4 c:/altera/11.0sp1/nios2eds/bin/gnu/h-i686-mingw32/bin/../lib/gcc/nios2-elf/4.1.2\libgcc.a(_mul_df.o)
                0x04008b84                __muldf3
 .text          0x04008f48      0x258 c:/altera/11.0sp1/nios2eds/bin/gnu/h-i686-mingw32/bin/../lib/gcc/nios2-elf/4.1.2\libgcc.a(_div_df.o)
                0x04008f48                __divdf3
 .text          0x040091a0       0x88 c:/altera/11.0sp1/nios2eds/bin/gnu/h-i686-mingw32/bin/../lib/gcc/nios2-elf/4.1.2\libgcc.a(_eq_df.o)
                0x040091a0                __eqdf2
 .text          0x04009228       0x88 c:/altera/11.0sp1/nios2eds/bin/gnu/h-i686-mingw32/bin/../lib/gcc/nios2-elf/4.1.2\libgcc.a(_ne_df.o)
                0x04009228                __nedf2
 .text          0x040092b0       0x88 c:/altera/11.0sp1/nios2eds/bin/gnu/h-i686-mingw32/bin/../lib/gcc/nios2-elf/4.1.2\libgcc.a(_gt_df.o)
                0x040092b0                __gtdf2
 .text          0x04009338       0x88 c:/altera/11.0sp1/nios2eds/bin/gnu/h-i686-mingw32/bin/../lib/gcc/nios2-elf/4.1.2\libgcc.a(_ge_df.o)
                0x04009338                __gedf2
 .text          0x040093c0       0x88 c:/altera/11.0sp1/nios2eds/bin/gnu/h-i686-mingw32/bin/../lib/gcc/nios2-elf/4.1.2\libgcc.a(_lt_df.o)
                0x040093c0                __ltdf2
 .text          0x04009448       0xf8 c:/altera/11.0sp1/nios2eds/bin/gnu/h-i686-mingw32/bin/../lib/gcc/nios2-elf/4.1.2\libgcc.a(_si_to_df.o)
                0x04009448                __floatsidf
 .text          0x04009540       0xd8 c:/altera/11.0sp1/nios2eds/bin/gnu/h-i686-mingw32/bin/../lib/gcc/nios2-elf/4.1.2\libgcc.a(_df_to_si.o)
                0x04009540                __fixdfsi
 .text          0x04009618        0x0 c:/altera/11.0sp1/nios2eds/bin/gnu/h-i686-mingw32/bin/../lib/gcc/nios2-elf/4.1.2\libgcc.a(_thenan_df.o)
 .text          0x04009618      0x194 c:/altera/11.0sp1/nios2eds/bin/gnu/h-i686-mingw32/bin/../lib/gcc/nios2-elf/4.1.2\libgcc.a(_usi_to_df.o)
                0x04009618                __floatunsidf
 .text          0x040097ac       0x98 c:/altera/11.0sp1/nios2eds/bin/gnu/h-i686-mingw32/bin/../lib/gcc/nios2-elf/4.1.2\libgcc.a(_muldi3.o)
                0x040097ac                __muldi3
 .text          0x04009844        0x0 c:/altera/11.0sp1/nios2eds/bin/gnu/h-i686-mingw32/bin/../lib/gcc/nios2-elf/4.1.2\libgcc.a(_clz.o)
 .text          0x04009844       0x80 c:/altera/11.0sp1/nios2eds/bin/gnu/h-i686-mingw32/bin/../lib/gcc/nios2-elf/4.1.2\libgcc.a(_clzsi2.o)
                0x04009844                __clzsi2
 .text          0x040098c4      0x314 c:/altera/11.0sp1/nios2eds/bin/gnu/h-i686-mingw32/bin/../lib/gcc/nios2-elf/4.1.2\libgcc.a(_pack_df.o)
                0x040098c4                __pack_d
 .text          0x04009bd8      0x138 c:/altera/11.0sp1/nios2eds/bin/gnu/h-i686-mingw32/bin/../lib/gcc/nios2-elf/4.1.2\libgcc.a(_unpack_df.o)
                0x04009bd8                __unpack_d
 .text          0x04009d10       0xc8 c:/altera/11.0sp1/nios2eds/bin/gnu/h-i686-mingw32/bin/../lib/gcc/nios2-elf/4.1.2\libgcc.a(_fpcmp_parts_df.o)
                0x04009d10                __fpcmp_parts_d
 .text          0x04009dd8      0x15c ../Test_bsp/\libucosii_bsp.a(alt_close.o)
                0x04009dd8                close
 .text          0x04009f34       0x2c ../Test_bsp/\libucosii_bsp.a(alt_dev.o)
 .text          0x04009f60        0x0 ../Test_bsp/\libucosii_bsp.a(alt_errno.o)
 .text          0x04009f60      0x134 ../Test_bsp/\libucosii_bsp.a(alt_fstat.o)
                0x04009f60                fstat
 .text          0x0400a094      0x120 ../Test_bsp/\libucosii_bsp.a(alt_isatty.o)
                0x0400a094                isatty
 .text          0x0400a1b4      0x150 ../Test_bsp/\libucosii_bsp.a(alt_lseek.o)
                0x0400a1b4                lseek
 .text          0x0400a304       0xc8 ../Test_bsp/\libucosii_bsp.a(alt_main.o)
                0x0400a304                alt_main
 .text          0x0400a3cc      0x180 ../Test_bsp/\libucosii_bsp.a(alt_read.o)
                0x0400a3cc                read
 .text          0x0400a54c       0x60 ../Test_bsp/\libucosii_bsp.a(alt_release_fd.o)
                0x0400a54c                alt_release_fd
 .text          0x0400a5ac       0xbc ../Test_bsp/\libucosii_bsp.a(alt_sbrk.o)
                0x0400a5ac                sbrk
 .text          0x0400a668      0x180 ../Test_bsp/\libucosii_bsp.a(alt_write.o)
                0x0400a668                write
 .text          0x0400a7e8      0x108 ../Test_bsp/\libucosii_bsp.a(alt_env_lock.o)
                0x0400a7e8                __env_lock
                0x0400a894                __env_unlock
 .text          0x0400a8f0      0x1d8 ../Test_bsp/\libucosii_bsp.a(alt_malloc_lock.o)
                0x0400a8f0                __malloc_lock
                0x0400a9f8                __malloc_unlock
 .text          0x0400aac8     0x2270 ../Test_bsp/\libucosii_bsp.a(os_core.o)
                0x0400aac8                OSEventNameGet
                0x0400abf8                OSEventNameSet
                0x0400ad3c                OSEventPendMulti
                0x0400b3f0                OSInit
                0x0400b444                OSIntEnter
                0x0400b4c0                OSIntExit
                0x0400b644                OSSchedLock
                0x0400b6d0                OSSchedUnlock
                0x0400b7b4                OSStart
                0x0400b824                OSStatInit
                0x0400b8d0                OSTimeTick
                0x0400bb50                OSVersion
                0x0400bb70                OS_Dummy
                0x0400bb8c                OS_EventTaskRdy
                0x0400bd20                OS_EventTaskWait
                0x0400be30                OS_EventTaskWaitMulti
                0x0400bf84                OS_EventTaskRemove
                0x0400c03c                OS_EventTaskRemoveMulti
                0x0400c140                OS_EventWaitListInit
                0x0400c50c                OS_MemClr
                0x0400c560                OS_MemCopy
                0x0400c5cc                OS_Sched
                0x0400c794                OS_StrCopy
                0x0400c814                OS_StrLen
                0x0400c86c                OS_TaskIdle
                0x0400c8c8                OS_TaskStat
                0x0400c990                OS_TaskStatStkChk
                0x0400ca58                OS_TCBInit
 .text          0x0400cd38      0x18c ../Test_bsp/\libucosii_bsp.a(os_dbg.o)
                0x0400cd38                OSDebugInit
 .text          0x0400cec4     0x193c ../Test_bsp/\libucosii_bsp.a(os_flag.o)
                0x0400cec4                OSFlagAccept
                0x0400d1f8                OSFlagCreate
                0x0400d334                OSFlagDel
                0x0400d5dc                OSFlagNameGet
                0x0400d720                OSFlagNameSet
                0x0400d874                OSFlagPend
                0x0400deb8                OSFlagPendGetFlagsRdy
                0x0400df20                OSFlagPost
                0x0400e2c8                OSFlagQuery
                0x0400e560                OS_FlagInit
                0x0400e754                OS_FlagUnlink
 .text          0x0400e800      0x808 ../Test_bsp/\libucosii_bsp.a(os_mem.o)
                0x0400e800                OSMemCreate
                0x0400ea1c                OSMemGet
                0x0400eb20                OSMemNameGet
                0x0400ec2c                OSMemNameSet
                0x0400ed4c                OSMemPut
                0x0400ee3c                OSMemQuery
                0x0400ef38                OS_MemInit
 .text          0x0400f008     0x1334 ../Test_bsp/\libucosii_bsp.a(os_q.o)
                0x0400f008                OSQAccept
                0x0400f15c                OSQCreate
                0x0400f370                OSQDel
                0x0400f670                OSQFlush
                0x0400f738                OSQPend
                0x0400fa58                OSQPendAbort
                0x0400fbd4                OSQPost
                0x0400fd54                OSQPostFront
                0x0400fedc                OSQPostOpt
                0x04010110                OSQQuery
                0x04010290                OS_QInit
 .text          0x0401033c      0xbc8 ../Test_bsp/\libucosii_bsp.a(os_sem.o)
                0x0401033c                OSSemAccept
                0x040103fc                OSSemCreate
                0x04010510                OSSemDel
                0x040107b0                OSSemPend
                0x04010a2c                OSSemPendAbort
                0x04010ba8                OSSemPost
                0x04010cd0                OSSemQuery
                0x04010e00                OSSemSet
 .text          0x04010f04     0x1a40 ../Test_bsp/\libucosii_bsp.a(os_task.o)
                0x04010f04                OSTaskChangePrio
                0x04011478                OSTaskCreate
                0x0401164c                OSTaskCreateExt
                0x0401184c                OSTaskDel
                0x04011c58                OSTaskDelReq
                0x04011dc8                OSTaskNameGet
                0x04011f80                OSTaskNameSet
                0x04012144                OSTaskResume
                0x0401235c                OSTaskStkChk
                0x04012558                OSTaskSuspend
                0x04012784                OSTaskQuery
                0x040128c8                OS_TaskStkClr
 .text          0x04012944      0x59c ../Test_bsp/\libucosii_bsp.a(os_time.o)
                0x04012944                OSTimeDly
                0x04012a90                OSTimeDlyHMSM
                0x04012c08                OSTimeDlyResume
                0x04012e18                OSTimeGet
                0x04012e7c                OSTimeSet
 .text          0x04012ee0       0xd0 ../Test_bsp/\libucosii_bsp.a(alt_sys_init.o)
                0x04012ee0                alt_irq_init
                0x04012f14                alt_sys_init
 .text          0x04012fb0      0x934 ../Test_bsp/\libucosii_bsp.a(altera_avalon_epcs_flash_controller.o)
                0x04012fb0                alt_epcs_flash_init
                0x04013330                alt_epcs_flash_write
                0x040135b0                alt_epcs_flash_get_info
                0x04013640                alt_epcs_flash_erase_block
                0x04013748                alt_epcs_flash_write_block
                0x04013858                alt_epcs_flash_read
 .text          0x040138e4      0x148 ../Test_bsp/\libucosii_bsp.a(altera_avalon_jtag_uart_fd.o)
                0x040138e4                altera_avalon_jtag_uart_read_fd
                0x0401393c                altera_avalon_jtag_uart_write_fd
                0x04013994                altera_avalon_jtag_uart_close_fd
                0x040139dc                altera_avalon_jtag_uart_ioctl_fd
 .text          0x04013a2c      0x584 ../Test_bsp/\libucosii_bsp.a(altera_avalon_jtag_uart_init.o)
                0x04013a2c                altera_avalon_jtag_uart_init
                0x04013f3c                altera_avalon_jtag_uart_close
 .text          0x04013fb0       0xf4 ../Test_bsp/\libucosii_bsp.a(altera_avalon_jtag_uart_ioctl.o)
                0x04013fb0                altera_avalon_jtag_uart_ioctl
 .text          0x040140a4      0x2c0 ../Test_bsp/\libucosii_bsp.a(altera_avalon_jtag_uart_read.o)
                0x040140a4                altera_avalon_jtag_uart_read
 .text          0x04014364      0x2dc ../Test_bsp/\libucosii_bsp.a(altera_avalon_jtag_uart_write.o)
                0x04014364                altera_avalon_jtag_uart_write
 .text          0x04014640      0x100 ../Test_bsp/\libucosii_bsp.a(altera_avalon_timer_sc.o)
                0x040146b0                alt_avalon_timer_sc_init
 .text          0x04014740      0x460 ../Test_bsp/\libucosii_bsp.a(epcs_commands.o)
                0x04014740                epcs_read_status_register
                0x040147a0                epcs_sector_erase
                0x0401488c                epcs_read_buffer
                0x04014940                epcs_write_enable
                0x04014990                epcs_write_status_register
                0x040149f4                epcs_write_buffer
                0x04014acc                epcs_read_electronic_signature
                0x04014b38                epcs_read_device_id
 .text          0x04014ba0      0x154 ../Test_bsp/\libucosii_bsp.a(alt_alarm_start.o)
                0x04014ba0                alt_alarm_start
 .text          0x04014cf4      0x114 ../Test_bsp/\libucosii_bsp.a(alt_dev_llist_insert.o)
                0x04014cf4                alt_dev_llist_insert
 .text          0x04014e08       0x64 ../Test_bsp/\libucosii_bsp.a(alt_do_ctors.o)
                0x04014e08                _do_ctors
 .text          0x04014e6c       0x64 ../Test_bsp/\libucosii_bsp.a(alt_do_dtors.o)
                0x04014e6c                _do_dtors
 .text          0x04014ed0       0xd0 ../Test_bsp/\libucosii_bsp.a(alt_flash_dev.o)
                0x04014ed0                alt_flash_open_dev
                0x04014f4c                alt_flash_close_dev
 .text          0x04014fa0      0x1d4 ../Test_bsp/\libucosii_bsp.a(alt_iic.o)
                0x04014fa0                alt_ic_isr_register
                0x04014ff0                alt_ic_irq_enable
                0x0401508c                alt_ic_irq_disable
                0x0401512c                alt_ic_irq_enabled
 .text          0x04015174       0xf8 ../Test_bsp/\libucosii_bsp.a(alt_iic_isr_register.o)
                0x04015174                alt_iic_isr_register
 .text          0x0401526c      0x13c ../Test_bsp/\libucosii_bsp.a(alt_io_redirect.o)
                0x04015330                alt_io_redirect
 .text          0x040153a8        0x0 ../Test_bsp/\libucosii_bsp.a(alt_irq_entry.o)
 .text          0x040153a8        0x0 ../Test_bsp/\libucosii_bsp.a(alt_irq_handler.o)
 .text          0x040153a8        0x0 ../Test_bsp/\libucosii_bsp.a(alt_irq_vars.o)
 .text          0x040153a8      0x2c4 ../Test_bsp/\libucosii_bsp.a(alt_open.o)
                0x04015484                open
 .text          0x0401566c      0x1a8 ../Test_bsp/\libucosii_bsp.a(alt_tick.o)
                0x0401566c                alt_alarm_stop
                0x04015704                alt_tick
 .text          0x04015814       0x20 ../Test_bsp/\libucosii_bsp.a(altera_nios2_irq.o)
                0x04015814                altera_nios2_irq_init
 .text          0x04015834       0xd0 ../Test_bsp/\libucosii_bsp.a(os_cpu_a.o)
                0x04015834                OSCtxSw
                0x04015834                OSIntCtxSw
                0x040158c0                OSStartHighRdy
                0x040158e0                OSStartTsk
 .text          0x04015904      0x418 ../Test_bsp/\libucosii_bsp.a(os_cpu_c.o)
                0x04015904                OSTaskStkInit
                0x04015c14                OSTaskCreateHook
                0x04015c34                OSTaskDelHook
                0x04015c54                OSTaskSwHook
                0x04015c70                OSTaskStatHook
                0x04015c8c                OSTimeTickHook
                0x04015ca8                OSInitHookBegin
                0x04015cc4                OSInitHookEnd
                0x04015ce0                OSTaskIdleHook
                0x04015cfc                OSTCBInitHook
 .text          0x04015d1c      0x238 ../Test_bsp/\libucosii_bsp.a(altera_avalon_spi.o)
                0x04015d1c                alt_avalon_spi_command
 .text          0x04015f54        0x0 ../Test_bsp/\libucosii_bsp.a(alt_exception_entry.o)
 .text          0x04015f54       0x94 ../Test_bsp/\libucosii_bsp.a(alt_find_dev.o)
                0x04015f54                alt_find_dev
 .text          0x04015fe8      0x120 ../Test_bsp/\libucosii_bsp.a(alt_find_file.o)
                0x04015fe8                alt_find_file
 .text          0x04016108       0xf4 ../Test_bsp/\libucosii_bsp.a(alt_get_fd.o)
                0x04016108                alt_get_fd
 .text          0x040161fc       0x14 c:/altera/11.0sp1/nios2eds/bin/gnu/h-i686-mingw32/bin/../lib/gcc/nios2-elf/4.1.2/../../../../nios2-elf/lib\libc.a(lib_a-atexit.o)
                0x040161fc                atexit
 .text          0x04016210       0x38 c:/altera/11.0sp1/nios2eds/bin/gnu/h-i686-mingw32/bin/../lib/gcc/nios2-elf/4.1.2/../../../../nios2-elf/lib\libc.a(lib_a-exit.o)
                0x04016210                exit
 .text          0x04016248       0x74 c:/altera/11.0sp1/nios2eds/bin/gnu/h-i686-mingw32/bin/../lib/gcc/nios2-elf/4.1.2/../../../../nios2-elf/lib\libc.a(lib_a-memcmp.o)
                0x04016248                memcmp
 .text          0x040162bc      0x134 c:/altera/11.0sp1/nios2eds/bin/gnu/h-i686-mingw32/bin/../lib/gcc/nios2-elf/4.1.2/../../../../nios2-elf/lib\libc.a(lib_a-__atexit.o)
                0x040162bc                __register_exitproc
 .text          0x040163f0      0x1b4 c:/altera/11.0sp1/nios2eds/bin/gnu/h-i686-mingw32/bin/../lib/gcc/nios2-elf/4.1.2/../../../../nios2-elf/lib\libc.a(lib_a-__call_atexit.o)
                0x040163f4                __call_exitprocs
 .text          0x040165a4       0x6c ../Test_bsp/\libucosii_bsp.a(alt_exit.o)
                0x040165e4                _exit
 *(.gnu.warning.*)
 *(.fini)
                0x04016610                PROVIDE (__etext, ABSOLUTE (.))
                0x04016610                PROVIDE (_etext, ABSOLUTE (.))
                0x04016610                PROVIDE (etext, ABSOLUTE (.))
 *(.eh_frame_hdr)
                0x04016610                . = ALIGN (0x4)
                0x04016610                PROVIDE (__preinit_array_start, ABSOLUTE (.))
 *(.preinit_array)
                0x04016610                PROVIDE (__preinit_array_end, ABSOLUTE (.))
                0x04016610                PROVIDE (__init_array_start, ABSOLUTE (.))
 *(.init_array)
                0x04016610                PROVIDE (__init_array_end, ABSOLUTE (.))
                0x04016610                PROVIDE (__fini_array_start, ABSOLUTE (.))
 *(.fini_array)
                0x04016610                PROVIDE (__fini_array_end, ABSOLUTE (.))
 *(.eh_frame)
 .eh_frame      0x04016610       0x40 c:/altera/11.0sp1/nios2eds/bin/gnu/h-i686-mingw32/bin/../lib/gcc/nios2-elf/4.1.2\libgcc.a(_udivdi3.o)
 .eh_frame      0x04016650       0x2c c:/altera/11.0sp1/nios2eds/bin/gnu/h-i686-mingw32/bin/../lib/gcc/nios2-elf/4.1.2\libgcc.a(_umoddi3.o)
                                 0x40 (size before relaxing)
 *(.gcc_except_table)
 *(.dynamic)
                0x0401667c                PROVIDE (__CTOR_LIST__, ABSOLUTE (.))
 *(.ctors)
 *(SORT(.ctors.*))
 .ctors.65535   0x0401667c        0x4 c:/altera/11.0sp1/nios2eds/bin/gnu/h-i686-mingw32/bin/../lib/gcc/nios2-elf/4.1.2/../../../../nios2-elf/lib\libc.a(lib_a-__call_atexit.o)
                0x04016680                PROVIDE (__CTOR_END__, ABSOLUTE (.))
                0x04016680                PROVIDE (__DTOR_LIST__, ABSOLUTE (.))
 *(.dtors)
 *(SORT(.dtors.*))
                0x04016680                PROVIDE (__DTOR_END__, ABSOLUTE (.))
 *(.jcr)
                0x04016680                . = ALIGN (0x4)

.rodata         0x04016680      0x4bc
                0x04016680                PROVIDE (__ram_rodata_start, ABSOLUTE (.))
                0x04016680                . = ALIGN (0x4)
 *(.rodata .rodata.* .gnu.linkonce.r.*)
 .rodata        0x04016680       0x28 obj/hello_ucosii.o
 .rodata.str1.4
                0x040166a8       0x5e c:/altera/11.0sp1/nios2eds/bin/gnu/h-i686-mingw32/bin/../lib/gcc/nios2-elf/4.1.2/../../../../nios2-elf/lib\libc.a(lib_a-vfprintf.o)
                                 0x60 (size before relaxing)
 .rodata        0x04016706       0x20 c:/altera/11.0sp1/nios2eds/bin/gnu/h-i686-mingw32/bin/../lib/gcc/nios2-elf/4.1.2/../../../../nios2-elf/lib\libc.a(lib_a-vfprintf.o)
 *fill*         0x04016726        0x2 00
 .rodata.str1.4
                0x04016728       0x10 c:/altera/11.0sp1/nios2eds/bin/gnu/h-i686-mingw32/bin/../lib/gcc/nios2-elf/4.1.2/../../../../nios2-elf/lib\libc.a(lib_a-dtoa.o)
                                 0x14 (size before relaxing)
 .rodata.str1.4
                0x04016738        0x2 c:/altera/11.0sp1/nios2eds/bin/gnu/h-i686-mingw32/bin/../lib/gcc/nios2-elf/4.1.2/../../../../nios2-elf/lib\libc.a(lib_a-impure.o)
                                  0x4 (size before relaxing)
 *fill*         0x0401673a        0x2 00
 .rodata.str1.4
                0x0401673c       0x10 c:/altera/11.0sp1/nios2eds/bin/gnu/h-i686-mingw32/bin/../lib/gcc/nios2-elf/4.1.2/../../../../nios2-elf/lib\libc.a(lib_a-locale.o)
                                 0x18 (size before relaxing)
 .rodata        0x0401674c       0x30 c:/altera/11.0sp1/nios2eds/bin/gnu/h-i686-mingw32/bin/../lib/gcc/nios2-elf/4.1.2/../../../../nios2-elf/lib\libc.a(lib_a-locale.o)
 .rodata        0x0401677c      0x124 c:/altera/11.0sp1/nios2eds/bin/gnu/h-i686-mingw32/bin/../lib/gcc/nios2-elf/4.1.2/../../../../nios2-elf/lib\libc.a(lib_a-mprec.o)
                0x0401677c                __mprec_tens
                0x04016844                __mprec_bigtens
                0x0401686c                __mprec_tinytens
 .rodata        0x040168a0       0x14 c:/altera/11.0sp1/nios2eds/bin/gnu/h-i686-mingw32/bin/../lib/gcc/nios2-elf/4.1.2\libgcc.a(_thenan_df.o)
                0x040168a0                __thenan_df
 .rodata        0x040168b4      0x100 c:/altera/11.0sp1/nios2eds/bin/gnu/h-i686-mingw32/bin/../lib/gcc/nios2-elf/4.1.2\libgcc.a(_clz.o)
                0x040168b4                __clz_tab
 .rodata        0x040169b4        0xc ../Test_bsp/\libucosii_bsp.a(alt_dev.o)
 .rodata        0x040169c0       0x10 ../Test_bsp/\libucosii_bsp.a(alt_main.o)
 .rodata        0x040169d0      0x14c ../Test_bsp/\libucosii_bsp.a(os_core.o)
                0x040169d0                OSUnMapTbl
 .rodata        0x04016b1c       0x1c ../Test_bsp/\libucosii_bsp.a(alt_sys_init.o)
 .rodata        0x04016b38        0x4 ../Test_bsp/\libucosii_bsp.a(os_cpu_c.o)
 *(.rodata1)
                0x04016b3c                . = ALIGN (0x4)
                0x04016b3c                PROVIDE (__ram_rodata_end, ABSOLUTE (.))
                0x04016680                PROVIDE (__flash_rodata_start, LOADADDR (.rodata))

.rwdata         0x04016b3c     0x1bb0
                0x04016b3c                PROVIDE (__ram_rwdata_start, ABSOLUTE (.))
                0x04016b3c                . = ALIGN (0x4)
 *(.got.plt)
 *(.got)
 *(.data1)
 *(.data .data.* .gnu.linkonce.d.*)
 .data          0x04016b3c        0x0 ../Test_bsp//obj/HAL/src/crt0.o
 .data          0x04016b3c        0x0 obj/hello_ucosii.o
 .data          0x04016b3c        0x0 c:/altera/11.0sp1/nios2eds/bin/gnu/h-i686-mingw32/bin/../lib/gcc/nios2-elf/4.1.2\libgcc.a(lib2-divmod.o)
 .data          0x04016b3c        0x0 c:/altera/11.0sp1/nios2eds/bin/gnu/h-i686-mingw32/bin/../lib/gcc/nios2-elf/4.1.2/../../../../nios2-elf/lib\libc.a(lib_a-printf.o)
 .data          0x04016b3c        0x0 c:/altera/11.0sp1/nios2eds/bin/gnu/h-i686-mingw32/bin/../lib/gcc/nios2-elf/4.1.2/../../../../nios2-elf/lib\libc.a(lib_a-sprintf.o)
 .data          0x04016b3c        0x0 c:/altera/11.0sp1/nios2eds/bin/gnu/h-i686-mingw32/bin/../lib/gcc/nios2-elf/4.1.2/../../../../nios2-elf/lib\libc.a(lib_a-vfprintf.o)
 .data          0x04016b3c        0x0 c:/altera/11.0sp1/nios2eds/bin/gnu/h-i686-mingw32/bin/../lib/gcc/nios2-elf/4.1.2/../../../../nios2-elf/lib\libc.a(lib_a-wsetup.o)
 .data          0x04016b3c        0x0 c:/altera/11.0sp1/nios2eds/bin/gnu/h-i686-mingw32/bin/../lib/gcc/nios2-elf/4.1.2/../../../../nios2-elf/lib\libc.a(lib_a-dtoa.o)
 .data          0x04016b3c        0x0 c:/altera/11.0sp1/nios2eds/bin/gnu/h-i686-mingw32/bin/../lib/gcc/nios2-elf/4.1.2/../../../../nios2-elf/lib\libc.a(lib_a-fflush.o)
 .data          0x04016b3c        0x0 c:/altera/11.0sp1/nios2eds/bin/gnu/h-i686-mingw32/bin/../lib/gcc/nios2-elf/4.1.2/../../../../nios2-elf/lib\libc.a(lib_a-findfp.o)
 .data          0x04016b3c        0x0 c:/altera/11.0sp1/nios2eds/bin/gnu/h-i686-mingw32/bin/../lib/gcc/nios2-elf/4.1.2/../../../../nios2-elf/lib\libc.a(lib_a-freer.o)
 .data          0x04016b3c        0x0 c:/altera/11.0sp1/nios2eds/bin/gnu/h-i686-mingw32/bin/../lib/gcc/nios2-elf/4.1.2/../../../../nios2-elf/lib\libc.a(lib_a-fvwrite.o)
 .data          0x04016b3c        0x0 c:/altera/11.0sp1/nios2eds/bin/gnu/h-i686-mingw32/bin/../lib/gcc/nios2-elf/4.1.2/../../../../nios2-elf/lib\libc.a(lib_a-fwalk.o)
 .data          0x04016b3c      0x400 c:/altera/11.0sp1/nios2eds/bin/gnu/h-i686-mingw32/bin/../lib/gcc/nios2-elf/4.1.2/../../../../nios2-elf/lib\libc.a(lib_a-impure.o)
 .data          0x04016f3c        0xc c:/altera/11.0sp1/nios2eds/bin/gnu/h-i686-mingw32/bin/../lib/gcc/nios2-elf/4.1.2/../../../../nios2-elf/lib\libc.a(lib_a-locale.o)
                0x04016f3c                __lc_ctype
 .data          0x04016f48        0x0 c:/altera/11.0sp1/nios2eds/bin/gnu/h-i686-mingw32/bin/../lib/gcc/nios2-elf/4.1.2/../../../../nios2-elf/lib\libc.a(lib_a-makebuf.o)
 .data          0x04016f48      0x408 c:/altera/11.0sp1/nios2eds/bin/gnu/h-i686-mingw32/bin/../lib/gcc/nios2-elf/4.1.2/../../../../nios2-elf/lib\libc.a(lib_a-mallocr.o)
                0x04016f48                __malloc_av_
 .data          0x04017350        0x0 c:/altera/11.0sp1/nios2eds/bin/gnu/h-i686-mingw32/bin/../lib/gcc/nios2-elf/4.1.2/../../../../nios2-elf/lib\libc.a(lib_a-memchr.o)
 .data          0x04017350        0x0 c:/altera/11.0sp1/nios2eds/bin/gnu/h-i686-mingw32/bin/../lib/gcc/nios2-elf/4.1.2/../../../../nios2-elf/lib\libc.a(lib_a-memcpy.o)
 .data          0x04017350        0x0 c:/altera/11.0sp1/nios2eds/bin/gnu/h-i686-mingw32/bin/../lib/gcc/nios2-elf/4.1.2/../../../../nios2-elf/lib\libc.a(lib_a-memmove.o)
 .data          0x04017350        0x0 c:/altera/11.0sp1/nios2eds/bin/gnu/h-i686-mingw32/bin/../lib/gcc/nios2-elf/4.1.2/../../../../nios2-elf/lib\libc.a(lib_a-memset.o)
 .data          0x04017350        0x0 c:/altera/11.0sp1/nios2eds/bin/gnu/h-i686-mingw32/bin/../lib/gcc/nios2-elf/4.1.2/../../../../nios2-elf/lib\libc.a(lib_a-mprec.o)
 .data          0x04017350        0x0 c:/altera/11.0sp1/nios2eds/bin/gnu/h-i686-mingw32/bin/../lib/gcc/nios2-elf/4.1.2/../../../../nios2-elf/lib\libc.a(lib_a-reallocr.o)
 .data          0x04017350        0x0 c:/altera/11.0sp1/nios2eds/bin/gnu/h-i686-mingw32/bin/../lib/gcc/nios2-elf/4.1.2/../../../../nios2-elf/lib\libc.a(lib_a-s_isinfd.o)
 .data          0x04017350        0x0 c:/altera/11.0sp1/nios2eds/bin/gnu/h-i686-mingw32/bin/../lib/gcc/nios2-elf/4.1.2/../../../../nios2-elf/lib\libc.a(lib_a-s_isnand.o)
 .data          0x04017350        0x0 c:/altera/11.0sp1/nios2eds/bin/gnu/h-i686-mingw32/bin/../lib/gcc/nios2-elf/4.1.2/../../../../nios2-elf/lib\libc.a(lib_a-sbrkr.o)
 .data          0x04017350        0x0 c:/altera/11.0sp1/nios2eds/bin/gnu/h-i686-mingw32/bin/../lib/gcc/nios2-elf/4.1.2/../../../../nios2-elf/lib\libc.a(lib_a-stdio.o)
 .data          0x04017350        0x0 c:/altera/11.0sp1/nios2eds/bin/gnu/h-i686-mingw32/bin/../lib/gcc/nios2-elf/4.1.2/../../../../nios2-elf/lib\libc.a(lib_a-strcmp.o)
 .data          0x04017350        0x0 c:/altera/11.0sp1/nios2eds/bin/gnu/h-i686-mingw32/bin/../lib/gcc/nios2-elf/4.1.2/../../../../nios2-elf/lib\libc.a(lib_a-strlen.o)
 .data          0x04017350        0x0 c:/altera/11.0sp1/nios2eds/bin/gnu/h-i686-mingw32/bin/../lib/gcc/nios2-elf/4.1.2/../../../../nios2-elf/lib\libc.a(lib_a-writer.o)
 .data          0x04017350        0x0 c:/altera/11.0sp1/nios2eds/bin/gnu/h-i686-mingw32/bin/../lib/gcc/nios2-elf/4.1.2/../../../../nios2-elf/lib\libc.a(lib_a-callocr.o)
 .data          0x04017350        0x0 c:/altera/11.0sp1/nios2eds/bin/gnu/h-i686-mingw32/bin/../lib/gcc/nios2-elf/4.1.2/../../../../nios2-elf/lib\libc.a(lib_a-closer.o)
 .data          0x04017350        0x0 c:/altera/11.0sp1/nios2eds/bin/gnu/h-i686-mingw32/bin/../lib/gcc/nios2-elf/4.1.2/../../../../nios2-elf/lib\libc.a(lib_a-fclose.o)
 .data          0x04017350        0x0 c:/altera/11.0sp1/nios2eds/bin/gnu/h-i686-mingw32/bin/../lib/gcc/nios2-elf/4.1.2/../../../../nios2-elf/lib\libc.a(lib_a-fstatr.o)
 .data          0x04017350        0x0 c:/altera/11.0sp1/nios2eds/bin/gnu/h-i686-mingw32/bin/../lib/gcc/nios2-elf/4.1.2/../../../../nios2-elf/lib\libc.a(lib_a-int_errno.o)
 .data          0x04017350        0x0 c:/altera/11.0sp1/nios2eds/bin/gnu/h-i686-mingw32/bin/../lib/gcc/nios2-elf/4.1.2/../../../../nios2-elf/lib\libc.a(lib_a-isattyr.o)
 .data          0x04017350        0x0 c:/altera/11.0sp1/nios2eds/bin/gnu/h-i686-mingw32/bin/../lib/gcc/nios2-elf/4.1.2/../../../../nios2-elf/lib\libc.a(lib_a-lseekr.o)
 .data          0x04017350        0x0 c:/altera/11.0sp1/nios2eds/bin/gnu/h-i686-mingw32/bin/../lib/gcc/nios2-elf/4.1.2/../../../../nios2-elf/lib\libc.a(lib_a-readr.o)
 .data          0x04017350        0x0 c:/altera/11.0sp1/nios2eds/bin/gnu/h-i686-mingw32/bin/../lib/gcc/nios2-elf/4.1.2\libgcc.a(_udivdi3.o)
 .data          0x04017350        0x0 c:/altera/11.0sp1/nios2eds/bin/gnu/h-i686-mingw32/bin/../lib/gcc/nios2-elf/4.1.2\libgcc.a(_umoddi3.o)
 .data          0x04017350        0x0 c:/altera/11.0sp1/nios2eds/bin/gnu/h-i686-mingw32/bin/../lib/gcc/nios2-elf/4.1.2\libgcc.a(_addsub_df.o)
 .data          0x04017350        0x0 c:/altera/11.0sp1/nios2eds/bin/gnu/h-i686-mingw32/bin/../lib/gcc/nios2-elf/4.1.2\libgcc.a(_mul_df.o)
 .data          0x04017350        0x0 c:/altera/11.0sp1/nios2eds/bin/gnu/h-i686-mingw32/bin/../lib/gcc/nios2-elf/4.1.2\libgcc.a(_div_df.o)
 .data          0x04017350        0x0 c:/altera/11.0sp1/nios2eds/bin/gnu/h-i686-mingw32/bin/../lib/gcc/nios2-elf/4.1.2\libgcc.a(_eq_df.o)
 .data          0x04017350        0x0 c:/altera/11.0sp1/nios2eds/bin/gnu/h-i686-mingw32/bin/../lib/gcc/nios2-elf/4.1.2\libgcc.a(_ne_df.o)
 .data          0x04017350        0x0 c:/altera/11.0sp1/nios2eds/bin/gnu/h-i686-mingw32/bin/../lib/gcc/nios2-elf/4.1.2\libgcc.a(_gt_df.o)
 .data          0x04017350        0x0 c:/altera/11.0sp1/nios2eds/bin/gnu/h-i686-mingw32/bin/../lib/gcc/nios2-elf/4.1.2\libgcc.a(_ge_df.o)
 .data          0x04017350        0x0 c:/altera/11.0sp1/nios2eds/bin/gnu/h-i686-mingw32/bin/../lib/gcc/nios2-elf/4.1.2\libgcc.a(_lt_df.o)
 .data          0x04017350        0x0 c:/altera/11.0sp1/nios2eds/bin/gnu/h-i686-mingw32/bin/../lib/gcc/nios2-elf/4.1.2\libgcc.a(_si_to_df.o)
 .data          0x04017350        0x0 c:/altera/11.0sp1/nios2eds/bin/gnu/h-i686-mingw32/bin/../lib/gcc/nios2-elf/4.1.2\libgcc.a(_df_to_si.o)
 .data          0x04017350        0x0 c:/altera/11.0sp1/nios2eds/bin/gnu/h-i686-mingw32/bin/../lib/gcc/nios2-elf/4.1.2\libgcc.a(_thenan_df.o)
 .data          0x04017350        0x0 c:/altera/11.0sp1/nios2eds/bin/gnu/h-i686-mingw32/bin/../lib/gcc/nios2-elf/4.1.2\libgcc.a(_usi_to_df.o)
 .data          0x04017350        0x0 c:/altera/11.0sp1/nios2eds/bin/gnu/h-i686-mingw32/bin/../lib/gcc/nios2-elf/4.1.2\libgcc.a(_muldi3.o)
 .data          0x04017350        0x0 c:/altera/11.0sp1/nios2eds/bin/gnu/h-i686-mingw32/bin/../lib/gcc/nios2-elf/4.1.2\libgcc.a(_clz.o)
 .data          0x04017350        0x0 c:/altera/11.0sp1/nios2eds/bin/gnu/h-i686-mingw32/bin/../lib/gcc/nios2-elf/4.1.2\libgcc.a(_clzsi2.o)
 .data          0x04017350        0x0 c:/altera/11.0sp1/nios2eds/bin/gnu/h-i686-mingw32/bin/../lib/gcc/nios2-elf/4.1.2\libgcc.a(_pack_df.o)
 .data          0x04017350        0x0 c:/altera/11.0sp1/nios2eds/bin/gnu/h-i686-mingw32/bin/../lib/gcc/nios2-elf/4.1.2\libgcc.a(_unpack_df.o)
 .data          0x04017350        0x0 c:/altera/11.0sp1/nios2eds/bin/gnu/h-i686-mingw32/bin/../lib/gcc/nios2-elf/4.1.2\libgcc.a(_fpcmp_parts_df.o)
 .data          0x04017350        0x0 ../Test_bsp/\libucosii_bsp.a(alt_close.o)
 .data          0x04017350      0x1a8 ../Test_bsp/\libucosii_bsp.a(alt_dev.o)
                0x04017350                alt_dev_null
                0x04017378                alt_fd_list
 .data          0x040174f8        0x0 ../Test_bsp/\libucosii_bsp.a(alt_errno.o)
 .data          0x040174f8        0x0 ../Test_bsp/\libucosii_bsp.a(alt_fstat.o)
 .data          0x040174f8        0x0 ../Test_bsp/\libucosii_bsp.a(alt_isatty.o)
 .data          0x040174f8        0x0 ../Test_bsp/\libucosii_bsp.a(alt_lseek.o)
 .data          0x040174f8        0x0 ../Test_bsp/\libucosii_bsp.a(alt_main.o)
 .data          0x040174f8        0x0 ../Test_bsp/\libucosii_bsp.a(alt_read.o)
 .data          0x040174f8        0x0 ../Test_bsp/\libucosii_bsp.a(alt_release_fd.o)
 .data          0x040174f8        0x0 ../Test_bsp/\libucosii_bsp.a(alt_sbrk.o)
 .data          0x040174f8        0x0 ../Test_bsp/\libucosii_bsp.a(alt_write.o)
 .data          0x040174f8        0x0 ../Test_bsp/\libucosii_bsp.a(alt_env_lock.o)
 .data          0x040174f8        0x0 ../Test_bsp/\libucosii_bsp.a(alt_malloc_lock.o)
 .data          0x040174f8        0x0 ../Test_bsp/\libucosii_bsp.a(os_core.o)
 .data          0x040174f8        0x0 ../Test_bsp/\libucosii_bsp.a(os_dbg.o)
 .data          0x040174f8        0x0 ../Test_bsp/\libucosii_bsp.a(os_flag.o)
 .data          0x040174f8        0x0 ../Test_bsp/\libucosii_bsp.a(os_mem.o)
 .data          0x040174f8        0x0 ../Test_bsp/\libucosii_bsp.a(os_q.o)
 .data          0x040174f8        0x0 ../Test_bsp/\libucosii_bsp.a(os_sem.o)
 .data          0x040174f8        0x0 ../Test_bsp/\libucosii_bsp.a(os_task.o)
 .data          0x040174f8        0x0 ../Test_bsp/\libucosii_bsp.a(os_time.o)
 .data          0x040174f8     0x1130 ../Test_bsp/\libucosii_bsp.a(alt_sys_init.o)
 .data          0x04018628        0x0 ../Test_bsp/\libucosii_bsp.a(altera_avalon_epcs_flash_controller.o)
 .data          0x04018628        0x0 ../Test_bsp/\libucosii_bsp.a(altera_avalon_jtag_uart_fd.o)
 .data          0x04018628        0x0 ../Test_bsp/\libucosii_bsp.a(altera_avalon_jtag_uart_init.o)
 .data          0x04018628        0x0 ../Test_bsp/\libucosii_bsp.a(altera_avalon_jtag_uart_ioctl.o)
 .data          0x04018628        0x0 ../Test_bsp/\libucosii_bsp.a(altera_avalon_jtag_uart_read.o)
 .data          0x04018628        0x0 ../Test_bsp/\libucosii_bsp.a(altera_avalon_jtag_uart_write.o)
 .data          0x04018628        0x0 ../Test_bsp/\libucosii_bsp.a(altera_avalon_timer_sc.o)
 .data          0x04018628        0x0 ../Test_bsp/\libucosii_bsp.a(epcs_commands.o)
 .data          0x04018628        0x0 ../Test_bsp/\libucosii_bsp.a(alt_alarm_start.o)
 .data          0x04018628        0x0 ../Test_bsp/\libucosii_bsp.a(alt_dev_llist_insert.o)
 .data          0x04018628        0x0 ../Test_bsp/\libucosii_bsp.a(alt_do_ctors.o)
 .data          0x04018628        0x0 ../Test_bsp/\libucosii_bsp.a(alt_do_dtors.o)
 .data          0x04018628        0x0 ../Test_bsp/\libucosii_bsp.a(alt_flash_dev.o)
 .data          0x04018628        0x0 ../Test_bsp/\libucosii_bsp.a(alt_iic.o)
 .data          0x04018628        0x0 ../Test_bsp/\libucosii_bsp.a(alt_iic_isr_register.o)
 .data          0x04018628        0x0 ../Test_bsp/\libucosii_bsp.a(alt_io_redirect.o)
 .data          0x04018628        0x0 ../Test_bsp/\libucosii_bsp.a(alt_irq_entry.o)
 .data          0x04018628        0x0 ../Test_bsp/\libucosii_bsp.a(alt_irq_handler.o)
 .data          0x04018628        0x0 ../Test_bsp/\libucosii_bsp.a(alt_irq_vars.o)
 .data          0x04018628        0x0 ../Test_bsp/\libucosii_bsp.a(alt_open.o)
 .data          0x04018628        0x0 ../Test_bsp/\libucosii_bsp.a(alt_tick.o)
 .data          0x04018628        0x0 ../Test_bsp/\libucosii_bsp.a(altera_nios2_irq.o)
 .data          0x04018628        0x0 ../Test_bsp/\libucosii_bsp.a(os_cpu_a.o)
 .data          0x04018628        0x0 ../Test_bsp/\libucosii_bsp.a(os_cpu_c.o)
 .data          0x04018628        0x0 ../Test_bsp/\libucosii_bsp.a(altera_avalon_spi.o)
 .data          0x04018628        0x0 ../Test_bsp/\libucosii_bsp.a(alt_exception_entry.o)
 .data          0x04018628        0x0 ../Test_bsp/\libucosii_bsp.a(alt_find_dev.o)
 .data          0x04018628        0x0 ../Test_bsp/\libucosii_bsp.a(alt_find_file.o)
 .data          0x04018628        0x0 ../Test_bsp/\libucosii_bsp.a(alt_get_fd.o)
 .data          0x04018628        0x0 c:/altera/11.0sp1/nios2eds/bin/gnu/h-i686-mingw32/bin/../lib/gcc/nios2-elf/4.1.2/../../../../nios2-elf/lib\libc.a(lib_a-atexit.o)
 .data          0x04018628        0x0 c:/altera/11.0sp1/nios2eds/bin/gnu/h-i686-mingw32/bin/../lib/gcc/nios2-elf/4.1.2/../../../../nios2-elf/lib\libc.a(lib_a-exit.o)
 .data          0x04018628        0x0 c:/altera/11.0sp1/nios2eds/bin/gnu/h-i686-mingw32/bin/../lib/gcc/nios2-elf/4.1.2/../../../../nios2-elf/lib\libc.a(lib_a-memcmp.o)
 .data          0x04018628        0x0 c:/altera/11.0sp1/nios2eds/bin/gnu/h-i686-mingw32/bin/../lib/gcc/nios2-elf/4.1.2/../../../../nios2-elf/lib\libc.a(lib_a-__atexit.o)
 .data          0x04018628        0x0 c:/altera/11.0sp1/nios2eds/bin/gnu/h-i686-mingw32/bin/../lib/gcc/nios2-elf/4.1.2/../../../../nios2-elf/lib\libc.a(lib_a-__call_atexit.o)
 .data          0x04018628        0x0 ../Test_bsp/\libucosii_bsp.a(alt_exit.o)
                0x04020628                _gp = ABSOLUTE ((. + 0x8000))
                0x04020628                PROVIDE (gp, _gp)
 *(.rwdata .rwdata.*)
 *(.sdata .sdata.* .gnu.linkonce.s.*)
 .sdata         0x04018628        0x8 c:/altera/11.0sp1/nios2eds/bin/gnu/h-i686-mingw32/bin/../lib/gcc/nios2-elf/4.1.2/../../../../nios2-elf/lib\libc.a(lib_a-impure.o)
                0x04018628                _impure_ptr
                0x0401862c                _global_impure_ptr
 .sdata         0x04018630        0x8 c:/altera/11.0sp1/nios2eds/bin/gnu/h-i686-mingw32/bin/../lib/gcc/nios2-elf/4.1.2/../../../../nios2-elf/lib\libc.a(lib_a-locale.o)
                0x04018630                __mb_cur_max
 .sdata         0x04018638        0x8 c:/altera/11.0sp1/nios2eds/bin/gnu/h-i686-mingw32/bin/../lib/gcc/nios2-elf/4.1.2/../../../../nios2-elf/lib\libc.a(lib_a-mallocr.o)
                0x04018638                __malloc_trim_threshold
                0x0401863c                __malloc_sbrk_base
 .sdata         0x04018640       0x14 ../Test_bsp/\libucosii_bsp.a(alt_dev.o)
                0x04018640                alt_fs_list
                0x04018648                alt_dev_list
                0x04018650                alt_max_fd
 .sdata         0x04018654        0x4 ../Test_bsp/\libucosii_bsp.a(alt_errno.o)
                0x04018654                alt_errno
 .sdata         0x04018658        0x4 ../Test_bsp/\libucosii_bsp.a(alt_sbrk.o)
 .sdata         0x0401865c        0x4 ../Test_bsp/\libucosii_bsp.a(alt_env_lock.o)
 .sdata         0x04018660        0x4 ../Test_bsp/\libucosii_bsp.a(alt_malloc_lock.o)
 .sdata         0x04018664       0x74 ../Test_bsp/\libucosii_bsp.a(os_dbg.o)
                0x04018664                OSDebugEn
                0x04018668                OSEndiannessTest
                0x0401866c                OSEventEn
                0x0401866e                OSEventMax
                0x04018670                OSEventNameSize
                0x04018672                OSEventSize
                0x04018674                OSEventTblSize
                0x04018676                OSEventMultiEn
                0x04018678                OSFlagEn
                0x0401867a                OSFlagGrpSize
                0x0401867c                OSFlagNodeSize
                0x0401867e                OSFlagWidth
                0x04018680                OSFlagMax
                0x04018682                OSFlagNameSize
                0x04018684                OSLowestPrio
                0x04018686                OSMboxEn
                0x04018688                OSMemEn
                0x0401868a                OSMemMax
                0x0401868c                OSMemNameSize
                0x0401868e                OSMemSize
                0x04018690                OSMemTblSize
                0x04018692                OSMutexEn
                0x04018694                OSPtrSize
                0x04018696                OSQEn
                0x04018698                OSQMax
                0x0401869a                OSQSize
                0x0401869c                OSRdyTblSize
                0x0401869e                OSSemEn
                0x040186a0                OSStkWidth
                0x040186a2                OSTaskCreateEn
                0x040186a4                OSTaskCreateExtEn
                0x040186a6                OSTaskDelEn
                0x040186a8                OSTaskIdleStkSize
                0x040186aa                OSTaskProfileEn
                0x040186ac                OSTaskMax
                0x040186ae                OSTaskNameSize
                0x040186b0                OSTaskStatEn
                0x040186b2                OSTaskStatStkSize
                0x040186b4                OSTaskStatStkChkEn
                0x040186b6                OSTaskSwHookEn
                0x040186b8                OSTCBPrioTblMax
                0x040186ba                OSTCBSize
                0x040186bc                OSTicksPerSec
                0x040186be                OSTimeTickHookEn
                0x040186c0                OSVersionNbr
                0x040186c2                OSTmrEn
                0x040186c4                OSTmrCfgMax
                0x040186c6                OSTmrCfgNameSize
                0x040186c8                OSTmrCfgWheelSize
                0x040186ca                OSTmrCfgTicksPerSec
                0x040186cc                OSTmrSize
                0x040186ce                OSTmrTblSize
                0x040186d0                OSTmrWheelSize
                0x040186d2                OSTmrWheelTblSize
                0x040186d4                OSDataSize
 .sdata         0x040186d8        0x8 ../Test_bsp/\libucosii_bsp.a(alt_flash_dev.o)
                0x040186d8                alt_flash_dev_list
 .sdata         0x040186e0        0x4 ../Test_bsp/\libucosii_bsp.a(alt_irq_vars.o)
                0x040186e0                alt_priority_mask
 .sdata         0x040186e4        0x8 ../Test_bsp/\libucosii_bsp.a(alt_tick.o)
                0x040186e4                alt_alarm_list
 *(.sdata2 .sdata2.* .gnu.linkonce.s2.*)
                0x040186ec                . = ALIGN (0x4)
                0x040186ec                _edata = ABSOLUTE (.)
                0x040186ec                PROVIDE (edata, ABSOLUTE (.))
                0x040186ec                PROVIDE (__ram_rwdata_end, ABSOLUTE (.))
                0x04016b3c                PROVIDE (__flash_rwdata_start, LOADADDR (.rwdata))

.bss            0x040186ec     0xa0c0
                0x040186ec                __bss_start = ABSOLUTE (.)
                0x040186ec                PROVIDE (__sbss_start, ABSOLUTE (.))
                0x040186ec                PROVIDE (___sbss_start, ABSOLUTE (.))
 *(.dynsbss)
 *(.sbss .sbss.* .gnu.linkonce.sb.*)
 .sbss          0x040186ec        0x8 obj/hello_ucosii.o
                0x040186ec                CtxSwMsgCursor
 .sbss          0x040186f4        0x4 obj/hello_ucosii.o
                0x040186f4                MsgQueue
 .sbss          0x040186f8        0xc c:/altera/11.0sp1/nios2eds/bin/gnu/h-i686-mingw32/bin/../lib/gcc/nios2-elf/4.1.2/../../../../nios2-elf/lib\libc.a(lib_a-locale.o)
                0x040186f8                __nlocale_changed
                0x040186fc                __mlocale_changed
                0x04018700                _PathLocale
 .sbss          0x04018704        0xc c:/altera/11.0sp1/nios2eds/bin/gnu/h-i686-mingw32/bin/../lib/gcc/nios2-elf/4.1.2/../../../../nios2-elf/lib\libc.a(lib_a-mallocr.o)
                0x04018704                __malloc_top_pad
                0x04018708                __malloc_max_sbrked_mem
                0x0401870c                __malloc_max_total_mem
 .sbss          0x04018710        0x4 c:/altera/11.0sp1/nios2eds/bin/gnu/h-i686-mingw32/bin/../lib/gcc/nios2-elf/4.1.2/../../../../nios2-elf/lib\libc.a(lib_a-int_errno.o)
                0x04018710                errno
 .sbss          0x04018714        0x4 ../Test_bsp/\libucosii_bsp.a(alt_dev.o)
                0x04018714                alt_fd_list_lock
 .sbss          0x04018718        0xc ../Test_bsp/\libucosii_bsp.a(alt_main.o)
                0x04018718                alt_argc
                0x0401871c                alt_argv
                0x04018720                alt_envp
 .sbss          0x04018724        0x8 ../Test_bsp/\libucosii_bsp.a(alt_env_lock.o)
                0x04018728                alt_envsem
 .sbss          0x0401872c        0x8 ../Test_bsp/\libucosii_bsp.a(alt_malloc_lock.o)
                0x04018730                alt_heapsem
 .sbss          0x04018734       0x50 ../Test_bsp/\libucosii_bsp.a(os_core.o)
                0x04018734                OSLockNesting
                0x04018735                OSRunning
                0x04018738                OSIdleCtr
                0x0401873c                OSPrioHighRdy
                0x0401873d                OSPrioCur
                0x04018740                OSTCBList
                0x04018744                OSTickStepState
                0x04018748                OSCtxSwCtr
                0x0401874c                OSIdleCtrMax
                0x04018750                OSTCBFreeList
                0x04018754                OSCPUUsage
                0x04018755                OSTaskCtr
                0x04018758                OSMemFreeList
                0x0401875c                OSTCBHighRdy
                0x04018760                OSQFreeList
                0x04018764                OSRdyGrp
                0x04018765                OSRdyTbl
                0x04018768                OSEventFreeList
                0x0401876c                OSIntNesting
                0x04018770                OSTCBCur
                0x04018774                OSTime
                0x04018778                OSFlagFreeList
                0x0401877c                OSStatRdy
                0x04018780                OSIdleCtrRun
 .sbss          0x04018784        0x4 ../Test_bsp/\libucosii_bsp.a(alt_irq_vars.o)
                0x04018784                alt_irq_active
 .sbss          0x04018788        0x8 ../Test_bsp/\libucosii_bsp.a(alt_tick.o)
                0x04018788                _alt_tick_rate
                0x0401878c                _alt_nticks
 *(.sbss2 .sbss2.* .gnu.linkonce.sb2.*)
 *(.scommon)
                0x04018790                PROVIDE (__sbss_end, ABSOLUTE (.))
                0x04018790                PROVIDE (___sbss_end, ABSOLUTE (.))
 *(.dynbss)
 *(.bss .bss.* .gnu.linkonce.b.*)
 .bss           0x04018790        0x0 ../Test_bsp//obj/HAL/src/crt0.o
 .bss           0x04018790        0x0 obj/hello_ucosii.o
 .bss           0x04018790        0x0 c:/altera/11.0sp1/nios2eds/bin/gnu/h-i686-mingw32/bin/../lib/gcc/nios2-elf/4.1.2\libgcc.a(lib2-divmod.o)
 .bss           0x04018790        0x0 c:/altera/11.0sp1/nios2eds/bin/gnu/h-i686-mingw32/bin/../lib/gcc/nios2-elf/4.1.2/../../../../nios2-elf/lib\libc.a(lib_a-printf.o)
 .bss           0x04018790        0x0 c:/altera/11.0sp1/nios2eds/bin/gnu/h-i686-mingw32/bin/../lib/gcc/nios2-elf/4.1.2/../../../../nios2-elf/lib\libc.a(lib_a-sprintf.o)
 .bss           0x04018790        0x0 c:/altera/11.0sp1/nios2eds/bin/gnu/h-i686-mingw32/bin/../lib/gcc/nios2-elf/4.1.2/../../../../nios2-elf/lib\libc.a(lib_a-vfprintf.o)
 .bss           0x04018790        0x0 c:/altera/11.0sp1/nios2eds/bin/gnu/h-i686-mingw32/bin/../lib/gcc/nios2-elf/4.1.2/../../../../nios2-elf/lib\libc.a(lib_a-wsetup.o)
 .bss           0x04018790        0x0 c:/altera/11.0sp1/nios2eds/bin/gnu/h-i686-mingw32/bin/../lib/gcc/nios2-elf/4.1.2/../../../../nios2-elf/lib\libc.a(lib_a-dtoa.o)
 .bss           0x04018790        0x0 c:/altera/11.0sp1/nios2eds/bin/gnu/h-i686-mingw32/bin/../lib/gcc/nios2-elf/4.1.2/../../../../nios2-elf/lib\libc.a(lib_a-fflush.o)
 .bss           0x04018790        0x0 c:/altera/11.0sp1/nios2eds/bin/gnu/h-i686-mingw32/bin/../lib/gcc/nios2-elf/4.1.2/../../../../nios2-elf/lib\libc.a(lib_a-findfp.o)
 .bss           0x04018790        0x0 c:/altera/11.0sp1/nios2eds/bin/gnu/h-i686-mingw32/bin/../lib/gcc/nios2-elf/4.1.2/../../../../nios2-elf/lib\libc.a(lib_a-freer.o)
 .bss           0x04018790        0x0 c:/altera/11.0sp1/nios2eds/bin/gnu/h-i686-mingw32/bin/../lib/gcc/nios2-elf/4.1.2/../../../../nios2-elf/lib\libc.a(lib_a-fvwrite.o)
 .bss           0x04018790        0x0 c:/altera/11.0sp1/nios2eds/bin/gnu/h-i686-mingw32/bin/../lib/gcc/nios2-elf/4.1.2/../../../../nios2-elf/lib\libc.a(lib_a-fwalk.o)
 .bss           0x04018790        0x0 c:/altera/11.0sp1/nios2eds/bin/gnu/h-i686-mingw32/bin/../lib/gcc/nios2-elf/4.1.2/../../../../nios2-elf/lib\libc.a(lib_a-impure.o)
 .bss           0x04018790        0x0 c:/altera/11.0sp1/nios2eds/bin/gnu/h-i686-mingw32/bin/../lib/gcc/nios2-elf/4.1.2/../../../../nios2-elf/lib\libc.a(lib_a-locale.o)
 .bss           0x04018790        0x0 c:/altera/11.0sp1/nios2eds/bin/gnu/h-i686-mingw32/bin/../lib/gcc/nios2-elf/4.1.2/../../../../nios2-elf/lib\libc.a(lib_a-makebuf.o)
 .bss           0x04018790       0x28 c:/altera/11.0sp1/nios2eds/bin/gnu/h-i686-mingw32/bin/../lib/gcc/nios2-elf/4.1.2/../../../../nios2-elf/lib\libc.a(lib_a-mallocr.o)
                0x04018790                __malloc_current_mallinfo
 .bss           0x040187b8        0x0 c:/altera/11.0sp1/nios2eds/bin/gnu/h-i686-mingw32/bin/../lib/gcc/nios2-elf/4.1.2/../../../../nios2-elf/lib\libc.a(lib_a-memchr.o)
 .bss           0x040187b8        0x0 c:/altera/11.0sp1/nios2eds/bin/gnu/h-i686-mingw32/bin/../lib/gcc/nios2-elf/4.1.2/../../../../nios2-elf/lib\libc.a(lib_a-memcpy.o)
 .bss           0x040187b8        0x0 c:/altera/11.0sp1/nios2eds/bin/gnu/h-i686-mingw32/bin/../lib/gcc/nios2-elf/4.1.2/../../../../nios2-elf/lib\libc.a(lib_a-memmove.o)
 .bss           0x040187b8        0x0 c:/altera/11.0sp1/nios2eds/bin/gnu/h-i686-mingw32/bin/../lib/gcc/nios2-elf/4.1.2/../../../../nios2-elf/lib\libc.a(lib_a-memset.o)
 .bss           0x040187b8        0x0 c:/altera/11.0sp1/nios2eds/bin/gnu/h-i686-mingw32/bin/../lib/gcc/nios2-elf/4.1.2/../../../../nios2-elf/lib\libc.a(lib_a-mprec.o)
 .bss           0x040187b8        0x0 c:/altera/11.0sp1/nios2eds/bin/gnu/h-i686-mingw32/bin/../lib/gcc/nios2-elf/4.1.2/../../../../nios2-elf/lib\libc.a(lib_a-reallocr.o)
 .bss           0x040187b8        0x0 c:/altera/11.0sp1/nios2eds/bin/gnu/h-i686-mingw32/bin/../lib/gcc/nios2-elf/4.1.2/../../../../nios2-elf/lib\libc.a(lib_a-s_isinfd.o)
 .bss           0x040187b8        0x0 c:/altera/11.0sp1/nios2eds/bin/gnu/h-i686-mingw32/bin/../lib/gcc/nios2-elf/4.1.2/../../../../nios2-elf/lib\libc.a(lib_a-s_isnand.o)
 .bss           0x040187b8        0x0 c:/altera/11.0sp1/nios2eds/bin/gnu/h-i686-mingw32/bin/../lib/gcc/nios2-elf/4.1.2/../../../../nios2-elf/lib\libc.a(lib_a-sbrkr.o)
 .bss           0x040187b8        0x0 c:/altera/11.0sp1/nios2eds/bin/gnu/h-i686-mingw32/bin/../lib/gcc/nios2-elf/4.1.2/../../../../nios2-elf/lib\libc.a(lib_a-stdio.o)
 .bss           0x040187b8        0x0 c:/altera/11.0sp1/nios2eds/bin/gnu/h-i686-mingw32/bin/../lib/gcc/nios2-elf/4.1.2/../../../../nios2-elf/lib\libc.a(lib_a-strcmp.o)
 .bss           0x040187b8        0x0 c:/altera/11.0sp1/nios2eds/bin/gnu/h-i686-mingw32/bin/../lib/gcc/nios2-elf/4.1.2/../../../../nios2-elf/lib\libc.a(lib_a-strlen.o)
 .bss           0x040187b8        0x0 c:/altera/11.0sp1/nios2eds/bin/gnu/h-i686-mingw32/bin/../lib/gcc/nios2-elf/4.1.2/../../../../nios2-elf/lib\libc.a(lib_a-writer.o)
 .bss           0x040187b8        0x0 c:/altera/11.0sp1/nios2eds/bin/gnu/h-i686-mingw32/bin/../lib/gcc/nios2-elf/4.1.2/../../../../nios2-elf/lib\libc.a(lib_a-callocr.o)
 .bss           0x040187b8        0x0 c:/altera/11.0sp1/nios2eds/bin/gnu/h-i686-mingw32/bin/../lib/gcc/nios2-elf/4.1.2/../../../../nios2-elf/lib\libc.a(lib_a-closer.o)
 .bss           0x040187b8        0x0 c:/altera/11.0sp1/nios2eds/bin/gnu/h-i686-mingw32/bin/../lib/gcc/nios2-elf/4.1.2/../../../../nios2-elf/lib\libc.a(lib_a-fclose.o)
 .bss           0x040187b8        0x0 c:/altera/11.0sp1/nios2eds/bin/gnu/h-i686-mingw32/bin/../lib/gcc/nios2-elf/4.1.2/../../../../nios2-elf/lib\libc.a(lib_a-fstatr.o)
 .bss           0x040187b8        0x0 c:/altera/11.0sp1/nios2eds/bin/gnu/h-i686-mingw32/bin/../lib/gcc/nios2-elf/4.1.2/../../../../nios2-elf/lib\libc.a(lib_a-int_errno.o)
 .bss           0x040187b8        0x0 c:/altera/11.0sp1/nios2eds/bin/gnu/h-i686-mingw32/bin/../lib/gcc/nios2-elf/4.1.2/../../../../nios2-elf/lib\libc.a(lib_a-isattyr.o)
 .bss           0x040187b8        0x0 c:/altera/11.0sp1/nios2eds/bin/gnu/h-i686-mingw32/bin/../lib/gcc/nios2-elf/4.1.2/../../../../nios2-elf/lib\libc.a(lib_a-lseekr.o)
 .bss           0x040187b8        0x0 c:/altera/11.0sp1/nios2eds/bin/gnu/h-i686-mingw32/bin/../lib/gcc/nios2-elf/4.1.2/../../../../nios2-elf/lib\libc.a(lib_a-readr.o)
 .bss           0x040187b8        0x0 c:/altera/11.0sp1/nios2eds/bin/gnu/h-i686-mingw32/bin/../lib/gcc/nios2-elf/4.1.2\libgcc.a(_udivdi3.o)
 .bss           0x040187b8        0x0 c:/altera/11.0sp1/nios2eds/bin/gnu/h-i686-mingw32/bin/../lib/gcc/nios2-elf/4.1.2\libgcc.a(_umoddi3.o)
 .bss           0x040187b8        0x0 c:/altera/11.0sp1/nios2eds/bin/gnu/h-i686-mingw32/bin/../lib/gcc/nios2-elf/4.1.2\libgcc.a(_addsub_df.o)
 .bss           0x040187b8        0x0 c:/altera/11.0sp1/nios2eds/bin/gnu/h-i686-mingw32/bin/../lib/gcc/nios2-elf/4.1.2\libgcc.a(_mul_df.o)
 .bss           0x040187b8        0x0 c:/altera/11.0sp1/nios2eds/bin/gnu/h-i686-mingw32/bin/../lib/gcc/nios2-elf/4.1.2\libgcc.a(_div_df.o)
 .bss           0x040187b8        0x0 c:/altera/11.0sp1/nios2eds/bin/gnu/h-i686-mingw32/bin/../lib/gcc/nios2-elf/4.1.2\libgcc.a(_eq_df.o)
 .bss           0x040187b8        0x0 c:/altera/11.0sp1/nios2eds/bin/gnu/h-i686-mingw32/bin/../lib/gcc/nios2-elf/4.1.2\libgcc.a(_ne_df.o)
 .bss           0x040187b8        0x0 c:/altera/11.0sp1/nios2eds/bin/gnu/h-i686-mingw32/bin/../lib/gcc/nios2-elf/4.1.2\libgcc.a(_gt_df.o)
 .bss           0x040187b8        0x0 c:/altera/11.0sp1/nios2eds/bin/gnu/h-i686-mingw32/bin/../lib/gcc/nios2-elf/4.1.2\libgcc.a(_ge_df.o)
 .bss           0x040187b8        0x0 c:/altera/11.0sp1/nios2eds/bin/gnu/h-i686-mingw32/bin/../lib/gcc/nios2-elf/4.1.2\libgcc.a(_lt_df.o)
 .bss           0x040187b8        0x0 c:/altera/11.0sp1/nios2eds/bin/gnu/h-i686-mingw32/bin/../lib/gcc/nios2-elf/4.1.2\libgcc.a(_si_to_df.o)
 .bss           0x040187b8        0x0 c:/altera/11.0sp1/nios2eds/bin/gnu/h-i686-mingw32/bin/../lib/gcc/nios2-elf/4.1.2\libgcc.a(_df_to_si.o)
 .bss           0x040187b8        0x0 c:/altera/11.0sp1/nios2eds/bin/gnu/h-i686-mingw32/bin/../lib/gcc/nios2-elf/4.1.2\libgcc.a(_thenan_df.o)
 .bss           0x040187b8        0x0 c:/altera/11.0sp1/nios2eds/bin/gnu/h-i686-mingw32/bin/../lib/gcc/nios2-elf/4.1.2\libgcc.a(_usi_to_df.o)
 .bss           0x040187b8        0x0 c:/altera/11.0sp1/nios2eds/bin/gnu/h-i686-mingw32/bin/../lib/gcc/nios2-elf/4.1.2\libgcc.a(_muldi3.o)
 .bss           0x040187b8        0x0 c:/altera/11.0sp1/nios2eds/bin/gnu/h-i686-mingw32/bin/../lib/gcc/nios2-elf/4.1.2\libgcc.a(_clz.o)
 .bss           0x040187b8        0x0 c:/altera/11.0sp1/nios2eds/bin/gnu/h-i686-mingw32/bin/../lib/gcc/nios2-elf/4.1.2\libgcc.a(_clzsi2.o)
 .bss           0x040187b8        0x0 c:/altera/11.0sp1/nios2eds/bin/gnu/h-i686-mingw32/bin/../lib/gcc/nios2-elf/4.1.2\libgcc.a(_pack_df.o)
 .bss           0x040187b8        0x0 c:/altera/11.0sp1/nios2eds/bin/gnu/h-i686-mingw32/bin/../lib/gcc/nios2-elf/4.1.2\libgcc.a(_unpack_df.o)
 .bss           0x040187b8        0x0 c:/altera/11.0sp1/nios2eds/bin/gnu/h-i686-mingw32/bin/../lib/gcc/nios2-elf/4.1.2\libgcc.a(_fpcmp_parts_df.o)
 .bss           0x040187b8        0x0 ../Test_bsp/\libucosii_bsp.a(alt_close.o)
 .bss           0x040187b8        0x0 ../Test_bsp/\libucosii_bsp.a(alt_dev.o)
 .bss           0x040187b8        0x0 ../Test_bsp/\libucosii_bsp.a(alt_errno.o)
 .bss           0x040187b8        0x0 ../Test_bsp/\libucosii_bsp.a(alt_fstat.o)
 .bss           0x040187b8        0x0 ../Test_bsp/\libucosii_bsp.a(alt_isatty.o)
 .bss           0x040187b8        0x0 ../Test_bsp/\libucosii_bsp.a(alt_lseek.o)
 .bss           0x040187b8        0x0 ../Test_bsp/\libucosii_bsp.a(alt_main.o)
 .bss           0x040187b8        0x0 ../Test_bsp/\libucosii_bsp.a(alt_read.o)
 .bss           0x040187b8        0x0 ../Test_bsp/\libucosii_bsp.a(alt_release_fd.o)
 .bss           0x040187b8        0x0 ../Test_bsp/\libucosii_bsp.a(alt_sbrk.o)
 .bss           0x040187b8        0x0 ../Test_bsp/\libucosii_bsp.a(alt_write.o)
 .bss           0x040187b8        0x0 ../Test_bsp/\libucosii_bsp.a(alt_env_lock.o)
 .bss           0x040187b8        0x0 ../Test_bsp/\libucosii_bsp.a(alt_malloc_lock.o)
 .bss           0x040187b8        0x0 ../Test_bsp/\libucosii_bsp.a(os_core.o)
 .bss           0x040187b8        0x0 ../Test_bsp/\libucosii_bsp.a(os_dbg.o)
 .bss           0x040187b8        0x0 ../Test_bsp/\libucosii_bsp.a(os_flag.o)
 .bss           0x040187b8        0x0 ../Test_bsp/\libucosii_bsp.a(os_mem.o)
 .bss           0x040187b8        0x0 ../Test_bsp/\libucosii_bsp.a(os_q.o)
 .bss           0x040187b8        0x0 ../Test_bsp/\libucosii_bsp.a(os_sem.o)
 .bss           0x040187b8        0x0 ../Test_bsp/\libucosii_bsp.a(os_task.o)
 .bss           0x040187b8        0x0 ../Test_bsp/\libucosii_bsp.a(os_time.o)
 .bss           0x040187b8        0x0 ../Test_bsp/\libucosii_bsp.a(alt_sys_init.o)
 .bss           0x040187b8        0x0 ../Test_bsp/\libucosii_bsp.a(altera_avalon_epcs_flash_controller.o)
 .bss           0x040187b8        0x0 ../Test_bsp/\libucosii_bsp.a(altera_avalon_jtag_uart_fd.o)
 .bss           0x040187b8        0x0 ../Test_bsp/\libucosii_bsp.a(altera_avalon_jtag_uart_init.o)
 .bss           0x040187b8        0x0 ../Test_bsp/\libucosii_bsp.a(altera_avalon_jtag_uart_ioctl.o)
 .bss           0x040187b8        0x0 ../Test_bsp/\libucosii_bsp.a(altera_avalon_jtag_uart_read.o)
 .bss           0x040187b8        0x0 ../Test_bsp/\libucosii_bsp.a(altera_avalon_jtag_uart_write.o)
 .bss           0x040187b8        0x0 ../Test_bsp/\libucosii_bsp.a(altera_avalon_timer_sc.o)
 .bss           0x040187b8        0x0 ../Test_bsp/\libucosii_bsp.a(epcs_commands.o)
 .bss           0x040187b8        0x0 ../Test_bsp/\libucosii_bsp.a(alt_alarm_start.o)
 .bss           0x040187b8        0x0 ../Test_bsp/\libucosii_bsp.a(alt_dev_llist_insert.o)
 .bss           0x040187b8        0x0 ../Test_bsp/\libucosii_bsp.a(alt_do_ctors.o)
 .bss           0x040187b8        0x0 ../Test_bsp/\libucosii_bsp.a(alt_do_dtors.o)
 .bss           0x040187b8        0x0 ../Test_bsp/\libucosii_bsp.a(alt_flash_dev.o)
 .bss           0x040187b8        0x0 ../Test_bsp/\libucosii_bsp.a(alt_iic.o)
 .bss           0x040187b8        0x0 ../Test_bsp/\libucosii_bsp.a(alt_iic_isr_register.o)
 .bss           0x040187b8        0x0 ../Test_bsp/\libucosii_bsp.a(alt_io_redirect.o)
 .bss           0x040187b8        0x0 ../Test_bsp/\libucosii_bsp.a(alt_irq_entry.o)
 .bss           0x040187b8        0x0 ../Test_bsp/\libucosii_bsp.a(alt_irq_handler.o)
 .bss           0x040187b8        0x0 ../Test_bsp/\libucosii_bsp.a(alt_irq_vars.o)
 .bss           0x040187b8        0x0 ../Test_bsp/\libucosii_bsp.a(alt_open.o)
 .bss           0x040187b8        0x0 ../Test_bsp/\libucosii_bsp.a(alt_tick.o)
 .bss           0x040187b8        0x0 ../Test_bsp/\libucosii_bsp.a(altera_nios2_irq.o)
 .bss           0x040187b8        0x0 ../Test_bsp/\libucosii_bsp.a(os_cpu_a.o)
 .bss           0x040187b8        0x0 ../Test_bsp/\libucosii_bsp.a(os_cpu_c.o)
 .bss           0x040187b8        0x0 ../Test_bsp/\libucosii_bsp.a(altera_avalon_spi.o)
 .bss           0x040187b8        0x0 ../Test_bsp/\libucosii_bsp.a(alt_exception_entry.o)
 .bss           0x040187b8        0x0 ../Test_bsp/\libucosii_bsp.a(alt_find_dev.o)
 .bss           0x040187b8        0x0 ../Test_bsp/\libucosii_bsp.a(alt_find_file.o)
 .bss           0x040187b8        0x0 ../Test_bsp/\libucosii_bsp.a(alt_get_fd.o)
 .bss           0x040187b8        0x0 c:/altera/11.0sp1/nios2eds/bin/gnu/h-i686-mingw32/bin/../lib/gcc/nios2-elf/4.1.2/../../../../nios2-elf/lib\libc.a(lib_a-atexit.o)
 .bss           0x040187b8        0x0 c:/altera/11.0sp1/nios2eds/bin/gnu/h-i686-mingw32/bin/../lib/gcc/nios2-elf/4.1.2/../../../../nios2-elf/lib\libc.a(lib_a-exit.o)
 .bss           0x040187b8        0x0 c:/altera/11.0sp1/nios2eds/bin/gnu/h-i686-mingw32/bin/../lib/gcc/nios2-elf/4.1.2/../../../../nios2-elf/lib\libc.a(lib_a-memcmp.o)
 .bss           0x040187b8        0x0 c:/altera/11.0sp1/nios2eds/bin/gnu/h-i686-mingw32/bin/../lib/gcc/nios2-elf/4.1.2/../../../../nios2-elf/lib\libc.a(lib_a-__atexit.o)
 .bss           0x040187b8        0x0 c:/altera/11.0sp1/nios2eds/bin/gnu/h-i686-mingw32/bin/../lib/gcc/nios2-elf/4.1.2/../../../../nios2-elf/lib\libc.a(lib_a-__call_atexit.o)
 .bss           0x040187b8        0x0 ../Test_bsp/\libucosii_bsp.a(alt_exit.o)
 *(COMMON)
 COMMON         0x040187b8     0x6b10 obj/hello_ucosii.o
                0x040187b8                MsgQueueTbl
                0x04018808                CtxSwMsgBuf
                0x0401c2a0                TaskStartStk
                0x0401caa0                TaskStk
                0x0401f2a0                TaskInfoBuf
 COMMON         0x0401f2c8     0x3254 ../Test_bsp/\libucosii_bsp.a(os_core.o)
                0x0401f2c8                OSFlagTbl
                0x0401f638                OSMemTbl
                0x04020268                OSTaskStatStk
                0x04020a68                OSQTbl
                0x04020c48                OSTaskIdleStk
                0x04021448                OSEventTbl
                0x04021f88                OSTCBTbl
                0x040224c8                OSTCBPrioTbl
 COMMON         0x0402251c      0x100 ../Test_bsp/\libucosii_bsp.a(alt_irq_handler.o)
                0x0402251c                alt_irq
 COMMON         0x0402261c      0x190 c:/altera/11.0sp1/nios2eds/bin/gnu/h-i686-mingw32/bin/../lib/gcc/nios2-elf/4.1.2/../../../../nios2-elf/lib\libc.a(lib_a-atexit.o)
                0x0402261c                _atexit0
                0x040227ac                . = ALIGN (0x4)
                0x040227ac                __bss_end = ABSOLUTE (.)

.epcs           0x00000020        0x0
                0x00000020                PROVIDE (_alt_partition_epcs_start, ABSOLUTE (.))
 *(.epcs. epcs.*)
                0x00000020                . = ALIGN (0x4)
                0x00000020                PROVIDE (_alt_partition_epcs_end, ABSOLUTE (.))
                0x00000020                PROVIDE (_alt_partition_epcs_load_addr, LOADADDR (.epcs))

.sdram          0x040227ac        0x0
                0x040227ac                PROVIDE (_alt_partition_sdram_start, ABSOLUTE (.))
 *(.sdram. sdram.*)
                0x040227ac                . = ALIGN (0x4)
                0x040227ac                PROVIDE (_alt_partition_sdram_end, ABSOLUTE (.))
                0x040227ac                _end = ABSOLUTE (.)
                0x040227ac                end = ABSOLUTE (.)
                0x040227ac                __alt_stack_base = ABSOLUTE (.)
                0x040227ac                PROVIDE (_alt_partition_sdram_load_addr, LOADADDR (.sdram))

.stab
 *(.stab)

.stabstr
 *(.stabstr)

.stab.excl
 *(.stab.excl)

.stab.exclstr
 *(.stab.exclstr)

.stab.index
 *(.stab.index)

.stab.indexstr
 *(.stab.indexstr)

.comment        0x00000000       0x26
 *(.comment)
 .comment       0x00000000       0x26 obj/hello_ucosii.o
                                 0x27 (size before relaxing)
 .comment       0x00000000       0x27 c:/altera/11.0sp1/nios2eds/bin/gnu/h-i686-mingw32/bin/../lib/gcc/nios2-elf/4.1.2\libgcc.a(lib2-divmod.o)
 .comment       0x00000000       0x27 c:/altera/11.0sp1/nios2eds/bin/gnu/h-i686-mingw32/bin/../lib/gcc/nios2-elf/4.1.2/../../../../nios2-elf/lib\libc.a(lib_a-printf.o)
 .comment       0x00000000       0x27 c:/altera/11.0sp1/nios2eds/bin/gnu/h-i686-mingw32/bin/../lib/gcc/nios2-elf/4.1.2/../../../../nios2-elf/lib\libc.a(lib_a-sprintf.o)
 .comment       0x00000000       0x27 c:/altera/11.0sp1/nios2eds/bin/gnu/h-i686-mingw32/bin/../lib/gcc/nios2-elf/4.1.2/../../../../nios2-elf/lib\libc.a(lib_a-vfprintf.o)
 .comment       0x00000000       0x27 c:/altera/11.0sp1/nios2eds/bin/gnu/h-i686-mingw32/bin/../lib/gcc/nios2-elf/4.1.2/../../../../nios2-elf/lib\libc.a(lib_a-wsetup.o)
 .comment       0x00000000       0x27 c:/altera/11.0sp1/nios2eds/bin/gnu/h-i686-mingw32/bin/../lib/gcc/nios2-elf/4.1.2/../../../../nios2-elf/lib\libc.a(lib_a-dtoa.o)
 .comment       0x00000000       0x27 c:/altera/11.0sp1/nios2eds/bin/gnu/h-i686-mingw32/bin/../lib/gcc/nios2-elf/4.1.2/../../../../nios2-elf/lib\libc.a(lib_a-fflush.o)
 .comment       0x00000000       0x27 c:/altera/11.0sp1/nios2eds/bin/gnu/h-i686-mingw32/bin/../lib/gcc/nios2-elf/4.1.2/../../../../nios2-elf/lib\libc.a(lib_a-findfp.o)
 .comment       0x00000000       0x27 c:/altera/11.0sp1/nios2eds/bin/gnu/h-i686-mingw32/bin/../lib/gcc/nios2-elf/4.1.2/../../../../nios2-elf/lib\libc.a(lib_a-freer.o)
 .comment       0x00000000       0x27 c:/altera/11.0sp1/nios2eds/bin/gnu/h-i686-mingw32/bin/../lib/gcc/nios2-elf/4.1.2/../../../../nios2-elf/lib\libc.a(lib_a-fvwrite.o)
 .comment       0x00000000       0x27 c:/altera/11.0sp1/nios2eds/bin/gnu/h-i686-mingw32/bin/../lib/gcc/nios2-elf/4.1.2/../../../../nios2-elf/lib\libc.a(lib_a-fwalk.o)
 .comment       0x00000000       0x27 c:/altera/11.0sp1/nios2eds/bin/gnu/h-i686-mingw32/bin/../lib/gcc/nios2-elf/4.1.2/../../../../nios2-elf/lib\libc.a(lib_a-impure.o)
 .comment       0x00000000       0x27 c:/altera/11.0sp1/nios2eds/bin/gnu/h-i686-mingw32/bin/../lib/gcc/nios2-elf/4.1.2/../../../../nios2-elf/lib\libc.a(lib_a-locale.o)
 .comment       0x00000000       0x27 c:/altera/11.0sp1/nios2eds/bin/gnu/h-i686-mingw32/bin/../lib/gcc/nios2-elf/4.1.2/../../../../nios2-elf/lib\libc.a(lib_a-makebuf.o)
 .comment       0x00000000       0x27 c:/altera/11.0sp1/nios2eds/bin/gnu/h-i686-mingw32/bin/../lib/gcc/nios2-elf/4.1.2/../../../../nios2-elf/lib\libc.a(lib_a-mallocr.o)
 .comment       0x00000000       0x27 c:/altera/11.0sp1/nios2eds/bin/gnu/h-i686-mingw32/bin/../lib/gcc/nios2-elf/4.1.2/../../../../nios2-elf/lib\libc.a(lib_a-memchr.o)
 .comment       0x00000000       0x27 c:/altera/11.0sp1/nios2eds/bin/gnu/h-i686-mingw32/bin/../lib/gcc/nios2-elf/4.1.2/../../../../nios2-elf/lib\libc.a(lib_a-memcpy.o)
 .comment       0x00000000       0x27 c:/altera/11.0sp1/nios2eds/bin/gnu/h-i686-mingw32/bin/../lib/gcc/nios2-elf/4.1.2/../../../../nios2-elf/lib\libc.a(lib_a-memmove.o)
 .comment       0x00000000       0x27 c:/altera/11.0sp1/nios2eds/bin/gnu/h-i686-mingw32/bin/../lib/gcc/nios2-elf/4.1.2/../../../../nios2-elf/lib\libc.a(lib_a-memset.o)
 .comment       0x00000000       0x27 c:/altera/11.0sp1/nios2eds/bin/gnu/h-i686-mingw32/bin/../lib/gcc/nios2-elf/4.1.2/../../../../nios2-elf/lib\libc.a(lib_a-mprec.o)
 .comment       0x00000000       0x27 c:/altera/11.0sp1/nios2eds/bin/gnu/h-i686-mingw32/bin/../lib/gcc/nios2-elf/4.1.2/../../../../nios2-elf/lib\libc.a(lib_a-reallocr.o)
 .comment       0x00000000       0x27 c:/altera/11.0sp1/nios2eds/bin/gnu/h-i686-mingw32/bin/../lib/gcc/nios2-elf/4.1.2/../../../../nios2-elf/lib\libc.a(lib_a-s_isinfd.o)
 .comment       0x00000000       0x27 c:/altera/11.0sp1/nios2eds/bin/gnu/h-i686-mingw32/bin/../lib/gcc/nios2-elf/4.1.2/../../../../nios2-elf/lib\libc.a(lib_a-s_isnand.o)
 .comment       0x00000000       0x27 c:/altera/11.0sp1/nios2eds/bin/gnu/h-i686-mingw32/bin/../lib/gcc/nios2-elf/4.1.2/../../../../nios2-elf/lib\libc.a(lib_a-sbrkr.o)
 .comment       0x00000000       0x27 c:/altera/11.0sp1/nios2eds/bin/gnu/h-i686-mingw32/bin/../lib/gcc/nios2-elf/4.1.2/../../../../nios2-elf/lib\libc.a(lib_a-stdio.o)
 .comment       0x00000000       0x27 c:/altera/11.0sp1/nios2eds/bin/gnu/h-i686-mingw32/bin/../lib/gcc/nios2-elf/4.1.2/../../../../nios2-elf/lib\libc.a(lib_a-strcmp.o)
 .comment       0x00000000       0x27 c:/altera/11.0sp1/nios2eds/bin/gnu/h-i686-mingw32/bin/../lib/gcc/nios2-elf/4.1.2/../../../../nios2-elf/lib\libc.a(lib_a-strlen.o)
 .comment       0x00000000       0x27 c:/altera/11.0sp1/nios2eds/bin/gnu/h-i686-mingw32/bin/../lib/gcc/nios2-elf/4.1.2/../../../../nios2-elf/lib\libc.a(lib_a-writer.o)
 .comment       0x00000000       0x27 c:/altera/11.0sp1/nios2eds/bin/gnu/h-i686-mingw32/bin/../lib/gcc/nios2-elf/4.1.2/../../../../nios2-elf/lib\libc.a(lib_a-callocr.o)
 .comment       0x00000000       0x27 c:/altera/11.0sp1/nios2eds/bin/gnu/h-i686-mingw32/bin/../lib/gcc/nios2-elf/4.1.2/../../../../nios2-elf/lib\libc.a(lib_a-closer.o)
 .comment       0x00000000       0x27 c:/altera/11.0sp1/nios2eds/bin/gnu/h-i686-mingw32/bin/../lib/gcc/nios2-elf/4.1.2/../../../../nios2-elf/lib\libc.a(lib_a-fclose.o)
 .comment       0x00000000       0x27 c:/altera/11.0sp1/nios2eds/bin/gnu/h-i686-mingw32/bin/../lib/gcc/nios2-elf/4.1.2/../../../../nios2-elf/lib\libc.a(lib_a-fstatr.o)
 .comment       0x00000000       0x27 c:/altera/11.0sp1/nios2eds/bin/gnu/h-i686-mingw32/bin/../lib/gcc/nios2-elf/4.1.2/../../../../nios2-elf/lib\libc.a(lib_a-int_errno.o)
 .comment       0x00000000       0x27 c:/altera/11.0sp1/nios2eds/bin/gnu/h-i686-mingw32/bin/../lib/gcc/nios2-elf/4.1.2/../../../../nios2-elf/lib\libc.a(lib_a-isattyr.o)
 .comment       0x00000000       0x27 c:/altera/11.0sp1/nios2eds/bin/gnu/h-i686-mingw32/bin/../lib/gcc/nios2-elf/4.1.2/../../../../nios2-elf/lib\libc.a(lib_a-lseekr.o)
 .comment       0x00000000       0x27 c:/altera/11.0sp1/nios2eds/bin/gnu/h-i686-mingw32/bin/../lib/gcc/nios2-elf/4.1.2/../../../../nios2-elf/lib\libc.a(lib_a-readr.o)
 .comment       0x00000000       0x27 c:/altera/11.0sp1/nios2eds/bin/gnu/h-i686-mingw32/bin/../lib/gcc/nios2-elf/4.1.2\libgcc.a(_udivdi3.o)
 .comment       0x00000000       0x27 c:/altera/11.0sp1/nios2eds/bin/gnu/h-i686-mingw32/bin/../lib/gcc/nios2-elf/4.1.2\libgcc.a(_umoddi3.o)
 .comment       0x00000000       0x27 c:/altera/11.0sp1/nios2eds/bin/gnu/h-i686-mingw32/bin/../lib/gcc/nios2-elf/4.1.2\libgcc.a(_addsub_df.o)
 .comment       0x00000000       0x27 c:/altera/11.0sp1/nios2eds/bin/gnu/h-i686-mingw32/bin/../lib/gcc/nios2-elf/4.1.2\libgcc.a(_mul_df.o)
 .comment       0x00000000       0x27 c:/altera/11.0sp1/nios2eds/bin/gnu/h-i686-mingw32/bin/../lib/gcc/nios2-elf/4.1.2\libgcc.a(_div_df.o)
 .comment       0x00000000       0x27 c:/altera/11.0sp1/nios2eds/bin/gnu/h-i686-mingw32/bin/../lib/gcc/nios2-elf/4.1.2\libgcc.a(_eq_df.o)
 .comment       0x00000000       0x27 c:/altera/11.0sp1/nios2eds/bin/gnu/h-i686-mingw32/bin/../lib/gcc/nios2-elf/4.1.2\libgcc.a(_ne_df.o)
 .comment       0x00000000       0x27 c:/altera/11.0sp1/nios2eds/bin/gnu/h-i686-mingw32/bin/../lib/gcc/nios2-elf/4.1.2\libgcc.a(_gt_df.o)
 .comment       0x00000000       0x27 c:/altera/11.0sp1/nios2eds/bin/gnu/h-i686-mingw32/bin/../lib/gcc/nios2-elf/4.1.2\libgcc.a(_ge_df.o)
 .comment       0x00000000       0x27 c:/altera/11.0sp1/nios2eds/bin/gnu/h-i686-mingw32/bin/../lib/gcc/nios2-elf/4.1.2\libgcc.a(_lt_df.o)
 .comment       0x00000000       0x27 c:/altera/11.0sp1/nios2eds/bin/gnu/h-i686-mingw32/bin/../lib/gcc/nios2-elf/4.1.2\libgcc.a(_si_to_df.o)
 .comment       0x00000000       0x27 c:/altera/11.0sp1/nios2eds/bin/gnu/h-i686-mingw32/bin/../lib/gcc/nios2-elf/4.1.2\libgcc.a(_df_to_si.o)
 .comment       0x00000000       0x27 c:/altera/11.0sp1/nios2eds/bin/gnu/h-i686-mingw32/bin/../lib/gcc/nios2-elf/4.1.2\libgcc.a(_thenan_df.o)
 .comment       0x00000000       0x27 c:/altera/11.0sp1/nios2eds/bin/gnu/h-i686-mingw32/bin/../lib/gcc/nios2-elf/4.1.2\libgcc.a(_usi_to_df.o)
 .comment       0x00000000       0x27 c:/altera/11.0sp1/nios2eds/bin/gnu/h-i686-mingw32/bin/../lib/gcc/nios2-elf/4.1.2\libgcc.a(_muldi3.o)
 .comment       0x00000000       0x27 c:/altera/11.0sp1/nios2eds/bin/gnu/h-i686-mingw32/bin/../lib/gcc/nios2-elf/4.1.2\libgcc.a(_clz.o)
 .comment       0x00000000       0x27 c:/altera/11.0sp1/nios2eds/bin/gnu/h-i686-mingw32/bin/../lib/gcc/nios2-elf/4.1.2\libgcc.a(_clzsi2.o)
 .comment       0x00000000       0x27 c:/altera/11.0sp1/nios2eds/bin/gnu/h-i686-mingw32/bin/../lib/gcc/nios2-elf/4.1.2\libgcc.a(_pack_df.o)
 .comment       0x00000000       0x27 c:/altera/11.0sp1/nios2eds/bin/gnu/h-i686-mingw32/bin/../lib/gcc/nios2-elf/4.1.2\libgcc.a(_unpack_df.o)
 .comment       0x00000000       0x27 c:/altera/11.0sp1/nios2eds/bin/gnu/h-i686-mingw32/bin/../lib/gcc/nios2-elf/4.1.2\libgcc.a(_fpcmp_parts_df.o)
 .comment       0x00000000       0x27 ../Test_bsp/\libucosii_bsp.a(alt_close.o)
 .comment       0x00000000       0x27 ../Test_bsp/\libucosii_bsp.a(alt_dev.o)
 .comment       0x00000000       0x27 ../Test_bsp/\libucosii_bsp.a(alt_errno.o)
 .comment       0x00000000       0x27 ../Test_bsp/\libucosii_bsp.a(alt_fstat.o)
 .comment       0x00000000       0x27 ../Test_bsp/\libucosii_bsp.a(alt_isatty.o)
 .comment       0x00000000       0x27 ../Test_bsp/\libucosii_bsp.a(alt_lseek.o)
 .comment       0x00000000       0x27 ../Test_bsp/\libucosii_bsp.a(alt_main.o)
 .comment       0x00000000       0x27 ../Test_bsp/\libucosii_bsp.a(alt_read.o)
 .comment       0x00000000       0x27 ../Test_bsp/\libucosii_bsp.a(alt_release_fd.o)
 .comment       0x00000000       0x27 ../Test_bsp/\libucosii_bsp.a(alt_sbrk.o)
 .comment       0x00000000       0x27 ../Test_bsp/\libucosii_bsp.a(alt_write.o)
 .comment       0x00000000       0x27 ../Test_bsp/\libucosii_bsp.a(alt_env_lock.o)
 .comment       0x00000000       0x27 ../Test_bsp/\libucosii_bsp.a(alt_malloc_lock.o)
 .comment       0x00000000       0x27 ../Test_bsp/\libucosii_bsp.a(os_core.o)
 .comment       0x00000000       0x27 ../Test_bsp/\libucosii_bsp.a(os_dbg.o)
 .comment       0x00000000       0x27 ../Test_bsp/\libucosii_bsp.a(os_flag.o)
 .comment       0x00000000       0x27 ../Test_bsp/\libucosii_bsp.a(os_mem.o)
 .comment       0x00000000       0x27 ../Test_bsp/\libucosii_bsp.a(os_q.o)
 .comment       0x00000000       0x27 ../Test_bsp/\libucosii_bsp.a(os_sem.o)
 .comment       0x00000000       0x27 ../Test_bsp/\libucosii_bsp.a(os_task.o)
 .comment       0x00000000       0x27 ../Test_bsp/\libucosii_bsp.a(os_time.o)
 .comment       0x00000000       0x27 ../Test_bsp/\libucosii_bsp.a(alt_sys_init.o)
 .comment       0x00000000       0x27 ../Test_bsp/\libucosii_bsp.a(altera_avalon_epcs_flash_controller.o)
 .comment       0x00000000       0x27 ../Test_bsp/\libucosii_bsp.a(altera_avalon_jtag_uart_fd.o)
 .comment       0x00000000       0x27 ../Test_bsp/\libucosii_bsp.a(altera_avalon_jtag_uart_init.o)
 .comment       0x00000000       0x27 ../Test_bsp/\libucosii_bsp.a(altera_avalon_jtag_uart_ioctl.o)
 .comment       0x00000000       0x27 ../Test_bsp/\libucosii_bsp.a(altera_avalon_jtag_uart_read.o)
 .comment       0x00000000       0x27 ../Test_bsp/\libucosii_bsp.a(altera_avalon_jtag_uart_write.o)
 .comment       0x00000000       0x27 ../Test_bsp/\libucosii_bsp.a(altera_avalon_timer_sc.o)
 .comment       0x00000000       0x27 ../Test_bsp/\libucosii_bsp.a(epcs_commands.o)
 .comment       0x00000000       0x27 ../Test_bsp/\libucosii_bsp.a(alt_alarm_start.o)
 .comment       0x00000000       0x27 ../Test_bsp/\libucosii_bsp.a(alt_dev_llist_insert.o)
 .comment       0x00000000       0x27 ../Test_bsp/\libucosii_bsp.a(alt_do_ctors.o)
 .comment       0x00000000       0x27 ../Test_bsp/\libucosii_bsp.a(alt_do_dtors.o)
 .comment       0x00000000       0x27 ../Test_bsp/\libucosii_bsp.a(alt_flash_dev.o)
 .comment       0x00000000       0x27 ../Test_bsp/\libucosii_bsp.a(alt_iic.o)
 .comment       0x00000000       0x27 ../Test_bsp/\libucosii_bsp.a(alt_iic_isr_register.o)
 .comment       0x00000000       0x27 ../Test_bsp/\libucosii_bsp.a(alt_io_redirect.o)
 .comment       0x00000000       0x27 ../Test_bsp/\libucosii_bsp.a(alt_irq_handler.o)
 .comment       0x00000000       0x27 ../Test_bsp/\libucosii_bsp.a(alt_irq_vars.o)
 .comment       0x00000000       0x27 ../Test_bsp/\libucosii_bsp.a(alt_open.o)
 .comment       0x00000000       0x27 ../Test_bsp/\libucosii_bsp.a(alt_tick.o)
 .comment       0x00000000       0x27 ../Test_bsp/\libucosii_bsp.a(altera_nios2_irq.o)
 .comment       0x00000000       0x27 ../Test_bsp/\libucosii_bsp.a(os_cpu_c.o)
 .comment       0x00000000       0x27 ../Test_bsp/\libucosii_bsp.a(altera_avalon_spi.o)
 .comment       0x00000000       0x27 ../Test_bsp/\libucosii_bsp.a(alt_find_dev.o)
 .comment       0x00000000       0x27 ../Test_bsp/\libucosii_bsp.a(alt_find_file.o)
 .comment       0x00000000       0x27 ../Test_bsp/\libucosii_bsp.a(alt_get_fd.o)
 .comment       0x00000000       0x27 c:/altera/11.0sp1/nios2eds/bin/gnu/h-i686-mingw32/bin/../lib/gcc/nios2-elf/4.1.2/../../../../nios2-elf/lib\libc.a(lib_a-atexit.o)
 .comment       0x00000000       0x27 c:/altera/11.0sp1/nios2eds/bin/gnu/h-i686-mingw32/bin/../lib/gcc/nios2-elf/4.1.2/../../../../nios2-elf/lib\libc.a(lib_a-exit.o)
 .comment       0x00000000       0x27 c:/altera/11.0sp1/nios2eds/bin/gnu/h-i686-mingw32/bin/../lib/gcc/nios2-elf/4.1.2/../../../../nios2-elf/lib\libc.a(lib_a-memcmp.o)
 .comment       0x00000000       0x27 c:/altera/11.0sp1/nios2eds/bin/gnu/h-i686-mingw32/bin/../lib/gcc/nios2-elf/4.1.2/../../../../nios2-elf/lib\libc.a(lib_a-__atexit.o)