
 Start  Stop   Length Name               Class

 00000H 02519H 0251AH _TEXT              CODE
 0251AH 02771H 00258H TEST_TEXT          CODE
 02772H 02847H 000D6H OS_CPU_A_TEXT      CODE
 02848H 02A1DH 001D6H OS_CPU_C_TEXT      CODE
 02A1EH 02D9AH 0037DH PC_TEXT            CODE
 02D9BH 06760H 039C6H UCOS_II_TEXT       CODE
 06770H 06770H 00000H _FARDATA           FAR_DATA
 06770H 06770H 00000H _FARBSS            FAR_BSS
 06770H 06770H 00000H _OVERLAY_          OVRINFO
 06770H 06770H 00000H _1STUB_            STUBSEG
 06770H 06C3DH 004CEH _DATA              DATA
 06C3EH 06C3FH 00002H _CVTSEG            DATA
 06C40H 06C45H 00006H _SCNSEG            DATA
 06C46H 06C46H 00000H _CONST             CONST
 06C46H 06C51H 0000CH _INIT_             INITDATA
 06C52H 06C52H 00000H _INITEND_          INITDATA
 06C52H 06C52H 00000H _EXIT_             EXITDATA
 06C52H 06C52H 00000H _EXITEND_          EXITDATA
 06C52H 0A2F9H 036A8H _BSS               BSS
 0A2FAH 0A2FAH 00000H _BSSEND            BSSEND
 0A300H 0A37FH 00080H _STACK             STACK


Detailed map of segments

 0000:0000 0295 C=CODE   S=_TEXT          G=(none)  M=c0.ASM     ACBP=28
 0000:0295 002D C=CODE   S=_TEXT          G=(none)  M=ATEXIT     ACBP=28
 0000:02C2 0093 C=CODE   S=_TEXT          G=(none)  M=EXIT       ACBP=28
 0000:0355 0000 C=CODE   S=_TEXT          G=(none)  M=FILES      ACBP=28
 0000:0355 0000 C=CODE   S=_TEXT          G=(none)  M=FILES2     ACBP=28
 0000:0355 0017 C=CODE   S=_TEXT          G=(none)  M=F_LXMUL    ACBP=28
 0000:036C 0026 C=CODE   S=_TEXT          G=(none)  M=GETDATE    ACBP=28
 0000:0392 00AE C=CODE   S=_TEXT          G=(none)  M=H_LDIV     ACBP=28
 0000:0440 0021 C=CODE   S=_TEXT          G=(none)  M=H_LLSH     ACBP=28
 0000:0461 0021 C=CODE   S=_TEXT          G=(none)  M=H_LURSH    ACBP=28
 0000:0482 0060 C=CODE   S=_TEXT          G=(none)  M=H_PADD     ACBP=28
 0000:04E2 004B C=CODE   S=_TEXT          G=(none)  M=IOERROR    ACBP=28
 0000:052D 0011 C=CODE   S=_TEXT          G=(none)  M=ISATTY     ACBP=28
 0000:053E 00A2 C=CODE   S=_TEXT          G=(none)  M=LONGTOA    ACBP=28
 0000:05E0 0029 C=CODE   S=_TEXT          G=(none)  M=LSEEK      ACBP=28
 0000:0609 0021 C=CODE   S=_TEXT          G=(none)  M=N_PCMP     ACBP=28
 0000:062A 00BA C=CODE   S=_TEXT          G=(none)  M=SETUPIO    ACBP=28
 0000:06E4 0000 C=CODE   S=_TEXT          G=(none)  M=STKLEN     ACBP=28
 0000:06E4 04DB C=CODE   S=_TEXT          G=(none)  M=VPRINTER   ACBP=28
 0000:0BBF 009F C=CODE   S=_TEXT          G=(none)  M=VRAM       ACBP=28
 0000:0C5E 0000 C=CODE   S=_TEXT          G=(none)  M=WSCROLL    ACBP=28
 0000:0C5E 014E C=CODE   S=_TEXT          G=(none)  M=CPRINTF    ACBP=28
 0000:0DAC 01A5 C=CODE   S=_TEXT          G=(none)  M=CRTINIT    ACBP=28
 0000:0F51 001F C=CODE   S=_TEXT          G=(none)  M=CVTFAK     ACBP=28
 0000:0F70 0432 C=CODE   S=_TEXT          G=(none)  M=FARHEAP    ACBP=28
 0000:13A2 0140 C=CODE   S=_TEXT          G=(none)  M=FBRK       ACBP=28
 0000:14E2 005E C=CODE   S=_TEXT          G=(none)  M=GETCH      ACBP=28
 0000:1540 00AC C=CODE   S=_TEXT          G=(none)  M=GPTEXT     ACBP=28
 0000:15EC 0012 C=CODE   S=_TEXT          G=(none)  M=KBHIT      ACBP=28
 0000:15FE 009D C=CODE   S=_TEXT          G=(none)  M=MOVETEXT   ACBP=28
 0000:169B 0017 C=CODE   S=_TEXT          G=(none)  M=PUTCH      ACBP=28
 0000:16B2 0004 C=CODE   S=_TEXT          G=(none)  M=REALCVT    ACBP=28
 0000:16B6 01C7 C=CODE   S=_TEXT          G=(none)  M=SCREEN     ACBP=28
 0000:187D 018E C=CODE   S=_TEXT          G=(none)  M=SCROLL     ACBP=28
 0000:1A0B 001C C=CODE   S=_TEXT          G=(none)  M=SETBLOCK   ACBP=28
 0000:1A27 006A C=CODE   S=_TEXT          G=(none)  M=SETJMP     ACBP=28
 0000:1A91 002C C=CODE   S=_TEXT          G=(none)  M=WHEREXY    ACBP=28
 0000:1ABD 00CD C=CODE   S=_TEXT          G=(none)  M=FFLUSH     ACBP=28
 0000:1B8A 0042 C=CODE   S=_TEXT          G=(none)  M=FLUSHALL   ACBP=28
 0000:1BCC 01E2 C=CODE   S=_TEXT          G=(none)  M=FSEEK      ACBP=28
 0000:1DAE 0024 C=CODE   S=_TEXT          G=(none)  M=MEMCPY     ACBP=28
 0000:1DD2 001B C=CODE   S=_TEXT          G=(none)  M=PRINTF     ACBP=28
 0000:1DED 03C8 C=CODE   S=_TEXT          G=(none)  M=PUTC       ACBP=28
 0000:21B5 011D C=CODE   S=_TEXT          G=(none)  M=SETVBUF    ACBP=28
 0000:22D2 0083 C=CODE   S=_TEXT          G=(none)  M=SPRINTF    ACBP=28
 0000:2355 0151 C=CODE   S=_TEXT          G=(none)  M=WRITE      ACBP=28
 0000:24A6 003C C=CODE   S=_TEXT          G=(none)  M=WRITEA     ACBP=28
 0000:24E2 0038 C=CODE   S=_TEXT          G=(none)  M=XFFLUSH    ACBP=28
 0251:000A 0258 C=CODE   S=TEST_TEXT      G=(none)  M=test.c     ACBP=28
 0277:0002 00D6 C=CODE   S=OS_CPU_A_TEXT  G=(none)  M=\LAB1\SOFTWARE\uCOS-II\Ix86L\BC45\OS_CPU_A.ASM ACBP=48
 0284:0008 01D6 C=CODE   S=OS_CPU_C_TEXT  G=(none)  M=os_cpu_c.c ACBP=28
 02A1:000E 037D C=CODE   S=PC_TEXT        G=(none)  M=pc.c       ACBP=28
 02D9:000B 39C6 C=CODE   S=UCOS_II_TEXT   G=(none)  M=ucos_ii.c  ACBP=28
 0677:0000 0000 C=FAR_DATA S=_FARDATA       G=(none)  M=c0.ASM     ACBP=68
 0677:0000 0000 C=FAR_BSS S=_FARBSS        G=(none)  M=c0.ASM     ACBP=68
 0677:0000 0000 C=OVRINFO S=_OVERLAY_      G=(none)  M=c0.ASM     ACBP=68
 0677:0000 0000 C=STUBSEG S=_1STUB_        G=(none)  M=c0.ASM     ACBP=68
 0677:0000 0093 C=DATA   S=_DATA          G=DGROUP  M=c0.ASM     ACBP=68
 0677:0094 0007 C=DATA   S=_DATA          G=DGROUP  M=test.c     ACBP=48
 0677:009C 0000 C=DATA   S=_DATA          G=DGROUP  M=\LAB1\SOFTWARE\uCOS-II\Ix86L\BC45\OS_CPU_A.ASM ACBP=48
 0677:009C 0000 C=DATA   S=_DATA          G=DGROUP  M=os_cpu_c.c ACBP=48
 0677:009C 001F C=DATA   S=_DATA          G=DGROUP  M=pc.c       ACBP=48
 0677:00BC 012D C=DATA   S=_DATA          G=DGROUP  M=ucos_ii.c  ACBP=48
 0677:01EA 0002 C=DATA   S=_DATA          G=DGROUP  M=ATEXIT     ACBP=48
 0677:01EC 000C C=DATA   S=_DATA          G=DGROUP  M=EXIT       ACBP=48
 0677:01F8 0190 C=DATA   S=_DATA          G=DGROUP  M=FILES      ACBP=48
 0677:0388 002A C=DATA   S=_DATA          G=DGROUP  M=FILES2     ACBP=48
 0677:03B2 0000 C=DATA   S=_DATA          G=DGROUP  M=F_LXMUL    ACBP=48
 0677:03B2 0000 C=DATA   S=_DATA          G=DGROUP  M=GETDATE    ACBP=48
 0677:03B2 0000 C=DATA   S=_DATA          G=DGROUP  M=H_LDIV     ACBP=48
 0677:03B2 0000 C=DATA   S=_DATA          G=DGROUP  M=H_LLSH     ACBP=48
 0677:03B2 0000 C=DATA   S=_DATA          G=DGROUP  M=H_LURSH    ACBP=48
 0677:03B2 0000 C=DATA   S=_DATA          G=DGROUP  M=H_PADD     ACBP=48
 0677:03B2 005B C=DATA   S=_DATA          G=DGROUP  M=IOERROR    ACBP=48
 0677:040E 0000 C=DATA   S=_DATA          G=DGROUP  M=ISATTY     ACBP=48
 0677:040E 0000 C=DATA   S=_DATA          G=DGROUP  M=LONGTOA    ACBP=48
 0677:040E 0000 C=DATA   S=_DATA          G=DGROUP  M=LSEEK      ACBP=48
 0677:040E 0000 C=DATA   S=_DATA          G=DGROUP  M=N_PCMP     ACBP=48
 0677:040E 0000 C=DATA   S=_DATA          G=DGROUP  M=SETUPIO    ACBP=48
 0677:040E 0002 C=DATA   S=_DATA          G=DGROUP  M=STKLEN     ACBP=48
 0677:0410 0067 C=DATA   S=_DATA          G=DGROUP  M=VPRINTER   ACBP=48
 0677:0478 0000 C=DATA   S=_DATA          G=DGROUP  M=VRAM       ACBP=48
 0677:0478 0002 C=DATA   S=_DATA          G=DGROUP  M=WSCROLL    ACBP=48
 0677:047A 0000 C=DATA   S=_DATA          G=DGROUP  M=CPRINTF    ACBP=48
 0677:047A 0018 C=DATA   S=_DATA          G=DGROUP  M=CRTINIT    ACBP=48
 0677:0492 0031 C=DATA   S=_DATA          G=DGROUP  M=CVTFAK     ACBP=48
 0677:04C4 0000 C=DATA   S=_DATA          G=DGROUP  M=FARHEAP    ACBP=48
 0677:04C4 0002 C=DATA   S=_DATA          G=DGROUP  M=FBRK       ACBP=48
 0677:04C6 0000 C=DATA   S=_DATA          G=DGROUP  M=GETCH      ACBP=48
 0677:04C6 0000 C=DATA   S=_DATA          G=DGROUP  M=GPTEXT     ACBP=48
 0677:04C6 0002 C=DATA   S=_DATA          G=DGROUP  M=KBHIT      ACBP=48
 0677:04C8 0000 C=DATA   S=_DATA          G=DGROUP  M=MOVETEXT   ACBP=48
 0677:04C8 0000 C=DATA   S=_DATA          G=DGROUP  M=PUTCH      ACBP=48
 0677:04C8 0000 C=DATA   S=_DATA          G=DGROUP  M=REALCVT    ACBP=48
 0677:04C8 0000 C=DATA   S=_DATA          G=DGROUP  M=SCREEN     ACBP=48
 0677:04C8 0000 C=DATA   S=_DATA          G=DGROUP  M=SCROLL     ACBP=48
 0677:04C8 0000 C=DATA   S=_DATA          G=DGROUP  M=SETBLOCK   ACBP=48
 0677:04C8 0000 C=DATA   S=_DATA          G=DGROUP  M=SETJMP     ACBP=48
 0677:04C8 0000 C=DATA   S=_DATA          G=DGROUP  M=WHEREXY    ACBP=48
 0677:04C8 0000 C=DATA   S=_DATA          G=DGROUP  M=FFLUSH     ACBP=48
 0677:04C8 0000 C=DATA   S=_DATA          G=DGROUP  M=FLUSHALL   ACBP=48
 0677:04C8 0000 C=DATA   S=_DATA          G=DGROUP  M=FSEEK      ACBP=48
 0677:04C8 0000 C=DATA   S=_DATA          G=DGROUP  M=MEMCPY     ACBP=48
 0677:04C8 0000 C=DATA   S=_DATA          G=DGROUP  M=PRINTF     ACBP=48
 0677:04C8 0001 C=DATA   S=_DATA          G=DGROUP  M=PUTC       ACBP=48
 0677:04CA 0004 C=DATA   S=_DATA          G=DGROUP  M=SETVBUF    ACBP=48
 0677:04CE 0000 C=DATA   S=_DATA          G=DGROUP  M=SPRINTF    ACBP=48
 0677:04CE 0000 C=DATA   S=_DATA          G=DGROUP  M=WRITE      ACBP=48
 0677:04CE 0000 C=DATA   S=_DATA          G=DGROUP  M=WRITEA     ACBP=48
 0677:04CE 0000 C=DATA   S=_DATA          G=DGROUP  M=XFFLUSH    ACBP=48
 0677:04CE 0000 C=DATA   S=_CVTSEG        G=DGROUP  M=c0.ASM     ACBP=48
 0677:04CE 0002 C=DATA   S=_CVTSEG        G=DGROUP  M=CVTFAK     ACBP=48
 0677:04D0 0000 C=DATA   S=_CVTSEG        G=DGROUP  M=REALCVT    ACBP=48
 0677:04D0 0000 C=DATA   S=_SCNSEG        G=DGROUP  M=c0.ASM     ACBP=48
 0677:04D0 0006 C=DATA   S=_SCNSEG        G=DGROUP  M=CVTFAK     ACBP=48
 0677:04D6 0000 C=CONST  S=_CONST         G=DGROUP  M=c0.ASM     ACBP=48
 0677:04D6 0000 C=INITDATA S=_INIT_         G=DGROUP  M=c0.ASM     ACBP=48
 0677:04D6 0006 C=INITDATA S=_INIT_         G=DGROUP  M=SETUPIO    ACBP=48
 0677:04DC 0006 C=INITDATA S=_INIT_         G=DGROUP  M=CRTINIT    ACBP=48
 0677:04E2 0000 C=INITDATA S=_INITEND_      G=DGROUP  M=c0.ASM     ACBP=28
 0677:04E2 0000 C=EXITDATA S=_EXIT_         G=DGROUP  M=c0.ASM     ACBP=48
 0677:04E2 0000 C=EXITDATA S=_EXITEND_      G=DGROUP  M=c0.ASM     ACBP=28
 0677:04E2 0000 C=BSS    S=_BSS           G=DGROUP  M=c0.ASM     ACBP=48
 0677:04E2 1C50 C=BSS    S=_BSS           G=DGROUP  M=test.c     ACBP=48
 0677:2132 0001 C=BSS    S=_BSS           G=DGROUP  M=os_cpu_c.c ACBP=48
 0677:2134 001B C=BSS    S=_BSS           G=DGROUP  M=pc.c       ACBP=48
 0677:2150 19B8 C=BSS    S=_BSS           G=DGROUP  M=ucos_ii.c  ACBP=48
 0677:3B08 0080 C=BSS    S=_BSS           G=DGROUP  M=ATEXIT     ACBP=48
 0677:3B88 0000 C=BSS    S=_BSS           G=DGROUP  M=IOERROR    ACBP=48
 0677:3B88 0000 C=BSS    S=_BSS           G=DGROUP  M=ISATTY     ACBP=48
 0677:3B88 0000 C=BSS    S=_BSS           G=DGROUP  M=LONGTOA    ACBP=48
 0677:3B88 0000 C=BSS    S=_BSS           G=DGROUP  M=LSEEK      ACBP=48
 0677:3B88 0000 C=BSS    S=_BSS           G=DGROUP  M=SETUPIO    ACBP=48
 0677:3B88 0000 C=BSS    S=_BSS           G=DGROUP  M=VPRINTER   ACBP=48
 0677:3B88 0000 C=BSS    S=_BSS           G=DGROUP  M=VRAM       ACBP=48
 0677:3B88 0000 C=BSS    S=_BSS           G=DGROUP  M=CRTINIT    ACBP=48
 0677:3B88 0000 C=BSS    S=_BSS           G=DGROUP  M=GETCH      ACBP=48
 0677:3B88 0000 C=BSS    S=_BSS           G=DGROUP  M=KBHIT      ACBP=48
 0677:3B88 0000 C=BSS    S=_BSS           G=DGROUP  M=SETBLOCK   ACBP=48
 0677:3B88 0000 C=BSS    S=_BSS           G=DGROUP  M=SETJMP     ACBP=48
 0677:3B88 0000 C=BSS    S=_BSS           G=DGROUP  M=MEMCPY     ACBP=48
 0677:3B88 0001 C=BSS    S=_BSS           G=DGROUP  M=PUTC       ACBP=48
 0677:3B8A 0000 C=BSS    S=_BSS           G=DGROUP  M=WRITEA     ACBP=48
 0677:3B8A 0000 C=BSSEND S=_BSSEND        G=DGROUP  M=c0.ASM     ACBP=28
 0A30:0000 0080 C=STACK  S=_STACK         G=(none)  M=c0.ASM     ACBP=74

  Address         Publics by Name

 0677:0000 idle  DATASEG@
 0000:0291 idle  DGROUP@
 0000:0395 idle  F_LDIV@
 0000:03A4 idle  F_LMOD@
 0000:039C       F_LUDIV@
 0000:03AC idle  F_LUMOD@
 0000:0443       F_LXLSH@
 0000:0355       F_LXMUL@
 0000:0464       F_LXURSH@
 0000:0485 idle  F_PADD@
 0000:04B4 idle  F_PSUB@
 0000:0395 idle  LDIV@
 0000:03A4 idle  LMOD@
 0000:039C idle  LUDIV@
 0000:03AC idle  LUMOD@
 0000:0443 idle  LXLSH@
 0000:0355 idle  LXMUL@
 0000:0464 idle  LXURSH@
 0000:0392 idle  N_LDIV@
 0000:03A1 idle  N_LMOD@
 0000:0399 idle  N_LUDIV@
 0000:03A9 idle  N_LUMOD@
 0000:0440       N_LXLSH@
 0000:0461 idle  N_LXURSH@
 0000:0482       N_PADD@
 0000:0609       N_PCMP@
 0000:04B1 idle  N_PSUB@
 0000:0485 idle  PADD@
 0000:04B4 idle  PSUB@
 0000:027A       _abort
 0000:0295 idle  _atexit
 0000:0D90 idle  _cprintf
 0677:1D4A       _CtxSwMsgBuf
 0677:0094       _CtxSwMsgCursor
 0677:0489       _directvideo
 0677:007F       _errno
 0000:031A       _exit
 0000:10B0 idle  _farfree
 0000:11C4 idle  _farmalloc
 0000:1328 idle  _farrealloc
 0000:1ABD       _fflush
 0000:1B8A       _flushall
 0000:1E09 idle  _fputc
 0000:1F9E idle  _fputchar
 0000:10B0       _free
 0000:1C4E       _fseek
 0000:1CCE idle  _ftell
 0000:14E2       _getch
 0000:14FE idle  _getche
 0000:036C       _getdate
 0000:1540       _gettext
 0000:037F       _gettime
 0000:052D       _isatty
 0000:15EC       _kbhit
 0000:1A5D       _longjmp
 0000:05E0       _lseek
 0251:000A       _main
 0000:11BA       _malloc
 0000:1DAE       _memcpy
 0000:15FE       _movetext
 0677:0546 idle  _MsgQueue
 0677:04F6 idle  _MsgQueueTbl
 0677:3A38 idle  _OSCPUUsage
 0277:0020       _OSCtxSw
 0677:3B04       _OSCtxSwCtr
 0677:3B00 idle  _OSEventFreeList
 0677:3A60 idle  _OSEventTbl
 02D9:097C idle  _OSFlagAccept
 02D9:0AAE idle  _OSFlagCreate
 02D9:0B26 idle  _OSFlagDel
 0677:3A39 idle  _OSFlagFreeList
 02D9:0C68 idle  _OSFlagPend
 02D9:0EC2 idle  _OSFlagPost
 02D9:1062 idle  _OSFlagQuery
 0677:3A3D idle  _OSFlagTbl
 0677:361B idle  _OSIdleCtr
 0677:3A34 idle  _OSIdleCtrMax
 0677:3A30 idle  _OSIdleCtrRun
 02D9:000B       _OSInit
 0284:0008       _OSInitHookBegin
 0284:0009       _OSInitHookEnd
 0277:005B       _OSIntCtxSw
 02D9:0043 idle  _OSIntEnter
 02D9:0056       _OSIntExit
 0677:362D idle  _OSIntExitY
 0677:362E       _OSIntNesting
 0677:362C idle  _OSLockNesting
 0677:00BC idle  _OSMapTbl
 02D9:12F2 idle  _OSMboxAccept
 02D9:133D idle  _OSMboxCreate
 02D9:13B2 idle  _OSMboxDel
 02D9:14D0 idle  _OSMboxPend
 02D9:15D2 idle  _OSMboxPost
 02D9:164A idle  _OSMboxPostOpt
 02D9:16ED idle  _OSMboxQuery
 02D9:17E1 idle  _OSMemCreate
 0677:2310 idle  _OSMemFreeList
 02D9:192C idle  _OSMemGet
 02D9:19AA idle  _OSMemPut
 02D9:1A1A idle  _OSMemQuery
 0677:2248 idle  _OSMemTbl
 02D9:1B67 idle  _OSMutexAccept
 02D9:1BF2 idle  _OSMutexCreate
 02D9:1CD8 idle  _OSMutexDel
 02D9:1E32 idle  _OSMutexPend
 02D9:201D idle  _OSMutexPost
 02D9:21A5 idle  _OSMutexQuery
 0677:362B       _OSPrioCur
 0677:362A       _OSPrioHighRdy
 02D9:22C0 idle  _OSQAccept
 02D9:2360       _OSQCreate
 02D9:2483 idle  _OSQDel
 02D9:2600 idle  _OSQFlush
 0677:2244 idle  _OSQFreeList
 02D9:2658 idle  _OSQPend
 02D9:279E idle  _OSQPost
 02D9:2866 idle  _OSQPostFront
 02D9:2928 idle  _OSQPostOpt
 02D9:2A66 idle  _OSQQuery
 0677:2154 idle  _OSQTbl
 0677:3629 idle  _OSRdyGrp
 0677:3621 idle  _OSRdyTbl
 0677:3620       _OSRunning
 02D9:0112 idle  _OSSchedLock
 02D9:0128 idle  _OSSchedUnlock
 02D9:2BF1 idle  _OSSemAccept
 02D9:2C23 idle  _OSSemCreate
 02D9:2C97 idle  _OSSemDel
 02D9:2DB5 idle  _OSSemPend
 02D9:2E65 idle  _OSSemPost
 02D9:2EBF idle  _OSSemQuery
 02D9:0155       _OSStart
 0277:0002       _OSStartHighRdy
 02D9:01B4       _OSStatInit
 0677:3A2F idle  _OSStatRdy
 02D9:2FAB idle  _OSTaskChangePrio
 02D9:3177       _OSTaskCreate
 02D9:3234 idle  _OSTaskCreateExt
 0284:000A       _OSTaskCreateHook
 0677:361F idle  _OSTaskCtr
 02D9:3324 idle  _OSTaskDel
 0284:000F       _OSTaskDelHook
 02D9:3503 idle  _OSTaskDelReq
 0284:0014       _OSTaskIdleHook
 0677:321B idle  _OSTaskIdleStk
 02D9:3781 idle  _OSTaskQuery
 02D9:356F idle  _OSTaskResume
 0284:0015       _OSTaskStatHook
 0677:362F idle  _OSTaskStatStk
 02D9:35EE idle  _OSTaskStkChk
 0284:0016       _OSTaskStkInit
 0284:00FC idle  _OSTaskStkInit_FPE_x86
 02D9:36D3 idle  _OSTaskSuspend
 0284:01D7       _OSTaskSwHook
 0677:3217       _OSTCBCur
 0677:3213 idle  _OSTCBFreeList
 0677:320F       _OSTCBHighRdy
 0284:01D8       _OSTCBInitHook
 0677:320B idle  _OSTCBList
 0677:310B idle  _OSTCBPrioTbl
 0677:2314 idle  _OSTCBTbl
 0677:2132       _OSTickDOSCtr
 0277:0088       _OSTickISR
 0677:2150 idle  _OSTime
 02D9:37EF       _OSTimeDly
 02D9:3836 idle  _OSTimeDlyHMSM
 02D9:3925 idle  _OSTimeDlyResume
 02D9:399D       _OSTimeGet
 02D9:39BC       _OSTimeSet
 02D9:01EF       _OSTimeTick
 0284:01DD       _OSTimeTickHook
 0677:00C4 idle  _OSUnMapTbl
 02D9:0288 idle  _OSVersion
 02D9:028C idle  _OS_Dummy
 02D9:028D idle  _OS_EventTaskRdy
 02D9:0357 idle  _OS_EventTaskWait
 02D9:03C4 idle  _OS_EventTO
 02D9:0418 idle  _OS_EventWaitListInit
 02D9:1184 idle  _OS_FlagInit
 02D9:1243 idle  _OS_FlagUnlink
 02D9:1AC3 idle  _OS_MemInit
 02D9:2BA1 idle  _OS_QInit
 02D9:064E idle  _OS_Sched
 02D9:06F8 idle  _OS_TaskIdle
 02D9:071D idle  _OS_TaskStat
 02D9:07E9 idle  _OS_TCBInit
 02A1:000E idle  _PC_DispChar
 02A1:004C idle  _PC_DispClrCol
 02A1:0092 idle  _PC_DispClrRow
 02A1:00CB       _PC_DispClrScr
 02A1:00FC idle  _PC_DispStr
 02A1:014B       _PC_DOSReturn
 02A1:015F       _PC_DOSSaveReturn
 02A1:01CD       _PC_ElapsedInit
 02A1:01E1 idle  _PC_ElapsedStart
 02A1:0207 idle  _PC_ElapsedStop
 02A1:0258 idle  _PC_GetDateTime
 02A1:02AB       _PC_GetKey
 02A1:02D2       _PC_SetTickRate
 0677:2134 idle  _PC_TickISR
 02A1:031F idle  _PC_VectGet
 02A1:0356       _PC_VectSet
 0251:0229 idle  _printCtxSwMessage
 0000:1DD2       _printf
 0000:169B       _putch
 0000:1596       _puttext
 0000:1321 idle  _realloc
 0000:1A0B       _setblock
 0000:1A27       _setjmp
 0000:21B5       _setvbuf
 0000:2312       _sprintf
 0251:019F idle  _Task
 0677:04E2 idle  _TaskInfoBuf
 0251:0052 idle  _TaskStart
 0677:194A idle  _TaskStartStk
 0677:054A idle  _TaskStk
 0000:1522 idle  _ungetch
 0000:2334 idle  _vsprintf
 0000:1A9B idle  _wherex
 0000:1AAA idle  _wherey
 0000:1000 idle  __AHINCR
 0000:000C idle  __AHSHIFT
 0677:01EA       __atexitcnt
 0677:3B08       __atexittbl
 0000:1418       __brk
 0677:008B       __brklvl
 0677:006B idle  __C0argc
 0677:006D idle  __C0argv
 0000:0E72 idle  __c0crtinit
 0677:0071 idle  __C0environ
 0677:04C7       __cChar
 0000:033B idle  __cexit
 0677:04C6       __cFlag
 0000:016A       __checknull
 0000:0157       __cleanup
 0000:0C5E       __CPUTN
 0000:0E8F idle  __crtinit
 0000:0000  Abs  __cvtfak
 0000:0349 idle  __c_exit
 0677:03B2 idle  __doserrno
 0000:051B idle  __DOSERROR
 0677:03B4 idle  __dosErrorToSV
 0677:0075 idle  __envLng
 0677:0077 idle  __envseg
 0677:0079 idle  __envSize
 0000:0329       __exit
 0677:01EC       __exitbuf
 0677:01F0 idle  __exitfopen
 0677:01F4 idle  __exitopen
 0000:1DED idle  __fputc
 0000:1FB2       __FPUTN
 0677:0087       __heapbase
 0677:008F       __heaptop
 0677:005B idle  __Int0Vector
 0677:005F idle  __Int4Vector
 0677:0063 idle  __Int5Vector
 0677:0067 idle  __Int6Vector
 0000:04E2       __IOERROR
 0000:053E       __LONGTOA
 0000:0293 idle  __MMODEL
 0677:0388       __nfile
 0000:14FB idle  __Ngetche
 0000:151F idle  __Nungetch
 0677:038A       __openfd
 0677:007D idle  __osmajor
 0677:007E idle  __osminor
 0677:007D idle  __osversion
 0677:007B       __psp
 0000:16B2       __REALCVT
 0677:04CE       __RealCvtVector
 0000:01C0       __restorezero
 0000:1457       __sbrk
 0677:04D0 idle  __ScanTodVector
 0000:17EC       __SCREENIO
 0000:189F       __SCROLL
 0000:062A       __setupio
 0677:0081 idle  __StartTime
 0677:040E       __stklen
 0677:01F8       __streams
 0000:016B       __terminate
 0000:0000 idle  __turboCrt
 0000:05C0 idle  __UTOA
 0000:1828       __VALIDATEXY
 0677:007D idle  __version
 0677:047A       __video
 0000:0DE7       __VideoInt
 0000:06FC       __VPRINTER
 0000:0BBF       __VPTR
 0000:0BE4       __VRAM
 0000:1A91       __wherexy
 0000:24A6       __write
 0677:0478       __wscroll
 0000:24E2       __xfflush
 0677:0085 idle  ___brklvl
 0000:0F70 idle  ___first
 0000:0F72 idle  ___last
 0000:0F74 idle  ___rover
 0000:2355       ___write

  Address         Publics by Value

 0000:0000 idle  __turboCrt
 0000:0000  Abs  __cvtfak
 0000:000C idle  __AHSHIFT
 0000:0157       __cleanup
 0000:016A       __checknull
 0000:016B       __terminate
 0000:01C0       __restorezero
 0000:027A       _abort
 0000:0291 idle  DGROUP@
 0000:0293 idle  __MMODEL
 0000:0295 idle  _atexit
 0000:031A       _exit
 0000:0329       __exit
 0000:033B idle  __cexit
 0000:0349 idle  __c_exit
 0000:0355       F_LXMUL@
 0000:0355 idle  LXMUL@
 0000:036C       _getdate
 0000:037F       _gettime
 0000:0392 idle  N_LDIV@
 0000:0395 idle  LDIV@
 0000:0395 idle  F_LDIV@
 0000:0399 idle  N_LUDIV@
 0000:039C       F_LUDIV@
 0000:039C idle  LUDIV@
 0000:03A1 idle  N_LMOD@
 0000:03A4 idle  F_LMOD@
 0000:03A4 idle  LMOD@
 0000:03A9 idle  N_LUMOD@
 0000:03AC idle  LUMOD@
 0000:03AC idle  F_LUMOD@
 0000:0440       N_LXLSH@
 0000:0443       F_LXLSH@
 0000:0443 idle  LXLSH@
 0000:0461 idle  N_LXURSH@
 0000:0464       F_LXURSH@
 0000:0464 idle  LXURSH@
 0000:0482       N_PADD@
 0000:0485 idle  F_PADD@
 0000:0485 idle  PADD@
 0000:04B1 idle  N_PSUB@
 0000:04B4 idle  F_PSUB@
 0000:04B4 idle  PSUB@
 0000:04E2       __IOERROR
 0000:051B idle  __DOSERROR
 0000:052D       _isatty
 0000:053E       __LONGTOA
 0000:05C0 idle  __UTOA
 0000:05E0       _lseek
 0000:0609       N_PCMP@
 0000:062A       __setupio
 0000:06FC       __VPRINTER
 0000:0BBF       __VPTR
 0000:0BE4       __VRAM
 0000:0C5E       __CPUTN
 0000:0D90 idle  _cprintf
 0000:0DE7       __VideoInt
 0000:0E72 idle  __c0crtinit
 0000:0E8F idle  __crtinit
 0000:0F70 idle  ___first
 0000:0F72 idle  ___last
 0000:0F74 idle  ___rover
 0000:1000 idle  __AHINCR
 0000:10B0       _free
 0000:10B0 idle  _farfree
 0000:11BA       _malloc
 0000:11C4 idle  _farmalloc
 0000:1321 idle  _realloc
 0000:1328 idle  _farrealloc
 0000:1418       __brk
 0000:1457       __sbrk
 0000:14E2       _getch
 0000:14FB idle  __Ngetche
 0000:14FE idle  _getche
 0000:151F idle  __Nungetch
 0000:1522 idle  _ungetch
 0000:1540       _gettext
 0000:1596       _puttext
 0000:15EC       _kbhit
 0000:15FE       _movetext
 0000:169B       _putch
 0000:16B2       __REALCVT
 0000:17EC       __SCREENIO
 0000:1828       __VALIDATEXY
 0000:189F       __SCROLL
 0000:1A0B       _setblock
 0000:1A27       _setjmp
 0000:1A5D       _longjmp
 0000:1A91       __wherexy
 0000:1A9B idle  _wherex
 0000:1AAA idle  _wherey
 0000:1ABD       _fflush
 0000:1B8A       _flushall
 0000:1C4E       _fseek
 0000:1CCE idle  _ftell
 0000:1DAE       _memcpy
 0000:1DD2       _printf
 0000:1DED idle  __fputc
 0000:1E09 idle  _fputc
 0000:1F9E idle  _fputchar
 0000:1FB2       __FPUTN
 0000:21B5       _setvbuf
 0000:2312       _sprintf
 0000:2334 idle  _vsprintf
 0000:2355       ___write
 0000:24A6       __write
 0000:24E2       __xfflush
 0251:000A       _main
 0251:0052 idle  _TaskStart
 0251:019F idle  _Task
 0251:0229 idle  _printCtxSwMessage
 0277:0002       _OSStartHighRdy
 0277:0020       _OSCtxSw
 0277:005B       _OSIntCtxSw
 0277:0088       _OSTickISR
 0284:0008       _OSInitHookBegin
 0284:0009       _OSInitHookEnd
 0284:000A       _OSTaskCreateHook
 0284:000F       _OSTaskDelHook
 0284:0014       _OSTaskIdleHook
 0284:0015       _OSTaskStatHook
 0284:0016       _OSTaskStkInit
 0284:00FC idle  _OSTaskStkInit_FPE_x86
 0284:01D7       _OSTaskSwHook
 0284:01D8       _OSTCBInitHook
 0284:01DD       _OSTimeTickHook
 02A1:000E idle  _PC_DispChar
 02A1:004C idle  _PC_DispClrCol
 02A1:0092 idle  _PC_DispClrRow
 02A1:00CB       _PC_DispClrScr
 02A1:00FC idle  _PC_DispStr
 02A1:014B       _PC_DOSReturn
 02A1:015F       _PC_DOSSaveReturn
 02A1:01CD       _PC_ElapsedInit
 02A1:01E1 idle  _PC_ElapsedStart
 02A1:0207 idle  _PC_ElapsedStop
 02A1:0258 idle  _PC_GetDateTime
 02A1:02AB       _PC_GetKey
 02A1:02D2       _PC_SetTickRate
 02A1:031F idle  _PC_VectGet
 02A1:0356       _PC_VectSet
 02D9:000B       _OSInit
 02D9:0043 idle  _OSIntEnter
 02D9:0056       _OSIntExit
 02D9:0112 idle  _OSSchedLock
 02D9:0128 idle  _OSSchedUnlock
 02D9:0155       _OSStart
 02D9:01B4       _OSStatInit
 02D9:01EF       _OSTimeTick
 02D9:0288 idle  _OSVersion
 02D9:028C idle  _OS_Dummy
 02D9:028D idle  _OS_EventTaskRdy
 02D9:0357 idle  _OS_EventTaskWait
 02D9:03C4 idle  _OS_EventTO
 02D9:0418 idle  _OS_EventWaitListInit
 02D9:064E idle  _OS_Sched
 02D9:06F8 idle  _OS_TaskIdle
 02D9:071D idle  _OS_TaskStat
 02D9:07E9 idle  _OS_TCBInit
 02D9:097C idle  _OSFlagAccept
 02D9:0AAE idle  _OSFlagCreate
 02D9:0B26 idle  _OSFlagDel
 02D9:0C68 idle  _OSFlagPend
 02D9:0EC2 idle  _OSFlagPost
 02D9:1062 idle  _OSFlagQuery
 02D9:1184 idle  _OS_FlagInit
 02D9:1243 idle  _OS_FlagUnlink
 02D9:12F2 idle  _OSMboxAccept
 02D9:133D idle  _OSMboxCreate
 02D9:13B2 idle  _OSMboxDel
 02D9:14D0 idle  _OSMboxPend
 02D9:15D2 idle  _OSMboxPost
 02D9:164A idle  _OSMboxPostOpt
 02D9:16ED idle  _OSMboxQuery
 02D9:17E1 idle  _OSMemCreate
 02D9:192C idle  _OSMemGet
 02D9:19AA idle  _OSMemPut
 02D9:1A1A idle  _OSMemQuery
 02D9:1AC3 idle  _OS_MemInit
 02D9:1B67 idle  _OSMutexAccept
 02D9:1BF2 idle  _OSMutexCreate
 02D9:1CD8 idle  _OSMutexDel
 02D9:1E32 idle  _OSMutexPend
 02D9:201D idle  _OSMutexPost
 02D9:21A5 idle  _OSMutexQuery
 02D9:22C0 idle  _OSQAccept
 02D9:2360       _OSQCreate
 02D9:2483 idle  _OSQDel
 02D9:2600 idle  _OSQFlush
 02D9:2658 idle  _OSQPend
 02D9:279E idle  _OSQPost
 02D9:2866 idle  _OSQPostFront
 02D9:2928 idle  _OSQPostOpt
 02D9:2A66 idle  _OSQQuery
 02D9:2BA1 idle  _OS_QInit
 02D9:2BF1 idle  _OSSemAccept
 02D9:2C23 idle  _OSSemCreate
 02D9:2C97 idle  _OSSemDel
 02D9:2DB5 idle  _OSSemPend
 02D9:2E65 idle  _OSSemPost
 02D9:2EBF idle  _OSSemQuery
 02D9:2FAB idle  _OSTaskChangePrio
 02D9:3177       _OSTaskCreate
 02D9:3234 idle  _OSTaskCreateExt
 02D9:3324 idle  _OSTaskDel
 02D9:3503 idle  _OSTaskDelReq
 02D9:356F idle  _OSTaskResume
 02D9:35EE idle  _OSTaskStkChk
 02D9:36D3 idle  _OSTaskSuspend
 02D9:3781 idle  _OSTaskQuery
 02D9:37EF       _OSTimeDly
 02D9:3836 idle  _OSTimeDlyHMSM
 02D9:3925 idle  _OSTimeDlyResume
 02D9:399D       _OSTimeGet
 02D9:39BC       _OSTimeSet
 0677:0000 idle  DATASEG@
 0677:005B idle  __Int0Vector
 0677:005F idle  __Int4Vector
 0677:0063 idle  __Int5Vector
 0677:0067 idle  __Int6Vector
 0677:006B idle  __C0argc
 0677:006D idle  __C0argv
 0677:0071 idle  __C0environ
 0677:0075 idle  __envLng
 0677:0077 idle  __envseg
 0677:0079 idle  __envSize
 0677:007B       __psp
 0677:007D idle  __osversion
 0677:007D idle  __osmajor
 0677:007D idle  __version
 0677:007E idle  __osminor
 0677:007F       _errno
 0677:0081 idle  __StartTime
 0677:0085 idle  ___brklvl
 0677:0087       __heapbase
 0677:008B       __brklvl
 0677:008F       __heaptop
 0677:0094       _CtxSwMsgCursor
 0677:00BC idle  _OSMapTbl
 0677:00C4 idle  _OSUnMapTbl
 0677:01EA       __atexitcnt
 0677:01EC       __exitbuf
 0677:01F0 idle  __exitfopen
 0677:01F4 idle  __exitopen
 0677:01F8       __streams
 0677:0388       __nfile
 0677:038A       __openfd
 0677:03B2 idle  __doserrno
 0677:03B4 idle  __dosErrorToSV
 0677:040E       __stklen
 0677:0478       __wscroll
 0677:047A       __video
 0677:0489       _directvideo
 0677:04C6       __cFlag
 0677:04C7       __cChar
 0677:04CE       __RealCvtVector
 0677:04D0 idle  __ScanTodVector
 0677:04E2 idle  _TaskInfoBuf
 0677:04F6 idle  _MsgQueueTbl
 0677:0546 idle  _MsgQueue
 0677:054A idle  _TaskStk
 0677:194A idle  _TaskStartStk
 0677:1D4A       _CtxSwMsgBuf
 0677:2132       _OSTickDOSCtr
 0677:2134 idle  _PC_TickISR
 0677:2150 idle  _OSTime
 0677:2154 idle  _OSQTbl
 0677:2244 idle  _OSQFreeList
 0677:2248 idle  _OSMemTbl
 0677:2310 idle  _OSMemFreeList
 0677:2314 idle  _OSTCBTbl
 0677:310B idle  _OSTCBPrioTbl
 0677:320B idle  _OSTCBList
 0677:320F       _OSTCBHighRdy
 0677:3213 idle  _OSTCBFreeList
 0677:3217       _OSTCBCur
 0677:321B idle  _OSTaskIdleStk
 0677:361B idle  _OSIdleCtr
 0677:361F idle  _OSTaskCtr
 0677:3620       _OSRunning
 0677:3621 idle  _OSRdyTbl
 0677:3629 idle  _OSRdyGrp
 0677:362A       _OSPrioHighRdy
 0677:362B       _OSPrioCur
 0677:362C idle  _OSLockNesting
 0677:362D idle  _OSIntExitY
 0677:362E       _OSIntNesting
 0677:362F idle  _OSTaskStatStk
 0677:3A2F idle  _OSStatRdy
 0677:3A30 idle  _OSIdleCtrRun
 0677:3A34 idle  _OSIdleCtrMax
 0677:3A38 idle  _OSCPUUsage
 0677:3A39 idle  _OSFlagFreeList
 0677:3A3D idle  _OSFlagTbl
 0677:3A60 idle  _OSEventTbl
 0677:3B00 idle  _OSEventFreeList
 0677:3B04       _OSCtxSwCtr
 0677:3B08       __atexittbl

Program entry point at 0000:0000

