Archive member included because of file (symbol)

c:/altera/11.0sp1/nios2eds/bin/gnu/h-i686-mingw32/bin/../lib/gcc/nios2-elf/4.1.2/../../../../nios2-elf/lib\libc.a(lib_a-printf.o)
                              obj/hello_ucosii.o (printf)
c:/altera/11.0sp1/nios2eds/bin/gnu/h-i686-mingw32/bin/../lib/gcc/nios2-elf/4.1.2/../../../../nios2-elf/lib\libc.a(lib_a-sprintf.o)
                              obj/hello_ucosii.o (sprintf)
c:/altera/11.0sp1/nios2eds/bin/gnu/h-i686-mingw32/bin/../lib/gcc/nios2-elf/4.1.2/../../../../nios2-elf/lib\libc.a(lib_a-vfprintf.o)
                              c:/altera/11.0sp1/nios2eds/bin/gnu/h-i686-mingw32/bin/../lib/gcc/nios2-elf/4.1.2/../../../../nios2-elf/lib\libc.a(lib_a-printf.o) (___vfprintf_internal_r)
c:/altera/11.0sp1/nios2eds/bin/gnu/h-i686-mingw32/bin/../lib/gcc/nios2-elf/4.1.2/../../../../nios2-elf/lib\libc.a(lib_a-wsetup.o)
                              c:/altera/11.0sp1/nios2eds/bin/gnu/h-i686-mingw32/bin/../lib/gcc/nios2-elf/4.1.2/../../../../nios2-elf/lib\libc.a(lib_a-vfprintf.o) (__swsetup_r)
c:/altera/11.0sp1/nios2eds/bin/gnu/h-i686-mingw32/bin/../lib/gcc/nios2-elf/4.1.2/../../../../nios2-elf/lib\libc.a(lib_a-dtoa.o)
                              c:/altera/11.0sp1/nios2eds/bin/gnu/h-i686-mingw32/bin/../lib/gcc/nios2-elf/4.1.2/../../../../nios2-elf/lib\libc.a(lib_a-vfprintf.o) (_dtoa_r)
c:/altera/11.0sp1/nios2eds/bin/gnu/h-i686-mingw32/bin/../lib/gcc/nios2-elf/4.1.2/../../../../nios2-elf/lib\libc.a(lib_a-fflush.o)
                              c:/altera/11.0sp1/nios2eds/bin/gnu/h-i686-mingw32/bin/../lib/gcc/nios2-elf/4.1.2/../../../../nios2-elf/lib\libc.a(lib_a-vfprintf.o) (_fflush_r)
c:/altera/11.0sp1/nios2eds/bin/gnu/h-i686-mingw32/bin/../lib/gcc/nios2-elf/4.1.2/../../../../nios2-elf/lib\libc.a(lib_a-findfp.o)
                              c:/altera/11.0sp1/nios2eds/bin/gnu/h-i686-mingw32/bin/../lib/gcc/nios2-elf/4.1.2/../../../../nios2-elf/lib\libc.a(lib_a-vfprintf.o) (__sinit)
c:/altera/11.0sp1/nios2eds/bin/gnu/h-i686-mingw32/bin/../lib/gcc/nios2-elf/4.1.2/../../../../nios2-elf/lib\libc.a(lib_a-freer.o)
                              c:/altera/11.0sp1/nios2eds/bin/gnu/h-i686-mingw32/bin/../lib/gcc/nios2-elf/4.1.2/../../../../nios2-elf/lib\libc.a(lib_a-wsetup.o) (_free_r)
c:/altera/11.0sp1/nios2eds/bin/gnu/h-i686-mingw32/bin/../lib/gcc/nios2-elf/4.1.2/../../../../nios2-elf/lib\libc.a(lib_a-fvwrite.o)
                              c:/altera/11.0sp1/nios2eds/bin/gnu/h-i686-mingw32/bin/../lib/gcc/nios2-elf/4.1.2/../../../../nios2-elf/lib\libc.a(lib_a-vfprintf.o) (__sfvwrite_r)
c:/altera/11.0sp1/nios2eds/bin/gnu/h-i686-mingw32/bin/../lib/gcc/nios2-elf/4.1.2/../../../../nios2-elf/lib\libc.a(lib_a-fwalk.o)
                              c:/altera/11.0sp1/nios2eds/bin/gnu/h-i686-mingw32/bin/../lib/gcc/nios2-elf/4.1.2/../../../../nios2-elf/lib\libc.a(lib_a-fflush.o) (_fwalk_reent)
c:/altera/11.0sp1/nios2eds/bin/gnu/h-i686-mingw32/bin/../lib/gcc/nios2-elf/4.1.2/../../../../nios2-elf/lib\libc.a(lib_a-impure.o)
                              c:/altera/11.0sp1/nios2eds/bin/gnu/h-i686-mingw32/bin/../lib/gcc/nios2-elf/4.1.2/../../../../nios2-elf/lib\libc.a(lib_a-printf.o) (_impure_ptr)
c:/altera/11.0sp1/nios2eds/bin/gnu/h-i686-mingw32/bin/../lib/gcc/nios2-elf/4.1.2/../../../../nios2-elf/lib\libc.a(lib_a-locale.o)
                              c:/altera/11.0sp1/nios2eds/bin/gnu/h-i686-mingw32/bin/../lib/gcc/nios2-elf/4.1.2/../../../../nios2-elf/lib\libc.a(lib_a-vfprintf.o) (_localeconv_r)
c:/altera/11.0sp1/nios2eds/bin/gnu/h-i686-mingw32/bin/../lib/gcc/nios2-elf/4.1.2/../../../../nios2-elf/lib\libc.a(lib_a-makebuf.o)
                              c:/altera/11.0sp1/nios2eds/bin/gnu/h-i686-mingw32/bin/../lib/gcc/nios2-elf/4.1.2/../../../../nios2-elf/lib\libc.a(lib_a-wsetup.o) (__smakebuf_r)
c:/altera/11.0sp1/nios2eds/bin/gnu/h-i686-mingw32/bin/../lib/gcc/nios2-elf/4.1.2/../../../../nios2-elf/lib\libc.a(lib_a-mallocr.o)
                              c:/altera/11.0sp1/nios2eds/bin/gnu/h-i686-mingw32/bin/../lib/gcc/nios2-elf/4.1.2/../../../../nios2-elf/lib\libc.a(lib_a-findfp.o) (_malloc_r)
c:/altera/11.0sp1/nios2eds/bin/gnu/h-i686-mingw32/bin/../lib/gcc/nios2-elf/4.1.2/../../../../nios2-elf/lib\libc.a(lib_a-memchr.o)
                              c:/altera/11.0sp1/nios2eds/bin/gnu/h-i686-mingw32/bin/../lib/gcc/nios2-elf/4.1.2/../../../../nios2-elf/lib\libc.a(lib_a-vfprintf.o) (memchr)
c:/altera/11.0sp1/nios2eds/bin/gnu/h-i686-mingw32/bin/../lib/gcc/nios2-elf/4.1.2/../../../../nios2-elf/lib\libc.a(lib_a-memcpy.o)
                              c:/altera/11.0sp1/nios2eds/bin/gnu/h-i686-mingw32/bin/../lib/gcc/nios2-elf/4.1.2/../../../../nios2-elf/lib\libc.a(lib_a-dtoa.o) (memcpy)
c:/altera/11.0sp1/nios2eds/bin/gnu/h-i686-mingw32/bin/../lib/gcc/nios2-elf/4.1.2/../../../../nios2-elf/lib\libc.a(lib_a-memmove.o)
[...]
Memory Configuration

Name             Origin             Length             Attributes
reset            0x00000000         0x00000020
epcs             0x00000020         0x000007e0
sdram_BEFORE_EXCEPTION 0x04000000         0x00000020
sdram            0x04000020         0x01ffffe0
*default*        0x00000000         0xffffffff

Linker script and memory map

LOAD ../Test_bsp//obj/HAL/src/crt0.o
LOAD obj/hello_ucosii.o
LOAD c:/altera/11.0sp1/nios2eds/bin/gnu/h-i686-mingw32/bin/../lib/gcc/nios2-elf/4.1.2/../../../../nios2-elf/lib\libstdc++.a
LOAD c:/altera/11.0sp1/nios2eds/bin/gnu/h-i686-mingw32/bin/../lib/gcc/nios2-elf/4.1.2/../../../../nios2-elf/lib\libm.a
LOAD c:/altera/11.0sp1/nios2eds/bin/gnu/h-i686-mingw32/bin/../lib/gcc/nios2-elf/4.1.2\libgcc.a
START GROUP
LOAD c:/altera/11.0sp1/nios2eds/bin/gnu/h-i686-mingw32/bin/../lib/gcc/nios2-elf/4.1.2/../../../../nios2-elf/lib\libc.a
LOAD c:/altera/11.0sp1/nios2eds/bin/gnu/h-i686-mingw32/bin/../lib/gcc/nios2-elf/4.1.2\libgcc.a
LOAD ../Test_bsp/\libucosii_bsp.a
END GROUP
LOAD c:/altera/11.0sp1/nios2eds/bin/gnu/h-i686-mingw32/bin/../lib/gcc/nios2-elf/4.1.2\libgcc.a
                0x00000000                __alt_mem_epcs = 0x0
                0x04000000                __alt_mem_sdram = 0x4000000

.entry          0x00000000        0x0
 *(.entry)
 .entry         0x00000000        0x0 ../Test_bsp//obj/HAL/src/crt0.o
                0x00000000                __reset

.exceptions     0x04000020      0x19c
                0x04000020                PROVIDE (__ram_exceptions_start, ABSOLUTE (.))
                0x04000020                . = ALIGN (0x20)
 *(.irq)
 *(.exceptions.entry.label)
 .exceptions.entry.label
                0x04000020        0x0 ../Test_bsp/\libucosii_bsp.a(alt_irq_entry.o)
                0x04000020                alt_irq_entry
 .exceptions.entry.label
                0x04000020        0x0 ../Test_bsp/\libucosii_bsp.a(alt_exception_entry.o)
                0x04000020                alt_exception
 *(.exceptions.entry.user)
 *(.exceptions.entry)
 .exceptions.entry
                0x04000020       0x54 ../Test_bsp/\libucosii_bsp.a(alt_exception_entry.o)
 *(.exceptions.irqtest.user)
 *(.exceptions.irqtest)
 .exceptions.irqtest
                0x04000074       0x10 ../Test_bsp/\libucosii_bsp.a(alt_irq_entry.o)
 *(.exceptions.irqhandler.user)
 *(.exceptions.irqhandler)
 .exceptions.irqhandler
                0x04000084        0x4 ../Test_bsp/\libucosii_bsp.a(alt_irq_entry.o)
 *(.exceptions.irqreturn.user)
 *(.exceptions.irqreturn)
 .exceptions.irqreturn
                0x04000088        0x4 ../Test_bsp/\libucosii_bsp.a(alt_irq_entry.o)
 *(.exceptions.notirq.label)
 .exceptions.notirq.label
                0x0400008c        0x0 ../Test_bsp/\libucosii_bsp.a(alt_irq_entry.o)
 *(.exceptions.notirq.user)
 *(.exceptions.notirq)
 .exceptions.notirq
                0x0400008c        0x8 ../Test_bsp/\libucosii_bsp.a(alt_exception_entry.o)
 *(.exceptions.soft.user)
 *(.exceptions.soft)
 *(.exceptions.unknown.user)
 *(.exceptions.unknown)
 .exceptions.unknown
                0x04000094        0x4 ../Test_bsp/\libucosii_bsp.a(alt_exception_entry.o)
 *(.exceptions.exit.label)
 .exceptions.exit.label
                0x04000098        0x0 ../Test_bsp/\libucosii_bsp.a(alt_irq_entry.o)
 .exceptions.exit.label
                0x04000098        0x0 ../Test_bsp/\libucosii_bsp.a(alt_exception_entry.o)
 *(.exceptions.exit.user)
 *(.exceptions.exit)
 .exceptions.exit
                0x04000098       0x54 ../Test_bsp/\libucosii_bsp.a(alt_exception_entry.o)
 *(.exceptions)
 .exceptions    0x040000ec       0xd0 ../Test_bsp/\libucosii_bsp.a(alt_irq_handler.o)
                0x040000ec                alt_irq_handler
                0x040001bc                PROVIDE (__ram_exceptions_end, ABSOLUTE (.))
                0x04000020                PROVIDE (__flash_exceptions_start, LOADADDR (.exceptions))

.text           0x040001bc    0x16ac0
                0x040001bc                PROVIDE (stext, ABSOLUTE (.))
 *(.interp)
 *(.hash)
 *(.dynsym)
 *(.dynstr)
 *(.gnu.version)
 *(.gnu.version_d)
 *(.gnu.version_r)
 *(.rel.init)
 *(.rela.init)
 *(.rel.text .rel.text.* .rel.gnu.linkonce.t.*)
 *(.rela.text .rela.text.* .rela.gnu.linkonce.t.*)
 *(.rel.fini)
 *(.rela.fini)
 *(.rel.rodata .rel.rodata.* .rel.gnu.linkonce.r.*)
 *(.rela.rodata .rela.rodata.* .rela.gnu.linkonce.r.*)
 *(.rel.data .rel.data.* .rel.gnu.linkonce.d.*)
 *(.rela.data .rela.data.* .rela.gnu.linkonce.d.*)
 *(.rel.tdata .rel.tdata.* .rel.gnu.linkonce.td.*)
 *(.rela.tdata .rela.tdata.* .rela.gnu.linkonce.td.*)
 *(.rel.tbss .rel.tbss.* .rel.gnu.linkonce.tb.*)
 *(.rela.tbss .rela.tbss.* .rela.gnu.linkonce.tb.*)
 *(.rel.ctors)
 *(.rela.ctors)
 *(.rel.dtors)
 *(.rela.dtors)
 *(.rel.got)
 *(.rela.got)
 *(.rel.sdata .rel.sdata.* .rel.gnu.linkonce.s.*)
 *(.rela.sdata .rela.sdata.* .rela.gnu.linkonce.s.*)
 *(.rel.sbss .rel.sbss.* .rel.gnu.linkonce.sb.*)
 *(.rela.sbss .rela.sbss.* .rela.gnu.linkonce.sb.*)
 *(.rel.sdata2 .rel.sdata2.* .rel.gnu.linkonce.s2.*)
 *(.rela.sdata2 .rela.sdata2.* .rela.gnu.linkonce.s2.*)
 *(.rel.sbss2 .rel.sbss2.* .rel.gnu.linkonce.sb2.*)
 *(.rela.sbss2 .rela.sbss2.* .rela.gnu.linkonce.sb2.*)
 *(.rel.bss .rel.bss.* .rel.gnu.linkonce.b.*)
 *(.rela.bss .rela.bss.* .rela.gnu.linkonce.b.*)
 *(.rel.plt)
 *(.rela.plt)
 *(.rel.dyn)
 *(.init)
 *(.plt)
 *(.text .stub .text.* .gnu.linkonce.t.*)
 .text          0x040001bc       0x38 ../Test_bsp//obj/HAL/src/crt0.o
                0x040001bc                _start
 .text          0x040001f4      0x920 obj/hello_ucosii.o
                0x040001f4                main
                0x040003ec                Task1
                0x04000564                Task2
                0x040006d8                Task3
                0x0400084c                printCtxSwMessage
                0x040008c4                TaskArgumentSetting
                0x04000a5c                PrintTasksInfo
 .text          0x04000b14       0x78 c:/altera/11.0sp1/nios2eds/bin/gnu/h-i686-mingw32/bin/../lib/gcc/nios2-elf/4.1.2/../../../../nios2-elf/lib\libc.a(lib_a-printf.o)
                0x04000b14                printf
                0x04000b58                _printf_r
 .text          0x04000b8c       0xd4 c:/altera/11.0sp1/nios2eds/bin/gnu/h-i686-mingw32/bin/../lib/gcc/nios2-elf/4.1.2/../../../../nios2-elf/lib\libc.a(lib_a-sprintf.o)
                0x04000b8c                sprintf
                0x04000c00                _sprintf_r
 .text          0x04000c60     0x1f28 c:/altera/11.0sp1/nios2eds/bin/gnu/h-i686-mingw32/bin/../lib/gcc/nios2-elf/4.1.2/../../../../nios2-elf/lib\libc.a(lib_a-vfprintf.o)
                0x04000cb8                ___vfprintf_internal_r
                0x04002b64                __vfprintf_internal
 .text          0x04002b88      0x13c c:/altera/11.0sp1/nios2eds/bin/gnu/h-i686-mingw32/bin/../lib/gcc/nios2-elf/4.1.2/../../../../nios2-elf/lib\libc.a(lib_a-wsetup.o)
                0x04002b88                __swsetup_r
 .text          0x04002cc4     0x17cc c:/altera/11.0sp1/nios2eds/bin/gnu/h-i686-mingw32/bin/../lib/gcc/nios2-elf/4.1.2/../../../../nios2-elf/lib\libc.a(lib_a-dtoa.o)
                0x04002edc                _dtoa_r
 .text          0x04004490      0x230 c:/altera/11.0sp1/nios2eds/bin/gnu/h-i686-mingw32/bin/../lib/gcc/nios2-elf/4.1.2/../../../../nios2-elf/lib\libc.a(lib_a-fflush.o)
                0x04004490                _fflush_r
                0x0400468c                fflush
 .text          0x040046c0      0x2c0 c:/altera/11.0sp1/nios2eds/bin/gnu/h-i686-mingw32/bin/../lib/gcc/nios2-elf/4.1.2/../../../../nios2-elf/lib\libc.a(lib_a-findfp.o)
                0x04004718                __sfp_lock_acquire
                0x0400471c                __sfp_lock_release
                0x04004720                __sinit_lock_acquire
                0x04004724                __sinit_lock_release
                0x04004728                __sinit
                0x040047dc                __fp_unlock_all
                0x040047f4                __fp_lock_all
                0x0400480c                _cleanup_r
                0x04004818                _cleanup
                0x04004828                __sfmoreglue
                0x04004890                __sfp
 .text          0x04004980      0x440 c:/altera/11.0sp1/nios2eds/bin/gnu/h-i686-mingw32/bin/../lib/gcc/nios2-elf/4.1.2/../../../../nios2-elf/lib\libc.a(lib_a-freer.o)
                0x04004980                _malloc_trim_r
                0x04004aac                _free_r
 .text          0x04004dc0      0x49c c:/altera/11.0sp1/nios2eds/bin/gnu/h-i686-mingw32/bin/../lib/gcc/nios2-elf/4.1.2/../../../../nios2-elf/lib\libc.a(lib_a-fvwrite.o)
                0x04004dc0                __sfvwrite_r
 .text          0x0400525c      0x180 c:/altera/11.0sp1/nios2eds/bin/gnu/h-i686-mingw32/bin/../lib/gcc/nios2-elf/4.1.2/../../../../nios2-elf/lib\libc.a(lib_a-fwalk.o)
                0x0400525c                _fwalk_reent
                0x04005324                _fwalk
 .text          0x040053dc        0x0 c:/altera/11.0sp1/nios2eds/bin/gnu/h-i686-mingw32/bin/../lib/gcc/nios2-elf/4.1.2/../../../../nios2-elf/lib\libc.a(lib_a-impure.o)
 .text          0x040053dc       0xc4 c:/altera/11.0sp1/nios2eds/bin/gnu/h-i686-mingw32/bin/../lib/gcc/nios2-elf/4.1.2/../../../../nios2-elf/lib\libc.a(lib_a-locale.o)
                0x040053dc                __locale_charset
                0x040053e4                _localeconv_r
                0x040053f0                localeconv
                0x04005400                _setlocale_r
                0x04005484                setlocale
 .text          0x040054a0      0x194 c:/altera/11.0sp1/nios2eds/bin/gnu/h-i686-mingw32/bin/../lib/gcc/nios2-elf/4.1.2/../../../../nios2-elf/lib\libc.a(lib_a-makebuf.o)
                0x040054a0                __smakebuf_r
 .text          0x04005634      0x740 c:/altera/11.0sp1/nios2eds/bin/gnu/h-i686-mingw32/bin/../lib/gcc/nios2-elf/4.1.2/../../../../nios2-elf/lib\libc.a(lib_a-mallocr.o)
                0x04005634                _malloc_r
 .text          0x04005d74       0xe4 c:/altera/11.0sp1/nios2eds/bin/gnu/h-i686-mingw32/bin/../lib/gcc/nios2-elf/4.1.2/../../../../nios2-elf/lib\libc.a(lib_a-memchr.o)
                0x04005d74                memchr
 .text          0x04005e58       0xa0 c:/altera/11.0sp1/nios2eds/bin/gnu/h-i686-mingw32/bin/../lib/gcc/nios2-elf/4.1.2/../../../../nios2-elf/lib\libc.a(lib_a-memcpy.o)
                0x04005e58                memcpy
 .text          0x04005ef8       0xe0 c:/altera/11.0sp1/nios2eds/bin/gnu/h-i686-mingw32/bin/../lib/gcc/nios2-elf/4.1.2/../../../../nios2-elf/lib\libc.a(lib_a-memmove.o)
                0x04005ef8                memmove
 .text          0x04005fd8       0x98 c:/altera/11.0sp1/nios2eds/bin/gnu/h-i686-mingw32/bin/../lib/gcc/nios2-elf/4.1.2/../../../../nios2-elf/lib\libc.a(lib_a-memset.o)
                0x04005fd8                memset
 .text          0x04006070      0xff4 c:/altera/11.0sp1/nios2eds/bin/gnu/h-i686-mingw32/bin/../lib/gcc/nios2-elf/4.1.2/../../../../nios2-elf/lib\libc.a(lib_a-mprec.o)
                0x04006070                _Bfree
                0x04006098                __hi0bits
                0x04006108                __lo0bits
                0x040061cc                __mcmp
                0x0400622c                __ulp
                0x040062ac                __b2d
                0x040063cc                __ratio
                0x0400647c                _mprec_log10
                0x04006510                __copybits
                0x04006568                __any_on
                0x040065f0                _Balloc
                0x040066ac                __d2b
                0x04006828                __mdiff
                0x040069b4                __lshift
                0x04006b00                __multiply
                0x04006ce8                __i2b
                0x04006d24                __multadd
                0x04006e24                __pow5mult
                0x04006f44                __s2b
 .text          0x04007064      0x5f4 c:/altera/11.0sp1/nios2eds/bin/gnu/h-i686-mingw32/bin/../lib/gcc/nios2-elf/4.1.2/../../../../nios2-elf/lib\libc.a(lib_a-reallocr.o)
                0x04007064                _realloc_r
 .text          0x04007658       0x40 c:/altera/11.0sp1/nios2eds/bin/gnu/h-i686-mingw32/bin/../lib/gcc/nios2-elf/4.1.2/../../../../nios2-elf/lib\libc.a(lib_a-s_isinfd.o)
                0x04007658                __isinfd
 .text          0x04007698       0x30 c:/altera/11.0sp1/nios2eds/bin/gnu/h-i686-mingw32/bin/../lib/gcc/nios2-elf/4.1.2/../../../../nios2-elf/lib\libc.a(lib_a-s_isnand.o)
                0x04007698                __isnand
 .text          0x040076c8       0x70 c:/altera/11.0sp1/nios2eds/bin/gnu/h-i686-mingw32/bin/../lib/gcc/nios2-elf/4.1.2/../../../../nios2-elf/lib\libc.a(lib_a-sbrkr.o)
                0x040076c8                _sbrk_r
 .text          0x04007738      0x14c c:/altera/11.0sp1/nios2eds/bin/gnu/h-i686-mingw32/bin/../lib/gcc/nios2-elf/4.1.2/../../../../nios2-elf/lib\libc.a(lib_a-stdio.o)
                0x04007738                __sclose
                0x04007740                __sseek
                0x040077a8                __swrite
                0x04007824                __sread
 .text          0x04007884       0xbc c:/altera/11.0sp1/nios2eds/bin/gnu/h-i686-mingw32/bin/../lib/gcc/nios2-elf/4.1.2/../../../../nios2-elf/lib\libc.a(lib_a-strcmp.o)
                0x04007884                strcmp
 .text          0x04007940       0x74 c:/altera/11.0sp1/nios2eds/bin/gnu/h-i686-mingw32/bin/../lib/gcc/nios2-elf/4.1.2/../../../../nios2-elf/lib\libc.a(lib_a-strlen.o)
                0x04007940                strlen
 .text          0x040079b4       0x78 c:/altera/11.0sp1/nios2eds/bin/gnu/h-i686-mingw32/bin/../lib/gcc/nios2-elf/4.1.2/../../../../nios2-elf/lib\libc.a(lib_a-writer.o)
                0x040079b4                _write_r
 .text          0x04007a2c       0xb4 c:/altera/11.0sp1/nios2eds/bin/gnu/h-i686-mingw32/bin/../lib/gcc/nios2-elf/4.1.2/../../../../nios2-elf/lib\libc.a(lib_a-callocr.o)
                0x04007a2c                _calloc_r
 .text          0x04007ae0       0x70 c:/altera/11.0sp1/nios2eds/bin/gnu/h-i686-mingw32/bin/../lib/gcc/nios2-elf/4.1.2/../../../../nios2-elf/lib\libc.a(lib_a-closer.o)
                0x04007ae0                _close_r
 .text          0x04007b50      0x124 c:/altera/11.0sp1/nios2eds/bin/gnu/h-i686-mingw32/bin/../lib/gcc/nios2-elf/4.1.2/../../../../nios2-elf/lib\libc.a(lib_a-fclose.o)
                0x04007b50                _fclose_r
                0x04007c60                fclose
 .text          0x04007c74       0x74 c:/altera/11.0sp1/nios2eds/bin/gnu/h-i686-mingw32/bin/../lib/gcc/nios2-elf/4.1.2/../../../../nios2-elf/lib\libc.a(lib_a-fstatr.o)
                0x04007c74                _fstat_r
 .text          0x04007ce8        0x0 c:/altera/11.0sp1/nios2eds/bin/gnu/h-i686-mingw32/bin/../lib/gcc/nios2-elf/4.1.2/../../../../nios2-elf/lib\libc.a(lib_a-int_errno.o)
 .text          0x04007ce8       0x70 c:/altera/11.0sp1/nios2eds/bin/gnu/h-i686-mingw32/bin/../lib/gcc/nios2-elf/4.1.2/../../../../nios2-elf/lib\libc.a(lib_a-isattyr.o)
                0x04007ce8                _isatty_r
 .text          0x04007d58       0x78 c:/altera/11.0sp1/nios2eds/bin/gnu/h-i686-mingw32/bin/../lib/gcc/nios2-elf/4.1.2/../../../../nios2-elf/lib\libc.a(lib_a-lseekr.o)
                0x04007d58                _lseek_r
 .text          0x04007dd0       0x78 c:/altera/11.0sp1/nios2eds/bin/gnu/h-i686-mingw32/bin/../lib/gcc/nios2-elf/4.1.2/../../../../nios2-elf/lib\libc.a(lib_a-readr.o)
                0x04007dd0                _read_r
 .text          0x04007e48      0x5dc c:/altera/11.0sp1/nios2eds/bin/gnu/h-i686-mingw32/bin/../lib/gcc/nios2-elf/4.1.2\libgcc.a(_udivdi3.o)
                0x04007e48                __udivdi3
 .text          0x04008424      0x5b0 c:/altera/11.0sp1/nios2eds/bin/gnu/h-i686-mingw32/bin/../lib/gcc/nios2-elf/4.1.2\libgcc.a(_umoddi3.o)
                0x04008424                __umoddi3
 .text          0x040089d4      0x504 c:/altera/11.0sp1/nios2eds/bin/gnu/h-i686-mingw32/bin/../lib/gcc/nios2-elf/4.1.2\libgcc.a(_addsub_df.o)
                0x04008de4                __subdf3
                0x04008e64                __adddf3
 .text          0x04008ed8      0x3c4 c:/altera/11.0sp1/nios2eds/bin/gnu/h-i686-mingw32/bin/../lib/gcc/nios2-elf/4.1.2\libgcc.a(_mul_df.o)
                0x04008ed8                __muldf3
 .text          0x0400929c      0x258 c:/altera/11.0sp1/nios2eds/bin/gnu/h-i686-mingw32/bin/../lib/gcc/nios2-elf/4.1.2\libgcc.a(_div_df.o)
                0x0400929c                __divdf3
 .text          0x040094f4       0x88 c:/altera/11.0sp1/nios2eds/bin/gnu/h-i686-mingw32/bin/../lib/gcc/nios2-elf/4.1.2\libgcc.a(_eq_df.o)
                0x040094f4                __eqdf2
 .text          0x0400957c       0x88 c:/altera/11.0sp1/nios2eds/bin/gnu/h-i686-mingw32/bin/../lib/gcc/nios2-elf/4.1.2\libgcc.a(_ne_df.o)
                0x0400957c                __nedf2
 .text          0x04009604       0x88 c:/altera/11.0sp1/nios2eds/bin/gnu/h-i686-mingw32/bin/../lib/gcc/nios2-elf/4.1.2\libgcc.a(_gt_df.o)
                0x04009604                __gtdf2
 .text          0x0400968c       0x88 c:/altera/11.0sp1/nios2eds/bin/gnu/h-i686-mingw32/bin/../lib/gcc/nios2-elf/4.1.2\libgcc.a(_ge_df.o)
                0x0400968c                __gedf2
 .text          0x04009714       0x88 c:/altera/11.0sp1/nios2eds/bin/gnu/h-i686-mingw32/bin/../lib/gcc/nios2-elf/4.1.2\libgcc.a(_lt_df.o)
                0x04009714                __ltdf2
 .text          0x0400979c       0xf8 c:/altera/11.0sp1/nios2eds/bin/gnu/h-i686-mingw32/bin/../lib/gcc/nios2-elf/4.1.2\libgcc.a(_si_to_df.o)
                0x0400979c                __floatsidf
 .text          0x04009894       0xd8 c:/altera/11.0sp1/nios2eds/bin/gnu/h-i686-mingw32/bin/../lib/gcc/nios2-elf/4.1.2\libgcc.a(_df_to_si.o)
                0x04009894                __fixdfsi
 .text          0x0400996c        0x0 c:/altera/11.0sp1/nios2eds/bin/gnu/h-i686-mingw32/bin/../lib/gcc/nios2-elf/4.1.2\libgcc.a(_thenan_df.o)
 .text          0x0400996c      0x194 c:/altera/11.0sp1/nios2eds/bin/gnu/h-i686-mingw32/bin/../lib/gcc/nios2-elf/4.1.2\libgcc.a(_usi_to_df.o)
                0x0400996c                __floatunsidf
 .text          0x04009b00      0x14c c:/altera/11.0sp1/nios2eds/bin/gnu/h-i686-mingw32/bin/../lib/gcc/nios2-elf/4.1.2\libgcc.a(lib2-divmod.o)
                0x04009b7c                __divsi3
                0x04009bdc                __modsi3
                0x04009c3c                __udivsi3
                0x04009c44                __umodsi3
 .text          0x04009c4c       0x98 c:/altera/11.0sp1/nios2eds/bin/gnu/h-i686-mingw32/bin/../lib/gcc/nios2-elf/4.1.2\libgcc.a(_muldi3.o)
                0x04009c4c                __muldi3
 .text          0x04009ce4        0x0 c:/altera/11.0sp1/nios2eds/bin/gnu/h-i686-mingw32/bin/../lib/gcc/nios2-elf/4.1.2\libgcc.a(_clz.o)
 .text          0x04009ce4       0x80 c:/altera/11.0sp1/nios2eds/bin/gnu/h-i686-mingw32/bin/../lib/gcc/nios2-elf/4.1.2\libgcc.a(_clzsi2.o)
                0x04009ce4                __clzsi2
 .text          0x04009d64      0x314 c:/altera/11.0sp1/nios2eds/bin/gnu/h-i686-mingw32/bin/../lib/gcc/nios2-elf/4.1.2\libgcc.a(_pack_df.o)
                0x04009d64                __pack_d
 .text          0x0400a078      0x138 c:/altera/11.0sp1/nios2eds/bin/gnu/h-i686-mingw32/bin/../lib/gcc/nios2-elf/4.1.2\libgcc.a(_unpack_df.o)
                0x0400a078                __unpack_d
 .text          0x0400a1b0       0xc8 c:/altera/11.0sp1/nios2eds/bin/gnu/h-i686-mingw32/bin/../lib/gcc/nios2-elf/4.1.2\libgcc.a(_fpcmp_parts_df.o)
                0x0400a1b0                __fpcmp_parts_d
 .text          0x0400a278      0x15c ../Test_bsp/\libucosii_bsp.a(alt_close.o)
                0x0400a278                close
 .text          0x0400a3d4       0x2c ../Test_bsp/\libucosii_bsp.a(alt_dev.o)
 .text          0x0400a400        0x0 ../Test_bsp/\libucosii_bsp.a(alt_errno.o)
 .text          0x0400a400      0x134 ../Test_bsp/\libucosii_bsp.a(alt_fstat.o)
                0x0400a400                fstat
 .text          0x0400a534      0x120 ../Test_bsp/\libucosii_bsp.a(alt_isatty.o)
                0x0400a534                isatty
 .text          0x0400a654      0x150 ../Test_bsp/\libucosii_bsp.a(alt_lseek.o)
                0x0400a654                lseek
 .text          0x0400a7a4       0xc8 ../Test_bsp/\libucosii_bsp.a(alt_main.o)
                0x0400a7a4                alt_main
 .text          0x0400a86c      0x180 ../Test_bsp/\libucosii_bsp.a(alt_read.o)
                0x0400a86c                read
 .text          0x0400a9ec       0x60 ../Test_bsp/\libucosii_bsp.a(alt_release_fd.o)
                0x0400a9ec                alt_release_fd
 .text          0x0400aa4c       0xbc ../Test_bsp/\libucosii_bsp.a(alt_sbrk.o)
                0x0400aa4c                sbrk
 .text          0x0400ab08      0x180 ../Test_bsp/\libucosii_bsp.a(alt_write.o)
                0x0400ab08                write
 .text          0x0400ac88      0x108 ../Test_bsp/\libucosii_bsp.a(alt_env_lock.o)
                0x0400ac88                __env_lock
                0x0400ad34                __env_unlock
 .text          0x0400ad90      0x1d8 ../Test_bsp/\libucosii_bsp.a(alt_malloc_lock.o)
                0x0400ad90                __malloc_lock
                0x0400ae98                __malloc_unlock
 .text          0x0400af68     0x23cc ../Test_bsp/\libucosii_bsp.a(os_core.o)
                0x0400af68                OSEventNameGet
                0x0400b098                OSEventNameSet
                0x0400b1dc                OSEventPendMulti
                0x0400b890                OSInit
                0x0400b8e4                OSIntEnter
                0x0400b960                EDFSched
                0x0400ba38                OSIntExit
                0x0400bbc0                OSSchedLock
                0x0400bc4c                OSSchedUnlock
                0x0400bd30                OSStart
                0x0400be1c                OSStatInit
                0x0400bec8                OSTimeTick
                0x0400c148                OSVersion
                0x0400c168                OS_Dummy
                0x0400c184                OS_EventTaskRdy
                0x0400c318                OS_EventTaskWait
                0x0400c428                OS_EventTaskWaitMulti
                0x0400c57c                OS_EventTaskRemove
                0x0400c634                OS_EventTaskRemoveMulti
                0x0400c738                OS_EventWaitListInit
                0x0400cb04                OS_MemClr
                0x0400cb58                OS_MemCopy
                0x0400cbc4                OS_Sched
                0x0400cd90                OS_StrCopy
                0x0400ce10                OS_StrLen
                0x0400ce68                OS_TaskIdle
                0x0400cec4                OS_TaskStat
                0x0400cf8c                OS_TaskStatStkChk
                0x0400d054                OS_TCBInit
 .text          0x0400d334      0x18c ../Test_bsp/\libucosii_bsp.a(os_dbg.o)
                0x0400d334                OSDebugInit
 .text          0x0400d4c0     0x193c ../Test_bsp/\libucosii_bsp.a(os_flag.o)
                0x0400d4c0                OSFlagAccept
                0x0400d7f4                OSFlagCreate
                0x0400d930                OSFlagDel
                0x0400dbd8                OSFlagNameGet
                0x0400dd1c                OSFlagNameSet
                0x0400de70                OSFlagPend
                0x0400e4b4                OSFlagPendGetFlagsRdy
                0x0400e51c                OSFlagPost
                0x0400e8c4                OSFlagQuery
                0x0400eb5c                OS_FlagInit
                0x0400ed50                OS_FlagUnlink
 .text          0x0400edfc      0x808 ../Test_bsp/\libucosii_bsp.a(os_mem.o)
                0x0400edfc                OSMemCreate
                0x0400f018                OSMemGet
                0x0400f11c                OSMemNameGet
                0x0400f228                OSMemNameSet
                0x0400f348                OSMemPut
                0x0400f438                OSMemQuery
                0x0400f534                OS_MemInit
 .text          0x0400f604     0x1334 ../Test_bsp/\libucosii_bsp.a(os_q.o)
                0x0400f604                OSQAccept
                0x0400f758                OSQCreate
                0x0400f96c                OSQDel
                0x0400fc6c                OSQFlush
                0x0400fd34                OSQPend
                0x04010054                OSQPendAbort
                0x040101d0                OSQPost
                0x04010350                OSQPostFront
                0x040104d8                OSQPostOpt
                0x0401070c                OSQQuery
                0x0401088c                OS_QInit
 .text          0x04010938      0xbc8 ../Test_bsp/\libucosii_bsp.a(os_sem.o)
                0x04010938                OSSemAccept
                0x040109f8                OSSemCreate
                0x04010b0c                OSSemDel
                0x04010dac                OSSemPend
                0x04011028                OSSemPendAbort
                0x040111a4                OSSemPost
                0x040112cc                OSSemQuery
                0x040113fc                OSSemSet
 .text          0x04011500     0x1a40 ../Test_bsp/\libucosii_bsp.a(os_task.o)
                0x04011500                OSTaskChangePrio
                0x04011a74                OSTaskCreate
                0x04011c48                OSTaskCreateExt
                0x04011e48                OSTaskDel
                0x04012254                OSTaskDelReq
                0x040123c4                OSTaskNameGet
                0x0401257c                OSTaskNameSet
                0x04012740                OSTaskResume
                0x04012958                OSTaskStkChk
                0x04012b54                OSTaskSuspend
                0x04012d80                OSTaskQuery
                0x04012ec4                OS_TaskStkClr
 .text          0x04012f40      0x59c ../Test_bsp/\libucosii_bsp.a(os_time.o)
                0x04012f40                OSTimeDly
                0x0401308c                OSTimeDlyHMSM
                0x04013204                OSTimeDlyResume
                0x04013414                OSTimeGet
                0x04013478                OSTimeSet
 .text          0x040134dc       0xd0 ../Test_bsp/\libucosii_bsp.a(alt_sys_init.o)
                0x040134dc                alt_irq_init
                0x04013510                alt_sys_init
 .text          0x040135ac      0x934 ../Test_bsp/\libucosii_bsp.a(altera_avalon_epcs_flash_controller.o)
                0x040135ac                alt_epcs_flash_init
                0x0401392c                alt_epcs_flash_write
                0x04013bac                alt_epcs_flash_get_info
                0x04013c3c                alt_epcs_flash_erase_block
                0x04013d44                alt_epcs_flash_write_block
                0x04013e54                alt_epcs_flash_read
 .text          0x04013ee0      0x148 ../Test_bsp/\libucosii_bsp.a(altera_avalon_jtag_uart_fd.o)
                0x04013ee0                altera_avalon_jtag_uart_read_fd
                0x04013f38                altera_avalon_jtag_uart_write_fd
                0x04013f90                altera_avalon_jtag_uart_close_fd
                0x04013fd8                altera_avalon_jtag_uart_ioctl_fd
 .text          0x04014028      0x584 ../Test_bsp/\libucosii_bsp.a(altera_avalon_jtag_uart_init.o)
                0x04014028                altera_avalon_jtag_uart_init
                0x04014538                altera_avalon_jtag_uart_close
 .text          0x040145ac       0xf4 ../Test_bsp/\libucosii_bsp.a(altera_avalon_jtag_uart_ioctl.o)
                0x040145ac                altera_avalon_jtag_uart_ioctl
 .text          0x040146a0      0x2c0 ../Test_bsp/\libucosii_bsp.a(altera_avalon_jtag_uart_read.o)
                0x040146a0                altera_avalon_jtag_uart_read
 .text          0x04014960      0x2dc ../Test_bsp/\libucosii_bsp.a(altera_avalon_jtag_uart_write.o)
                0x04014960                altera_avalon_jtag_uart_write
 .text          0x04014c3c      0x100 ../Test_bsp/\libucosii_bsp.a(altera_avalon_timer_sc.o)
                0x04014cac                alt_avalon_timer_sc_init
 .text          0x04014d3c      0x460 ../Test_bsp/\libucosii_bsp.a(epcs_commands.o)
                0x04014d3c                epcs_read_status_register
                0x04014d9c                epcs_sector_erase
                0x04014e88                epcs_read_buffer
                0x04014f3c                epcs_write_enable
                0x04014f8c                epcs_write_status_register
                0x04014ff0                epcs_write_buffer
                0x040150c8                epcs_read_electronic_signature
                0x04015134                epcs_read_device_id
 .text          0x0401519c      0x154 ../Test_bsp/\libucosii_bsp.a(alt_alarm_start.o)
                0x0401519c                alt_alarm_start
 .text          0x040152f0      0x114 ../Test_bsp/\libucosii_bsp.a(alt_dev_llist_insert.o)
                0x040152f0                alt_dev_llist_insert
 .text          0x04015404       0x64 ../Test_bsp/\libucosii_bsp.a(alt_do_ctors.o)
                0x04015404                _do_ctors
 .text          0x04015468       0x64 ../Test_bsp/\libucosii_bsp.a(alt_do_dtors.o)
                0x04015468                _do_dtors
 .text          0x040154cc       0xd0 ../Test_bsp/\libucosii_bsp.a(alt_flash_dev.o)
                0x040154cc                alt_flash_open_dev
                0x04015548                alt_flash_close_dev
 .text          0x0401559c      0x1d4 ../Test_bsp/\libucosii_bsp.a(alt_iic.o)
                0x0401559c                alt_ic_isr_register
                0x040155ec                alt_ic_irq_enable
                0x04015688                alt_ic_irq_disable
                0x04015728                alt_ic_irq_enabled
 .text          0x04015770       0xf8 ../Test_bsp/\libucosii_bsp.a(alt_iic_isr_register.o)
                0x04015770                alt_iic_isr_register
 .text          0x04015868      0x13c ../Test_bsp/\libucosii_bsp.a(alt_io_redirect.o)
                0x0401592c                alt_io_redirect
 .text          0x040159a4        0x0 ../Test_bsp/\libucosii_bsp.a(alt_irq_entry.o)
 .text          0x040159a4        0x0 ../Test_bsp/\libucosii_bsp.a(alt_irq_handler.o)
 .text          0x040159a4        0x0 ../Test_bsp/\libucosii_bsp.a(alt_irq_vars.o)
 .text          0x040159a4      0x2c4 ../Test_bsp/\libucosii_bsp.a(alt_open.o)
                0x04015a80                open
 .text          0x04015c68      0x1a8 ../Test_bsp/\libucosii_bsp.a(alt_tick.o)
                0x04015c68                alt_alarm_stop
                0x04015d00                alt_tick
 .text          0x04015e10       0x20 ../Test_bsp/\libucosii_bsp.a(altera_nios2_irq.o)
                0x04015e10                altera_nios2_irq_init
 .text          0x04015e30       0xd0 ../Test_bsp/\libucosii_bsp.a(os_cpu_a.o)
                0x04015e30                OSCtxSw
                0x04015e30                OSIntCtxSw
                0x04015ebc                OSStartHighRdy
                0x04015edc                OSStartTsk
 .text          0x04015f00      0x418 ../Test_bsp/\libucosii_bsp.a(os_cpu_c.o)
                0x04015f00                OSTaskStkInit
                0x04016210                OSTaskCreateHook
                0x04016230                OSTaskDelHook
                0x04016250                OSTaskSwHook
                0x0401626c                OSTaskStatHook
                0x04016288                OSTimeTickHook
                0x040162a4                OSInitHookBegin
                0x040162c0                OSInitHookEnd
                0x040162dc                OSTaskIdleHook
                0x040162f8                OSTCBInitHook
 .text          0x04016318      0x238 ../Test_bsp/\libucosii_bsp.a(altera_avalon_spi.o)
                0x04016318                alt_avalon_spi_command
 .text          0x04016550        0x0 ../Test_bsp/\libucosii_bsp.a(alt_exception_entry.o)
 .text          0x04016550       0x94 ../Test_bsp/\libucosii_bsp.a(alt_find_dev.o)
                0x04016550                alt_find_dev
 .text          0x040165e4      0x120 ../Test_bsp/\libucosii_bsp.a(alt_find_file.o)
                0x040165e4                alt_find_file
 .text          0x04016704       0xf4 ../Test_bsp/\libucosii_bsp.a(alt_get_fd.o)
                0x04016704                alt_get_fd
 .text          0x040167f8       0x14 c:/altera/11.0sp1/nios2eds/bin/gnu/h-i686-mingw32/bin/../lib/gcc/nios2-elf/4.1.2/../../../../nios2-elf/lib\libc.a(lib_a-atexit.o)
                0x040167f8                atexit
 .text          0x0401680c       0x38 c:/altera/11.0sp1/nios2eds/bin/gnu/h-i686-mingw32/bin/../lib/gcc/nios2-elf/4.1.2/../../../../nios2-elf/lib\libc.a(lib_a-exit.o)
                0x0401680c                exit
 .text          0x04016844       0x74 c:/altera/11.0sp1/nios2eds/bin/gnu/h-i686-mingw32/bin/../lib/gcc/nios2-elf/4.1.2/../../../../nios2-elf/lib\libc.a(lib_a-memcmp.o)
                0x04016844                memcmp
 .text          0x040168b8      0x134 c:/altera/11.0sp1/nios2eds/bin/gnu/h-i686-mingw32/bin/../lib/gcc/nios2-elf/4.1.2/../../../../nios2-elf/lib\libc.a(lib_a-__atexit.o)
                0x040168b8                __register_exitproc
 .text          0x040169ec      0x1b4 c:/altera/11.0sp1/nios2eds/bin/gnu/h-i686-mingw32/bin/../lib/gcc/nios2-elf/4.1.2/../../../../nios2-elf/lib\libc.a(lib_a-__call_atexit.o)
                0x040169f0                __call_exitprocs
 .text          0x04016ba0       0x6c ../Test_bsp/\libucosii_bsp.a(alt_exit.o)
                0x04016be0                _exit
 *(.gnu.warning.*)
 *(.fini)
                0x04016c0c                PROVIDE (__etext, ABSOLUTE (.))
                0x04016c0c                PROVIDE (_etext, ABSOLUTE (.))
                0x04016c0c                PROVIDE (etext, ABSOLUTE (.))
 *(.eh_frame_hdr)
                0x04016c0c                . = ALIGN (0x4)
                0x04016c0c                PROVIDE (__preinit_array_start, ABSOLUTE (.))
 *(.preinit_array)
                0x04016c0c                PROVIDE (__preinit_array_end, ABSOLUTE (.))
                0x04016c0c                PROVIDE (__init_array_start, ABSOLUTE (.))
 *(.init_array)
                0x04016c0c                PROVIDE (__init_array_end, ABSOLUTE (.))
                0x04016c0c                PROVIDE (__fini_array_start, ABSOLUTE (.))
 *(.fini_array)
                0x04016c0c                PROVIDE (__fini_array_end, ABSOLUTE (.))
 *(.eh_frame)
 .eh_frame      0x04016c0c       0x40 c:/altera/11.0sp1/nios2eds/bin/gnu/h-i686-mingw32/bin/../lib/gcc/nios2-elf/4.1.2\libgcc.a(_udivdi3.o)
 .eh_frame      0x04016c4c       0x2c c:/altera/11.0sp1/nios2eds/bin/gnu/h-i686-mingw32/bin/../lib/gcc/nios2-elf/4.1.2\libgcc.a(_umoddi3.o)
                                 0x40 (size before relaxing)
 *(.gcc_except_table)
 *(.dynamic)
                0x04016c78                PROVIDE (__CTOR_LIST__, ABSOLUTE (.))
 *(.ctors)
 *(SORT(.ctors.*))
 .ctors.65535   0x04016c78        0x4 c:/altera/11.0sp1/nios2eds/bin/gnu/h-i686-mingw32/bin/../lib/gcc/nios2-elf/4.1.2/../../../../nios2-elf/lib\libc.a(lib_a-__call_atexit.o)
                0x04016c7c                PROVIDE (__CTOR_END__, ABSOLUTE (.))
                0x04016c7c                PROVIDE (__DTOR_LIST__, ABSOLUTE (.))
 *(.dtors)
 *(SORT(.dtors.*))
                0x04016c7c                PROVIDE (__DTOR_END__, ABSOLUTE (.))
 *(.jcr)
                0x04016c7c                . = ALIGN (0x4)

.rodata         0x04016c7c      0x518
                0x04016c7c                PROVIDE (__ram_rodata_start, ABSOLUTE (.))
                0x04016c7c                . = ALIGN (0x4)
 *(.rodata .rodata.* .gnu.linkonce.r.*)
 .rodata        0x04016c7c       0x84 obj/hello_ucosii.o
 .rodata.str1.4
                0x04016d00       0x5e c:/altera/11.0sp1/nios2eds/bin/gnu/h-i686-mingw32/bin/../lib/gcc/nios2-elf/4.1.2/../../../../nios2-elf/lib\libc.a(lib_a-vfprintf.o)
                                 0x60 (size before relaxing)
 .rodata        0x04016d5e       0x20 c:/altera/11.0sp1/nios2eds/bin/gnu/h-i686-mingw32/bin/../lib/gcc/nios2-elf/4.1.2/../../../../nios2-elf/lib\libc.a(lib_a-vfprintf.o)
 *fill*         0x04016d7e        0x2 00
 .rodata.str1.4
                0x04016d80       0x10 c:/altera/11.0sp1/nios2eds/bin/gnu/h-i686-mingw32/bin/../lib/gcc/nios2-elf/4.1.2/../../../../nios2-elf/lib\libc.a(lib_a-dtoa.o)
                                 0x14 (size before relaxing)
 .rodata.str1.4
                0x04016d90        0x2 c:/altera/11.0sp1/nios2eds/bin/gnu/h-i686-mingw32/bin/../lib/gcc/nios2-elf/4.1.2/../../../../nios2-elf/lib\libc.a(lib_a-impure.o)
                                  0x4 (size before relaxing)
 *fill*         0x04016d92        0x2 00
 .rodata.str1.4
                0x04016d94       0x10 c:/altera/11.0sp1/nios2eds/bin/gnu/h-i686-mingw32/bin/../lib/gcc/nios2-elf/4.1.2/../../../../nios2-elf/lib\libc.a(lib_a-locale.o)
                                 0x18 (size before relaxing)
 .rodata        0x04016da4       0x30 c:/altera/11.0sp1/nios2eds/bin/gnu/h-i686-mingw32/bin/../lib/gcc/nios2-elf/4.1.2/../../../../nios2-elf/lib\libc.a(lib_a-locale.o)
 .rodata        0x04016dd4      0x124 c:/altera/11.0sp1/nios2eds/bin/gnu/h-i686-mingw32/bin/../lib/gcc/nios2-elf/4.1.2/../../../../nios2-elf/lib\libc.a(lib_a-mprec.o)
                0x04016dd4                __mprec_tens
                0x04016e9c                __mprec_bigtens
                0x04016ec4                __mprec_tinytens
 .rodata        0x04016ef8       0x14 c:/altera/11.0sp1/nios2eds/bin/gnu/h-i686-mingw32/bin/../lib/gcc/nios2-elf/4.1.2\libgcc.a(_thenan_df.o)
                0x04016ef8                __thenan_df
 .rodata        0x04016f0c      0x100 c:/altera/11.0sp1/nios2eds/bin/gnu/h-i686-mingw32/bin/../lib/gcc/nios2-elf/4.1.2\libgcc.a(_clz.o)
                0x04016f0c                __clz_tab
 .rodata        0x0401700c        0xc ../Test_bsp/\libucosii_bsp.a(alt_dev.o)
 .rodata        0x04017018       0x10 ../Test_bsp/\libucosii_bsp.a(alt_main.o)
 .rodata        0x04017028      0x14c ../Test_bsp/\libucosii_bsp.a(os_core.o)
                0x04017028                OSUnMapTbl
 .rodata        0x04017174       0x1c ../Test_bsp/\libucosii_bsp.a(alt_sys_init.o)
 .rodata        0x04017190        0x4 ../Test_bsp/\libucosii_bsp.a(os_cpu_c.o)
 *(.rodata1)
                0x04017194                . = ALIGN (0x4)
                0x04017194                PROVIDE (__ram_rodata_end, ABSOLUTE (.))
                0x04016c7c                PROVIDE (__flash_rodata_start, LOADADDR (.rodata))

.rwdata         0x04017194     0x1bb0
                0x04017194                PROVIDE (__ram_rwdata_start, ABSOLUTE (.))
                0x04017194                . = ALIGN (0x4)
 *(.got.plt)
 *(.got)
 *(.data1)
 *(.data .data.* .gnu.linkonce.d.*)
 .data          0x04017194        0x0 ../Test_bsp//obj/HAL/src/crt0.o
 .data          0x04017194        0x0 obj/hello_ucosii.o
 .data          0x04017194        0x0 c:/altera/11.0sp1/nios2eds/bin/gnu/h-i686-mingw32/bin/../lib/gcc/nios2-elf/4.1.2/../../../../nios2-elf/lib\libc.a(lib_a-printf.o)
 .data          0x04017194        0x0 c:/altera/11.0sp1/nios2eds/bin/gnu/h-i686-mingw32/bin/../lib/gcc/nios2-elf/4.1.2/../../../../nios2-elf/lib\libc.a(lib_a-sprintf.o)
 .data          0x04017194        0x0 c:/altera/11.0sp1/nios2eds/bin/gnu/h-i686-mingw32/bin/../lib/gcc/nios2-elf/4.1.2/../../../../nios2-elf/lib\libc.a(lib_a-vfprintf.o)
 .data          0x04017194        0x0 c:/altera/11.0sp1/nios2eds/bin/gnu/h-i686-mingw32/bin/../lib/gcc/nios2-elf/4.1.2/../../../../nios2-elf/lib\libc.a(lib_a-wsetup.o)
 .data          0x04017194        0x0 c:/altera/11.0sp1/nios2eds/bin/gnu/h-i686-mingw32/bin/../lib/gcc/nios2-elf/4.1.2/../../../../nios2-elf/lib\libc.a(lib_a-dtoa.o)
 .data          0x04017194        0x0 c:/altera/11.0sp1/nios2eds/bin/gnu/h-i686-mingw32/bin/../lib/gcc/nios2-elf/4.1.2/../../../../nios2-elf/lib\libc.a(lib_a-fflush.o)
 .data          0x04017194        0x0 c:/altera/11.0sp1/nios2eds/bin/gnu/h-i686-mingw32/bin/../lib/gcc/nios2-elf/4.1.2/../../../../nios2-elf/lib\libc.a(lib_a-findfp.o)
 .data          0x04017194        0x0 c:/altera/11.0sp1/nios2eds/bin/gnu/h-i686-mingw32/bin/../lib/gcc/nios2-elf/4.1.2/../../../../nios2-elf/lib\libc.a(lib_a-freer.o)
 .data          0x04017194        0x0 c:/altera/11.0sp1/nios2eds/bin/gnu/h-i686-mingw32/bin/../lib/gcc/nios2-elf/4.1.2/../../../../nios2-elf/lib\libc.a(lib_a-fvwrite.o)
 .data          0x04017194        0x0 c:/altera/11.0sp1/nios2eds/bin/gnu/h-i686-mingw32/bin/../lib/gcc/nios2-elf/4.1.2/../../../../nios2-elf/lib\libc.a(lib_a-fwalk.o)
 .data          0x04017194      0x400 c:/altera/11.0sp1/nios2eds/bin/gnu/h-i686-mingw32/bin/../lib/gcc/nios2-elf/4.1.2/../../../../nios2-elf/lib\libc.a(lib_a-impure.o)
 .data          0x04017594        0xc c:/altera/11.0sp1/nios2eds/bin/gnu/h-i686-mingw32/bin/../lib/gcc/nios2-elf/4.1.2/../../../../nios2-elf/lib\libc.a(lib_a-locale.o)
                0x04017594                __lc_ctype
 .data          0x040175a0        0x0 c:/altera/11.0sp1/nios2eds/bin/gnu/h-i686-mingw32/bin/../lib/gcc/nios2-elf/4.1.2/../../../../nios2-elf/lib\libc.a(lib_a-makebuf.o)
 .data          0x040175a0      0x408 c:/altera/11.0sp1/nios2eds/bin/gnu/h-i686-mingw32/bin/../lib/gcc/nios2-elf/4.1.2/../../../../nios2-elf/lib\libc.a(lib_a-mallocr.o)
                0x040175a0                __malloc_av_
 .data          0x040179a8        0x0 c:/altera/11.0sp1/nios2eds/bin/gnu/h-i686-mingw32/bin/../lib/gcc/nios2-elf/4.1.2/../../../../nios2-elf/lib\libc.a(lib_a-memchr.o)
 .data          0x040179a8        0x0 c:/altera/11.0sp1/nios2eds/bin/gnu/h-i686-mingw32/bin/../lib/gcc/nios2-elf/4.1.2/../../../../nios2-elf/lib\libc.a(lib_a-memcpy.o)
 .data          0x040179a8        0x0 c:/altera/11.0sp1/nios2eds/bin/gnu/h-i686-mingw32/bin/../lib/gcc/nios2-elf/4.1.2/../../../../nios2-elf/lib\libc.a(lib_a-memmove.o)
 .data          0x040179a8        0x0 c:/altera/11.0sp1/nios2eds/bin/gnu/h-i686-mingw32/bin/../lib/gcc/nios2-elf/4.1.2/../../../../nios2-elf/lib\libc.a(lib_a-memset.o)
 .data          0x040179a8        0x0 c:/altera/11.0sp1/nios2eds/bin/gnu/h-i686-mingw32/bin/../lib/gcc/nios2-elf/4.1.2/../../../../nios2-elf/lib\libc.a(lib_a-mprec.o)
 .data          0x040179a8        0x0 c:/altera/11.0sp1/nios2eds/bin/gnu/h-i686-mingw32/bin/../lib/gcc/nios2-elf/4.1.2/../../../../nios2-elf/lib\libc.a(lib_a-reallocr.o)
 .data          0x040179a8        0x0 c:/altera/11.0sp1/nios2eds/bin/gnu/h-i686-mingw32/bin/../lib/gcc/nios2-elf/4.1.2/../../../../nios2-elf/lib\libc.a(lib_a-s_isinfd.o)
 .data          0x040179a8        0x0 c:/altera/11.0sp1/nios2eds/bin/gnu/h-i686-mingw32/bin/../lib/gcc/nios2-elf/4.1.2/../../../../nios2-elf/lib\libc.a(lib_a-s_isnand.o)
 .data          0x040179a8        0x0 c:/altera/11.0sp1/nios2eds/bin/gnu/h-i686-mingw32/bin/../lib/gcc/nios2-elf/4.1.2/../../../../nios2-elf/lib\libc.a(lib_a-sbrkr.o)
 .data          0x040179a8        0x0 c:/altera/11.0sp1/nios2eds/bin/gnu/h-i686-mingw32/bin/../lib/gcc/nios2-elf/4.1.2/../../../../nios2-elf/lib\libc.a(lib_a-stdio.o)
 .data          0x040179a8        0x0 c:/altera/11.0sp1/nios2eds/bin/gnu/h-i686-mingw32/bin/../lib/gcc/nios2-elf/4.1.2/../../../../nios2-elf/lib\libc.a(lib_a-strcmp.o)
 .data          0x040179a8        0x0 c:/altera/11.0sp1/nios2eds/bin/gnu/h-i686-mingw32/bin/../lib/gcc/nios2-elf/4.1.2/../../../../nios2-elf/lib\libc.a(lib_a-strlen.o)
 .data          0x040179a8        0x0 c:/altera/11.0sp1/nios2eds/bin/gnu/h-i686-mingw32/bin/../lib/gcc/nios2-elf/4.1.2/../../../../nios2-elf/lib\libc.a(lib_a-writer.o)
 .data          0x040179a8        0x0 c:/altera/11.0sp1/nios2eds/bin/gnu/h-i686-mingw32/bin/../lib/gcc/nios2-elf/4.1.2/../../../../nios2-elf/lib\libc.a(lib_a-callocr.o)
 .data          0x040179a8        0x0 c:/altera/11.0sp1/nios2eds/bin/gnu/h-i686-mingw32/bin/../lib/gcc/nios2-elf/4.1.2/../../../../nios2-elf/lib\libc.a(lib_a-closer.o)
 .data          0x040179a8        0x0 c:/altera/11.0sp1/nios2eds/bin/gnu/h-i686-mingw32/bin/../lib/gcc/nios2-elf/4.1.2/../../../../nios2-elf/lib\libc.a(lib_a-fclose.o)
 .data          0x040179a8        0x0 c:/altera/11.0sp1/nios2eds/bin/gnu/h-i686-mingw32/bin/../lib/gcc/nios2-elf/4.1.2/../../../../nios2-elf/lib\libc.a(lib_a-fstatr.o)
 .data          0x040179a8        0x0 c:/altera/11.0sp1/nios2eds/bin/gnu/h-i686-mingw32/bin/../lib/gcc/nios2-elf/4.1.2/../../../../nios2-elf/lib\libc.a(lib_a-int_errno.o)
 .data          0x040179a8        0x0 c:/altera/11.0sp1/nios2eds/bin/gnu/h-i686-mingw32/bin/../lib/gcc/nios2-elf/4.1.2/../../../../nios2-elf/lib\libc.a(lib_a-isattyr.o)
 .data          0x040179a8        0x0 c:/altera/11.0sp1/nios2eds/bin/gnu/h-i686-mingw32/bin/../lib/gcc/nios2-elf/4.1.2/../../../../nios2-elf/lib\libc.a(lib_a-lseekr.o)
 .data          0x040179a8        0x0 c:/altera/11.0sp1/nios2eds/bin/gnu/h-i686-mingw32/bin/../lib/gcc/nios2-elf/4.1.2/../../../../nios2-elf/lib\libc.a(lib_a-readr.o)
 .data          0x040179a8        0x0 c:/altera/11.0sp1/nios2eds/bin/gnu/h-i686-mingw32/bin/../lib/gcc/nios2-elf/4.1.2\libgcc.a(_udivdi3.o)
 .data          0x040179a8        0x0 c:/altera/11.0sp1/nios2eds/bin/gnu/h-i686-mingw32/bin/../lib/gcc/nios2-elf/4.1.2\libgcc.a(_umoddi3.o)
 .data          0x040179a8        0x0 c:/altera/11.0sp1/nios2eds/bin/gnu/h-i686-mingw32/bin/../lib/gcc/nios2-elf/4.1.2\libgcc.a(_addsub_df.o)
 .data          0x040179a8        0x0 c:/altera/11.0sp1/nios2eds/bin/gnu/h-i686-mingw32/bin/../lib/gcc/nios2-elf/4.1.2\libgcc.a(_mul_df.o)
 .data          0x040179a8        0x0 c:/altera/11.0sp1/nios2eds/bin/gnu/h-i686-mingw32/bin/../lib/gcc/nios2-elf/4.1.2\libgcc.a(_div_df.o)
 .data          0x040179a8        0x0 c:/altera/11.0sp1/nios2eds/bin/gnu/h-i686-mingw32/bin/../lib/gcc/nios2-elf/4.1.2\libgcc.a(_eq_df.o)
 .data          0x040179a8        0x0 c:/altera/11.0sp1/nios2eds/bin/gnu/h-i686-mingw32/bin/../lib/gcc/nios2-elf/4.1.2\libgcc.a(_ne_df.o)
 .data          0x040179a8        0x0 c:/altera/11.0sp1/nios2eds/bin/gnu/h-i686-mingw32/bin/../lib/gcc/nios2-elf/4.1.2\libgcc.a(_gt_df.o)
 .data          0x040179a8        0x0 c:/altera/11.0sp1/nios2eds/bin/gnu/h-i686-mingw32/bin/../lib/gcc/nios2-elf/4.1.2\libgcc.a(_ge_df.o)
 .data          0x040179a8        0x0 c:/altera/11.0sp1/nios2eds/bin/gnu/h-i686-mingw32/bin/../lib/gcc/nios2-elf/4.1.2\libgcc.a(_lt_df.o)
 .data          0x040179a8        0x0 c:/altera/11.0sp1/nios2eds/bin/gnu/h-i686-mingw32/bin/../lib/gcc/nios2-elf/4.1.2\libgcc.a(_si_to_df.o)
 .data          0x040179a8        0x0 c:/altera/11.0sp1/nios2eds/bin/gnu/h-i686-mingw32/bin/../lib/gcc/nios2-elf/4.1.2\libgcc.a(_df_to_si.o)
 .data          0x040179a8        0x0 c:/altera/11.0sp1/nios2eds/bin/gnu/h-i686-mingw32/bin/../lib/gcc/nios2-elf/4.1.2\libgcc.a(_thenan_df.o)
 .data          0x040179a8        0x0 c:/altera/11.0sp1/nios2eds/bin/gnu/h-i686-mingw32/bin/../lib/gcc/nios2-elf/4.1.2\libgcc.a(_usi_to_df.o)
 .data          0x040179a8        0x0 c:/altera/11.0sp1/nios2eds/bin/gnu/h-i686-mingw32/bin/../lib/gcc/nios2-elf/4.1.2\libgcc.a(lib2-divmod.o)
 .data          0x040179a8        0x0 c:/altera/11.0sp1/nios2eds/bin/gnu/h-i686-mingw32/bin/../lib/gcc/nios2-elf/4.1.2\libgcc.a(_muldi3.o)
 .data          0x040179a8        0x0 c:/altera/11.0sp1/nios2eds/bin/gnu/h-i686-mingw32/bin/../lib/gcc/nios2-elf/4.1.2\libgcc.a(_clz.o)
 .data          0x040179a8        0x0 c:/altera/11.0sp1/nios2eds/bin/gnu/h-i686-mingw32/bin/../lib/gcc/nios2-elf/4.1.2\libgcc.a(_clzsi2.o)
 .data          0x040179a8        0x0 c:/altera/11.0sp1/nios2eds/bin/gnu/h-i686-mingw32/bin/../lib/gcc/nios2-elf/4.1.2\libgcc.a(_pack_df.o)
 .data          0x040179a8        0x0 c:/altera/11.0sp1/nios2eds/bin/gnu/h-i686-mingw32/bin/../lib/gcc/nios2-elf/4.1.2\libgcc.a(_unpack_df.o)
 .data          0x040179a8        0x0 c:/altera/11.0sp1/nios2eds/bin/gnu/h-i686-mingw32/bin/../lib/gcc/nios2-elf/4.1.2\libgcc.a(_fpcmp_parts_df.o)
 .data          0x040179a8        0x0 ../Test_bsp/\libucosii_bsp.a(alt_close.o)
 .data          0x040179a8      0x1a8 ../Test_bsp/\libucosii_bsp.a(alt_dev.o)
                0x040179a8                alt_dev_null
                0x040179d0                alt_fd_list
 .data          0x04017b50        0x0 ../Test_bsp/\libucosii_bsp.a(alt_errno.o)
 .data          0x04017b50        0x0 ../Test_bsp/\libucosii_bsp.a(alt_fstat.o)
 .data          0x04017b50        0x0 ../Test_bsp/\libucosii_bsp.a(alt_isatty.o)
 .data          0x04017b50        0x0 ../Test_bsp/\libucosii_bsp.a(alt_lseek.o)
 .data          0x04017b50        0x0 ../Test_bsp/\libucosii_bsp.a(alt_main.o)
 .data          0x04017b50        0x0 ../Test_bsp/\libucosii_bsp.a(alt_read.o)
 .data          0x04017b50        0x0 ../Test_bsp/\libucosii_bsp.a(alt_release_fd.o)
 .data          0x04017b50        0x0 ../Test_bsp/\libucosii_bsp.a(alt_sbrk.o)
 .data          0x04017b50        0x0 ../Test_bsp/\libucosii_bsp.a(alt_write.o)
 .data          0x04017b50        0x0 ../Test_bsp/\libucosii_bsp.a(alt_env_lock.o)
 .data          0x04017b50        0x0 ../Test_bsp/\libucosii_bsp.a(alt_malloc_lock.o)
 .data          0x04017b50        0x0 ../Test_bsp/\libucosii_bsp.a(os_core.o)
 .data          0x04017b50        0x0 ../Test_bsp/\libucosii_bsp.a(os_dbg.o)
 .data          0x04017b50        0x0 ../Test_bsp/\libucosii_bsp.a(os_flag.o)
 .data          0x04017b50        0x0 ../Test_bsp/\libucosii_bsp.a(os_mem.o)
 .data          0x04017b50        0x0 ../Test_bsp/\libucosii_bsp.a(os_q.o)
 .data          0x04017b50        0x0 ../Test_bsp/\libucosii_bsp.a(os_sem.o)
 .data          0x04017b50        0x0 ../Test_bsp/\libucosii_bsp.a(os_task.o)
 .data          0x04017b50        0x0 ../Test_bsp/\libucosii_bsp.a(os_time.o)
 .data          0x04017b50     0x1130 ../Test_bsp/\libucosii_bsp.a(alt_sys_init.o)
 .data          0x04018c80        0x0 ../Test_bsp/\libucosii_bsp.a(altera_avalon_epcs_flash_controller.o)
 .data          0x04018c80        0x0 ../Test_bsp/\libucosii_bsp.a(altera_avalon_jtag_uart_fd.o)
 .data          0x04018c80        0x0 ../Test_bsp/\libucosii_bsp.a(altera_avalon_jtag_uart_init.o)
 .data          0x04018c80        0x0 ../Test_bsp/\libucosii_bsp.a(altera_avalon_jtag_uart_ioctl.o)
 .data          0x04018c80        0x0 ../Test_bsp/\libucosii_bsp.a(altera_avalon_jtag_uart_read.o)
 .data          0x04018c80        0x0 ../Test_bsp/\libucosii_bsp.a(altera_avalon_jtag_uart_write.o)
 .data          0x04018c80        0x0 ../Test_bsp/\libucosii_bsp.a(altera_avalon_timer_sc.o)
 .data          0x04018c80        0x0 ../Test_bsp/\libucosii_bsp.a(epcs_commands.o)
 .data          0x04018c80        0x0 ../Test_bsp/\libucosii_bsp.a(alt_alarm_start.o)
 .data          0x04018c80        0x0 ../Test_bsp/\libucosii_bsp.a(alt_dev_llist_insert.o)
 .data          0x04018c80        0x0 ../Test_bsp/\libucosii_bsp.a(alt_do_ctors.o)
 .data          0x04018c80        0x0 ../Test_bsp/\libucosii_bsp.a(alt_do_dtors.o)
 .data          0x04018c80        0x0 ../Test_bsp/\libucosii_bsp.a(alt_flash_dev.o)
 .data          0x04018c80        0x0 ../Test_bsp/\libucosii_bsp.a(alt_iic.o)
 .data          0x04018c80        0x0 ../Test_bsp/\libucosii_bsp.a(alt_iic_isr_register.o)
 .data          0x04018c80        0x0 ../Test_bsp/\libucosii_bsp.a(alt_io_redirect.o)
 .data          0x04018c80        0x0 ../Test_bsp/\libucosii_bsp.a(alt_irq_entry.o)
 .data          0x04018c80        0x0 ../Test_bsp/\libucosii_bsp.a(alt_irq_handler.o)
 .data          0x04018c80        0x0 ../Test_bsp/\libucosii_bsp.a(alt_irq_vars.o)
 .data          0x04018c80        0x0 ../Test_bsp/\libucosii_bsp.a(alt_open.o)
 .data          0x04018c80        0x0 ../Test_bsp/\libucosii_bsp.a(alt_tick.o)
 .data          0x04018c80        0x0 ../Test_bsp/\libucosii_bsp.a(altera_nios2_irq.o)
 .data          0x04018c80        0x0 ../Test_bsp/\libucosii_bsp.a(os_cpu_a.o)
 .data          0x04018c80        0x0 ../Test_bsp/\libucosii_bsp.a(os_cpu_c.o)
 .data          0x04018c80        0x0 ../Test_bsp/\libucosii_bsp.a(altera_avalon_spi.o)
 .data          0x04018c80        0x0 ../Test_bsp/\libucosii_bsp.a(alt_exception_entry.o)
 .data          0x04018c80        0x0 ../Test_bsp/\libucosii_bsp.a(alt_find_dev.o)
 .data          0x04018c80        0x0 ../Test_bsp/\libucosii_bsp.a(alt_find_file.o)
 .data          0x04018c80        0x0 ../Test_bsp/\libucosii_bsp.a(alt_get_fd.o)
 .data          0x04018c80        0x0 c:/altera/11.0sp1/nios2eds/bin/gnu/h-i686-mingw32/bin/../lib/gcc/nios2-elf/4.1.2/../../../../nios2-elf/lib\libc.a(lib_a-atexit.o)
 .data          0x04018c80        0x0 c:/altera/11.0sp1/nios2eds/bin/gnu/h-i686-mingw32/bin/../lib/gcc/nios2-elf/4.1.2/../../../../nios2-elf/lib\libc.a(lib_a-exit.o)
 .data          0x04018c80        0x0 c:/altera/11.0sp1/nios2eds/bin/gnu/h-i686-mingw32/bin/../lib/gcc/nios2-elf/4.1.2/../../../../nios2-elf/lib\libc.a(lib_a-memcmp.o)
 .data          0x04018c80        0x0 c:/altera/11.0sp1/nios2eds/bin/gnu/h-i686-mingw32/bin/../lib/gcc/nios2-elf/4.1.2/../../../../nios2-elf/lib\libc.a(lib_a-__atexit.o)
 .data          0x04018c80        0x0 c:/altera/11.0sp1/nios2eds/bin/gnu/h-i686-mingw32/bin/../lib/gcc/nios2-elf/4.1.2/../../../../nios2-elf/lib\libc.a(lib_a-__call_atexit.o)
 .data          0x04018c80        0x0 ../Test_bsp/\libucosii_bsp.a(alt_exit.o)
                0x04020c80                _gp = ABSOLUTE ((. + 0x8000))
                0x04020c80                PROVIDE (gp, _gp)
 *(.rwdata .rwdata.*)
 *(.sdata .sdata.* .gnu.linkonce.s.*)
 .sdata         0x04018c80        0x8 c:/altera/11.0sp1/nios2eds/bin/gnu/h-i686-mingw32/bin/../lib/gcc/nios2-elf/4.1.2/../../../../nios2-elf/lib\libc.a(lib_a-impure.o)
                0x04018c80                _impure_ptr
                0x04018c84                _global_impure_ptr
 .sdata         0x04018c88        0x8 c:/altera/11.0sp1/nios2eds/bin/gnu/h-i686-mingw32/bin/../lib/gcc/nios2-elf/4.1.2/../../../../nios2-elf/lib\libc.a(lib_a-locale.o)
                0x04018c88                __mb_cur_max
 .sdata         0x04018c90        0x8 c:/altera/11.0sp1/nios2eds/bin/gnu/h-i686-mingw32/bin/../lib/gcc/nios2-elf/4.1.2/../../../../nios2-elf/lib\libc.a(lib_a-mallocr.o)
                0x04018c90                __malloc_trim_threshold
                0x04018c94                __malloc_sbrk_base
 .sdata         0x04018c98       0x14 ../Test_bsp/\libucosii_bsp.a(alt_dev.o)
                0x04018c98                alt_fs_list
                0x04018ca0                alt_dev_list
                0x04018ca8                alt_max_fd
 .sdata         0x04018cac        0x4 ../Test_bsp/\libucosii_bsp.a(alt_errno.o)
                0x04018cac                alt_errno
 .sdata         0x04018cb0        0x4 ../Test_bsp/\libucosii_bsp.a(alt_sbrk.o)
 .sdata         0x04018cb4        0x4 ../Test_bsp/\libucosii_bsp.a(alt_env_lock.o)
 .sdata         0x04018cb8        0x4 ../Test_bsp/\libucosii_bsp.a(alt_malloc_lock.o)
 .sdata         0x04018cbc       0x74 ../Test_bsp/\libucosii_bsp.a(os_dbg.o)
                0x04018cbc                OSDebugEn
                0x04018cc0                OSEndiannessTest
                0x04018cc4                OSEventEn
                0x04018cc6                OSEventMax
                0x04018cc8                OSEventNameSize
                0x04018cca                OSEventSize
                0x04018ccc                OSEventTblSize
                0x04018cce                OSEventMultiEn
                0x04018cd0                OSFlagEn
                0x04018cd2                OSFlagGrpSize
                0x04018cd4                OSFlagNodeSize
                0x04018cd6                OSFlagWidth
                0x04018cd8                OSFlagMax
                0x04018cda                OSFlagNameSize
                0x04018cdc                OSLowestPrio
                0x04018cde                OSMboxEn
                0x04018ce0                OSMemEn
                0x04018ce2                OSMemMax
                0x04018ce4                OSMemNameSize
                0x04018ce6                OSMemSize
                0x04018ce8                OSMemTblSize
                0x04018cea                OSMutexEn
                0x04018cec                OSPtrSize
                0x04018cee                OSQEn
                0x04018cf0                OSQMax
                0x04018cf2                OSQSize
                0x04018cf4                OSRdyTblSize
                0x04018cf6                OSSemEn
                0x04018cf8                OSStkWidth
                0x04018cfa                OSTaskCreateEn
                0x04018cfc                OSTaskCreateExtEn
                0x04018cfe                OSTaskDelEn
                0x04018d00                OSTaskIdleStkSize
                0x04018d02                OSTaskProfileEn
                0x04018d04                OSTaskMax
                0x04018d06                OSTaskNameSize
                0x04018d08                OSTaskStatEn
                0x04018d0a                OSTaskStatStkSize
                0x04018d0c                OSTaskStatStkChkEn
                0x04018d0e                OSTaskSwHookEn
                0x04018d10                OSTCBPrioTblMax
                0x04018d12                OSTCBSize
                0x04018d14                OSTicksPerSec
                0x04018d16                OSTimeTickHookEn
                0x04018d18                OSVersionNbr
                0x04018d1a                OSTmrEn
                0x04018d1c                OSTmrCfgMax
                0x04018d1e                OSTmrCfgNameSize
                0x04018d20                OSTmrCfgWheelSize
                0x04018d22                OSTmrCfgTicksPerSec
                0x04018d24                OSTmrSize
                0x04018d26                OSTmrTblSize
                0x04018d28                OSTmrWheelSize
                0x04018d2a                OSTmrWheelTblSize
                0x04018d2c                OSDataSize
 .sdata         0x04018d30        0x8 ../Test_bsp/\libucosii_bsp.a(alt_flash_dev.o)
                0x04018d30                alt_flash_dev_list
 .sdata         0x04018d38        0x4 ../Test_bsp/\libucosii_bsp.a(alt_irq_vars.o)
                0x04018d38                alt_priority_mask
 .sdata         0x04018d3c        0x8 ../Test_bsp/\libucosii_bsp.a(alt_tick.o)
                0x04018d3c                alt_alarm_list
 *(.sdata2 .sdata2.* .gnu.linkonce.s2.*)
                0x04018d44                . = ALIGN (0x4)
                0x04018d44                _edata = ABSOLUTE (.)
                0x04018d44                PROVIDE (edata, ABSOLUTE (.))
                0x04018d44                PROVIDE (__ram_rwdata_end, ABSOLUTE (.))
                0x04017194                PROVIDE (__flash_rwdata_start, LOADADDR (.rwdata))

.bss            0x04018d44     0x6a44
                0x04018d44                __bss_start = ABSOLUTE (.)
                0x04018d44                PROVIDE (__sbss_start, ABSOLUTE (.))
                0x04018d44                PROVIDE (___sbss_start, ABSOLUTE (.))
 *(.dynsbss)
 *(.sbss .sbss.* .gnu.linkonce.sb.*)
 .sbss          0x04018d44        0xc obj/hello_ucosii.o
                0x04018d44                CtxSwMsgCursor
                0x04018d48                PrintCursor
 .sbss          0x04018d50        0x4 obj/hello_ucosii.o
                0x04018d50                MsgQueue
 .sbss          0x04018d54        0xc c:/altera/11.0sp1/nios2eds/bin/gnu/h-i686-mingw32/bin/../lib/gcc/nios2-elf/4.1.2/../../../../nios2-elf/lib\libc.a(lib_a-locale.o)
                0x04018d54                __nlocale_changed
                0x04018d58                __mlocale_changed
                0x04018d5c                _PathLocale
 .sbss          0x04018d60        0xc c:/altera/11.0sp1/nios2eds/bin/gnu/h-i686-mingw32/bin/../lib/gcc/nios2-elf/4.1.2/../../../../nios2-elf/lib\libc.a(lib_a-mallocr.o)
                0x04018d60                __malloc_top_pad
                0x04018d64                __malloc_max_sbrked_mem
                0x04018d68                __malloc_max_total_mem
 .sbss          0x04018d6c        0x4 c:/altera/11.0sp1/nios2eds/bin/gnu/h-i686-mingw32/bin/../lib/gcc/nios2-elf/4.1.2/../../../../nios2-elf/lib\libc.a(lib_a-int_errno.o)
                0x04018d6c                errno
 .sbss          0x04018d70        0x4 ../Test_bsp/\libucosii_bsp.a(alt_dev.o)
                0x04018d70                alt_fd_list_lock
 .sbss          0x04018d74        0xc ../Test_bsp/\libucosii_bsp.a(alt_main.o)
                0x04018d74                alt_argc
                0x04018d78                alt_argv
                0x04018d7c                alt_envp
 .sbss          0x04018d80        0x8 ../Test_bsp/\libucosii_bsp.a(alt_env_lock.o)
                0x04018d84                alt_envsem
 .sbss          0x04018d88        0x8 ../Test_bsp/\libucosii_bsp.a(alt_malloc_lock.o)
                0x04018d8c                alt_heapsem
 .sbss          0x04018d90       0x50 ../Test_bsp/\libucosii_bsp.a(os_core.o)
                0x04018d90                OSLockNesting
                0x04018d91                OSRunning
                0x04018d94                OSIdleCtr
                0x04018d98                OSPrioHighRdy
                0x04018d99                OSPrioCur
                0x04018d9c                OSTCBList
                0x04018da0                OSTickStepState
                0x04018da4                OSCtxSwCtr
                0x04018da8                OSIdleCtrMax
                0x04018dac                OSTCBFreeList
                0x04018db0                OSCPUUsage
                0x04018db1                OSTaskCtr
                0x04018db4                OSMemFreeList
                0x04018db8                OSTCBHighRdy
                0x04018dbc                OSQFreeList
                0x04018dc0                OSRdyGrp
                0x04018dc1                OSRdyTbl
                0x04018dc4                OSEventFreeList
                0x04018dc8                OSIntNesting
                0x04018dcc                OSTCBCur
                0x04018dd0                OSTime
                0x04018dd4                OSFlagFreeList
                0x04018dd8                OSStatRdy
                0x04018ddc                OSIdleCtrRun
 .sbss          0x04018de0        0x4 ../Test_bsp/\libucosii_bsp.a(alt_irq_vars.o)
                0x04018de0                alt_irq_active
 .sbss          0x04018de4        0x8 ../Test_bsp/\libucosii_bsp.a(alt_tick.o)
                0x04018de4                _alt_tick_rate
                0x04018de8                _alt_nticks
 *(.sbss2 .sbss2.* .gnu.linkonce.sb2.*)
 *(.scommon)
                0x04018dec                PROVIDE (__sbss_end, ABSOLUTE (.))
                0x04018dec                PROVIDE (___sbss_end, ABSOLUTE (.))
 *(.dynbss)
 *(.bss .bss.* .gnu.linkonce.b.*)
 .bss           0x04018dec        0x0 ../Test_bsp//obj/HAL/src/crt0.o
 .bss           0x04018dec        0x0 obj/hello_ucosii.o
 .bss           0x04018dec        0x0 c:/altera/11.0sp1/nios2eds/bin/gnu/h-i686-mingw32/bin/../lib/gcc/nios2-elf/4.1.2/../../../../nios2-elf/lib\libc.a(lib_a-printf.o)
 .bss           0x04018dec        0x0 c:/altera/11.0sp1/nios2eds/bin/gnu/h-i686-mingw32/bin/../lib/gcc/nios2-elf/4.1.2/../../../../nios2-elf/lib\libc.a(lib_a-sprintf.o)
 .bss           0x04018dec        0x0 c:/altera/11.0sp1/nios2eds/bin/gnu/h-i686-mingw32/bin/../lib/gcc/nios2-elf/4.1.2/../../../../nios2-elf/lib\libc.a(lib_a-vfprintf.o)
 .bss           0x04018dec        0x0 c:/altera/11.0sp1/nios2eds/bin/gnu/h-i686-mingw32/bin/../lib/gcc/nios2-elf/4.1.2/../../../../nios2-elf/lib\libc.a(lib_a-wsetup.o)
 .bss           0x04018dec        0x0 c:/altera/11.0sp1/nios2eds/bin/gnu/h-i686-mingw32/bin/../lib/gcc/nios2-elf/4.1.2/../../../../nios2-elf/lib\libc.a(lib_a-dtoa.o)
 .bss           0x04018dec        0x0 c:/altera/11.0sp1/nios2eds/bin/gnu/h-i686-mingw32/bin/../lib/gcc/nios2-elf/4.1.2/../../../../nios2-elf/lib\libc.a(lib_a-fflush.o)
 .bss           0x04018dec        0x0 c:/altera/11.0sp1/nios2eds/bin/gnu/h-i686-mingw32/bin/../lib/gcc/nios2-elf/4.1.2/../../../../nios2-elf/lib\libc.a(lib_a-findfp.o)
 .bss           0x04018dec        0x0 c:/altera/11.0sp1/nios2eds/bin/gnu/h-i686-mingw32/bin/../lib/gcc/nios2-elf/4.1.2/../../../../nios2-elf/lib\libc.a(lib_a-freer.o)
 .bss           0x04018dec        0x0 c:/altera/11.0sp1/nios2eds/bin/gnu/h-i686-mingw32/bin/../lib/gcc/nios2-elf/4.1.2/../../../../nios2-elf/lib\libc.a(lib_a-fvwrite.o)
 .bss           0x04018dec        0x0 c:/altera/11.0sp1/nios2eds/bin/gnu/h-i686-mingw32/bin/../lib/gcc/nios2-elf/4.1.2/../../../../nios2-elf/lib\libc.a(lib_a-fwalk.o)
 .bss           0x04018dec        0x0 c:/altera/11.0sp1/nios2eds/bin/gnu/h-i686-mingw32/bin/../lib/gcc/nios2-elf/4.1.2/../../../../nios2-elf/lib\libc.a(lib_a-impure.o)
 .bss           0x04018dec        0x0 c:/altera/11.0sp1/nios2eds/bin/gnu/h-i686-mingw32/bin/../lib/gcc/nios2-elf/4.1.2/../../../../nios2-elf/lib\libc.a(lib_a-locale.o)
 .bss           0x04018dec        0x0 c:/altera/11.0sp1/nios2eds/bin/gnu/h-i686-mingw32/bin/../lib/gcc/nios2-elf/4.1.2/../../../../nios2-elf/lib\libc.a(lib_a-makebuf.o)
 .bss           0x04018dec       0x28 c:/altera/11.0sp1/nios2eds/bin/gnu/h-i686-mingw32/bin/../lib/gcc/nios2-elf/4.1.2/../../../../nios2-elf/lib\libc.a(lib_a-mallocr.o)
                0x04018dec                __malloc_current_mallinfo
 .bss           0x04018e14        0x0 c:/altera/11.0sp1/nios2eds/bin/gnu/h-i686-mingw32/bin/../lib/gcc/nios2-elf/4.1.2/../../../../nios2-elf/lib\libc.a(lib_a-memchr.o)
 .bss           0x04018e14        0x0 c:/altera/11.0sp1/nios2eds/bin/gnu/h-i686-mingw32/bin/../lib/gcc/nios2-elf/4.1.2/../../../../nios2-elf/lib\libc.a(lib_a-memcpy.o)
 .bss           0x04018e14        0x0 c:/altera/11.0sp1/nios2eds/bin/gnu/h-i686-mingw32/bin/../lib/gcc/nios2-elf/4.1.2/../../../../nios2-elf/lib\libc.a(lib_a-memmove.o)
 .bss           0x04018e14        0x0 c:/altera/11.0sp1/nios2eds/bin/gnu/h-i686-mingw32/bin/../lib/gcc/nios2-elf/4.1.2/../../../../nios2-elf/lib\libc.a(lib_a-memset.o)
 .bss           0x04018e14        0x0 c:/altera/11.0sp1/nios2eds/bin/gnu/h-i686-mingw32/bin/../lib/gcc/nios2-elf/4.1.2/../../../../nios2-elf/lib\libc.a(lib_a-mprec.o)
 .bss           0x04018e14        0x0 c:/altera/11.0sp1/nios2eds/bin/gnu/h-i686-mingw32/bin/../lib/gcc/nios2-elf/4.1.2/../../../../nios2-elf/lib\libc.a(lib_a-reallocr.o)
 .bss           0x04018e14        0x0 c:/altera/11.0sp1/nios2eds/bin/gnu/h-i686-mingw32/bin/../lib/gcc/nios2-elf/4.1.2/../../../../nios2-elf/lib\libc.a(lib_a-s_isinfd.o)
 .bss           0x04018e14        0x0 c:/altera/11.0sp1/nios2eds/bin/gnu/h-i686-mingw32/bin/../lib/gcc/nios2-elf/4.1.2/../../../../nios2-elf/lib\libc.a(lib_a-s_isnand.o)
 .bss           0x04018e14        0x0 c:/altera/11.0sp1/nios2eds/bin/gnu/h-i686-mingw32/bin/../lib/gcc/nios2-elf/4.1.2/../../../../nios2-elf/lib\libc.a(lib_a-sbrkr.o)
 .bss           0x04018e14        0x0 c:/altera/11.0sp1/nios2eds/bin/gnu/h-i686-mingw32/bin/../lib/gcc/nios2-elf/4.1.2/../../../../nios2-elf/lib\libc.a(lib_a-stdio.o)
 .bss           0x04018e14        0x0 c:/altera/11.0sp1/nios2eds/bin/gnu/h-i686-mingw32/bin/../lib/gcc/nios2-elf/4.1.2/../../../../nios2-elf/lib\libc.a(lib_a-strcmp.o)
 .bss           0x04018e14        0x0 c:/altera/11.0sp1/nios2eds/bin/gnu/h-i686-mingw32/bin/../lib/gcc/nios2-elf/4.1.2/../../../../nios2-elf/lib\libc.a(lib_a-strlen.o)
 .bss           0x04018e14        0x0 c:/altera/11.0sp1/nios2eds/bin/gnu/h-i686-mingw32/bin/../lib/gcc/nios2-elf/4.1.2/../../../../nios2-elf/lib\libc.a(lib_a-writer.o)
 .bss           0x04018e14        0x0 c:/altera/11.0sp1/nios2eds/bin/gnu/h-i686-mingw32/bin/../lib/gcc/nios2-elf/4.1.2/../../../../nios2-elf/lib\libc.a(lib_a-callocr.o)
 .bss           0x04018e14        0x0 c:/altera/11.0sp1/nios2eds/bin/gnu/h-i686-mingw32/bin/../lib/gcc/nios2-elf/4.1.2/../../../../nios2-elf/lib\libc.a(lib_a-closer.o)
 .bss           0x04018e14        0x0 c:/altera/11.0sp1/nios2eds/bin/gnu/h-i686-mingw32/bin/../lib/gcc/nios2-elf/4.1.2/../../../../nios2-elf/lib\libc.a(lib_a-fclose.o)
 .bss           0x04018e14        0x0 c:/altera/11.0sp1/nios2eds/bin/gnu/h-i686-mingw32/bin/../lib/gcc/nios2-elf/4.1.2/../../../../nios2-elf/lib\libc.a(lib_a-fstatr.o)
 .bss           0x04018e14        0x0 c:/altera/11.0sp1/nios2eds/bin/gnu/h-i686-mingw32/bin/../lib/gcc/nios2-elf/4.1.2/../../../../nios2-elf/lib\libc.a(lib_a-int_errno.o)
 .bss           0x04018e14        0x0 c:/altera/11.0sp1/nios2eds/bin/gnu/h-i686-mingw32/bin/../lib/gcc/nios2-elf/4.1.2/../../../../nios2-elf/lib\libc.a(lib_a-isattyr.o)
 .bss           0x04018e14        0x0 c:/altera/11.0sp1/nios2eds/bin/gnu/h-i686-mingw32/bin/../lib/gcc/nios2-elf/4.1.2/../../../../nios2-elf/lib\libc.a(lib_a-lseekr.o)
 .bss           0x04018e14        0x0 c:/altera/11.0sp1/nios2eds/bin/gnu/h-i686-mingw32/bin/../lib/gcc/nios2-elf/4.1.2/../../../../nios2-elf/lib\libc.a(lib_a-readr.o)
 .bss           0x04018e14        0x0 c:/altera/11.0sp1/nios2eds/bin/gnu/h-i686-mingw32/bin/../lib/gcc/nios2-elf/4.1.2\libgcc.a(_udivdi3.o)
 .bss           0x04018e14        0x0 c:/altera/11.0sp1/nios2eds/bin/gnu/h-i686-mingw32/bin/../lib/gcc/nios2-elf/4.1.2\libgcc.a(_umoddi3.o)
 .bss           0x04018e14        0x0 c:/altera/11.0sp1/nios2eds/bin/gnu/h-i686-mingw32/bin/../lib/gcc/nios2-elf/4.1.2\libgcc.a(_addsub_df.o)
 .bss           0x04018e14        0x0 c:/altera/11.0sp1/nios2eds/bin/gnu/h-i686-mingw32/bin/../lib/gcc/nios2-elf/4.1.2\libgcc.a(_mul_df.o)
 .bss           0x04018e14        0x0 c:/altera/11.0sp1/nios2eds/bin/gnu/h-i686-mingw32/bin/../lib/gcc/nios2-elf/4.1.2\libgcc.a(_div_df.o)
 .bss           0x04018e14        0x0 c:/altera/11.0sp1/nios2eds/bin/gnu/h-i686-mingw32/bin/../lib/gcc/nios2-elf/4.1.2\libgcc.a(_eq_df.o)
 .bss           0x04018e14        0x0 c:/altera/11.0sp1/nios2eds/bin/gnu/h-i686-mingw32/bin/../lib/gcc/nios2-elf/4.1.2\libgcc.a(_ne_df.o)
 .bss           0x04018e14        0x0 c:/altera/11.0sp1/nios2eds/bin/gnu/h-i686-mingw32/bin/../lib/gcc/nios2-elf/4.1.2\libgcc.a(_gt_df.o)
 .bss           0x04018e14        0x0 c:/altera/11.0sp1/nios2eds/bin/gnu/h-i686-mingw32/bin/../lib/gcc/nios2-elf/4.1.2\libgcc.a(_ge_df.o)
 .bss           0x04018e14        0x0 c:/altera/11.0sp1/nios2eds/bin/gnu/h-i686-mingw32/bin/../lib/gcc/nios2-elf/4.1.2\libgcc.a(_lt_df.o)
 .bss           0x04018e14        0x0 c:/altera/11.0sp1/nios2eds/bin/gnu/h-i686-mingw32/bin/../lib/gcc/nios2-elf/4.1.2\libgcc.a(_si_to_df.o)
 .bss           0x04018e14        0x0 c:/altera/11.0sp1/nios2eds/bin/gnu/h-i686-mingw32/bin/../lib/gcc/nios2-elf/4.1.2\libgcc.a(_df_to_si.o)
 .bss           0x04018e14        0x0 c:/altera/11.0sp1/nios2eds/bin/gnu/h-i686-mingw32/bin/../lib/gcc/nios2-elf/4.1.2\libgcc.a(_thenan_df.o)
 .bss           0x04018e14        0x0 c:/altera/11.0sp1/nios2eds/bin/gnu/h-i686-mingw32/bin/../lib/gcc/nios2-elf/4.1.2\libgcc.a(_usi_to_df.o)
 .bss           0x04018e14        0x0 c:/altera/11.0sp1/nios2eds/bin/gnu/h-i686-mingw32/bin/../lib/gcc/nios2-elf/4.1.2\libgcc.a(lib2-divmod.o)
 .bss           0x04018e14        0x0 c:/altera/11.0sp1/nios2eds/bin/gnu/h-i686-mingw32/bin/../lib/gcc/nios2-elf/4.1.2\libgcc.a(_muldi3.o)
 .bss           0x04018e14        0x0 c:/altera/11.0sp1/nios2eds/bin/gnu/h-i686-mingw32/bin/../lib/gcc/nios2-elf/4.1.2\libgcc.a(_clz.o)
 .bss           0x04018e14        0x0 c:/altera/11.0sp1/nios2eds/bin/gnu/h-i686-mingw32/bin/../lib/gcc/nios2-elf/4.1.2\libgcc.a(_clzsi2.o)
 .bss           0x04018e14        0x0 c:/altera/11.0sp1/nios2eds/bin/gnu/h-i686-mingw32/bin/../lib/gcc/nios2-elf/4.1.2\libgcc.a(_pack_df.o)
 .bss           0x04018e14        0x0 c:/altera/11.0sp1/nios2eds/bin/gnu/h-i686-mingw32/bin/../lib/gcc/nios2-elf/4.1.2\libgcc.a(_unpack_df.o)
 .bss           0x04018e14        0x0 c:/altera/11.0sp1/nios2eds/bin/gnu/h-i686-mingw32/bin/../lib/gcc/nios2-elf/4.1.2\libgcc.a(_fpcmp_parts_df.o)
 .bss           0x04018e14        0x0 ../Test_bsp/\libucosii_bsp.a(alt_close.o)
 .bss           0x04018e14        0x0 ../Test_bsp/\libucosii_bsp.a(alt_dev.o)
 .bss           0x04018e14        0x0 ../Test_bsp/\libucosii_bsp.a(alt_errno.o)
 .bss           0x04018e14        0x0 ../Test_bsp/\libucosii_bsp.a(alt_fstat.o)
 .bss           0x04018e14        0x0 ../Test_bsp/\libucosii_bsp.a(alt_isatty.o)
 .bss           0x04018e14        0x0 ../Test_bsp/\libucosii_bsp.a(alt_lseek.o)
 .bss           0x04018e14        0x0 ../Test_bsp/\libucosii_bsp.a(alt_main.o)
 .bss           0x04018e14        0x0 ../Test_bsp/\libucosii_bsp.a(alt_read.o)
 .bss           0x04018e14        0x0 ../Test_bsp/\libucosii_bsp.a(alt_release_fd.o)
 .bss           0x04018e14        0x0 ../Test_bsp/\libucosii_bsp.a(alt_sbrk.o)
 .bss           0x04018e14        0x0 ../Test_bsp/\libucosii_bsp.a(alt_write.o)
 .bss           0x04018e14        0x0 ../Test_bsp/\libucosii_bsp.a(alt_env_lock.o)
 .bss           0x04018e14        0x0 ../Test_bsp/\libucosii_bsp.a(alt_malloc_lock.o)
 .bss           0x04018e14        0x0 ../Test_bsp/\libucosii_bsp.a(os_core.o)
 .bss           0x04018e14        0x0 ../Test_bsp/\libucosii_bsp.a(os_dbg.o)
 .bss           0x04018e14        0x0 ../Test_bsp/\libucosii_bsp.a(os_flag.o)
 .bss           0x04018e14        0x0 ../Test_bsp/\libucosii_bsp.a(os_mem.o)
 .bss           0x04018e14        0x0 ../Test_bsp/\libucosii_bsp.a(os_q.o)
 .bss           0x04018e14        0x0 ../Test_bsp/\libucosii_bsp.a(os_sem.o)
 .bss           0x04018e14        0x0 ../Test_bsp/\libucosii_bsp.a(os_task.o)
 .bss           0x04018e14        0x0 ../Test_bsp/\libucosii_bsp.a(os_time.o)
 .bss           0x04018e14        0x0 ../Test_bsp/\libucosii_bsp.a(alt_sys_init.o)
 .bss           0x04018e14        0x0 ../Test_bsp/\libucosii_bsp.a(altera_avalon_epcs_flash_controller.o)
 .bss           0x04018e14        0x0 ../Test_bsp/\libucosii_bsp.a(altera_avalon_jtag_uart_fd.o)
 .bss           0x04018e14        0x0 ../Test_bsp/\libucosii_bsp.a(altera_avalon_jtag_uart_init.o)
 .bss           0x04018e14        0x0 ../Test_bsp/\libucosii_bsp.a(altera_avalon_jtag_uart_ioctl.o)
 .bss           0x04018e14        0x0 ../Test_bsp/\libucosii_bsp.a(altera_avalon_jtag_uart_read.o)
 .bss           0x04018e14        0x0 ../Test_bsp/\libucosii_bsp.a(altera_avalon_jtag_uart_write.o)
 .bss           0x04018e14        0x0 ../Test_bsp/\libucosii_bsp.a(altera_avalon_timer_sc.o)
 .bss           0x04018e14        0x0 ../Test_bsp/\libucosii_bsp.a(epcs_commands.o)
 .bss           0x04018e14        0x0 ../Test_bsp/\libucosii_bsp.a(alt_alarm_start.o)
 .bss           0x04018e14        0x0 ../Test_bsp/\libucosii_bsp.a(alt_dev_llist_insert.o)
 .bss           0x04018e14        0x0 ../Test_bsp/\libucosii_bsp.a(alt_do_ctors.o)
 .bss           0x04018e14        0x0 ../Test_bsp/\libucosii_bsp.a(alt_do_dtors.o)
 .bss           0x04018e14        0x0 ../Test_bsp/\libucosii_bsp.a(alt_flash_dev.o)
 .bss           0x04018e14        0x0 ../Test_bsp/\libucosii_bsp.a(alt_iic.o)
 .bss           0x04018e14        0x0 ../Test_bsp/\libucosii_bsp.a(alt_iic_isr_register.o)
 .bss           0x04018e14        0x0 ../Test_bsp/\libucosii_bsp.a(alt_io_redirect.o)
 .bss           0x04018e14        0x0 ../Test_bsp/\libucosii_bsp.a(alt_irq_entry.o)
 .bss           0x04018e14        0x0 ../Test_bsp/\libucosii_bsp.a(alt_irq_handler.o)
 .bss           0x04018e14        0x0 ../Test_bsp/\libucosii_bsp.a(alt_irq_vars.o)
 .bss           0x04018e14        0x0 ../Test_bsp/\libucosii_bsp.a(alt_open.o)
 .bss           0x04018e14        0x0 ../Test_bsp/\libucosii_bsp.a(alt_tick.o)
 .bss           0x04018e14        0x0 ../Test_bsp/\libucosii_bsp.a(altera_nios2_irq.o)
 .bss           0x04018e14        0x0 ../Test_bsp/\libucosii_bsp.a(os_cpu_a.o)
 .bss           0x04018e14        0x0 ../Test_bsp/\libucosii_bsp.a(os_cpu_c.o)
 .bss           0x04018e14        0x0 ../Test_bsp/\libucosii_bsp.a(altera_avalon_spi.o)
 .bss           0x04018e14        0x0 ../Test_bsp/\libucosii_bsp.a(alt_exception_entry.o)
 .bss           0x04018e14        0x0 ../Test_bsp/\libucosii_bsp.a(alt_find_dev.o)
 .bss           0x04018e14        0x0 ../Test_bsp/\libucosii_bsp.a(alt_find_file.o)
 .bss           0x04018e14        0x0 ../Test_bsp/\libucosii_bsp.a(alt_get_fd.o)
 .bss           0x04018e14        0x0 c:/altera/11.0sp1/nios2eds/bin/gnu/h-i686-mingw32/bin/../lib/gcc/nios2-elf/4.1.2/../../../../nios2-elf/lib\libc.a(lib_a-atexit.o)
 .bss           0x04018e14        0x0 c:/altera/11.0sp1/nios2eds/bin/gnu/h-i686-mingw32/bin/../lib/gcc/nios2-elf/4.1.2/../../../../nios2-elf/lib\libc.a(lib_a-exit.o)
 .bss           0x04018e14        0x0 c:/altera/11.0sp1/nios2eds/bin/gnu/h-i686-mingw32/bin/../lib/gcc/nios2-elf/4.1.2/../../../../nios2-elf/lib\libc.a(lib_a-memcmp.o)
 .bss           0x04018e14        0x0 c:/altera/11.0sp1/nios2eds/bin/gnu/h-i686-mingw32/bin/../lib/gcc/nios2-elf/4.1.2/../../../../nios2-elf/lib\libc.a(lib_a-__atexit.o)
 .bss           0x04018e14        0x0 c:/altera/11.0sp1/nios2eds/bin/gnu/h-i686-mingw32/bin/../lib/gcc/nios2-elf/4.1.2/../../../../nios2-elf/lib\libc.a(lib_a-__call_atexit.o)
 .bss           0x04018e14        0x0 ../Test_bsp/\libucosii_bsp.a(alt_exit.o)
 *(COMMON)
 COMMON         0x04018e14     0x3460 obj/hello_ucosii.o
                0x04018e14                MsgQueueTbl
                0x04018e64                CtxSwMsgBuf
                0x0401924c                TaskStartStk
                0x04019a4c                TaskStk
                0x0401c24c                TaskInfoBuf
 COMMON         0x0401c274     0x3284 ../Test_bsp/\libucosii_bsp.a(os_core.o)
                0x0401c274                OSFlagTbl
                0x0401c5e4                OSMemTbl
                0x0401d214                OSTaskStatStk
                0x0401da14                OSQTbl
                0x0401dbf4                OSTaskIdleStk
                0x0401e3f4                OSEventTbl
                0x0401ef34                OSTCBTbl
                0x0401f4a4                OSTCBPrioTbl
 COMMON         0x0401f4f8      0x100 ../Test_bsp/\libucosii_bsp.a(alt_irq_handler.o)
                0x0401f4f8                alt_irq
 COMMON         0x0401f5f8      0x190 c:/altera/11.0sp1/nios2eds/bin/gnu/h-i686-mingw32/bin/../lib/gcc/nios2-elf/4.1.2/../../../../nios2-elf/lib\libc.a(lib_a-atexit.o)
                0x0401f5f8                _atexit0
                0x0401f788                . = ALIGN (0x4)
                0x0401f788                __bss_end = ABSOLUTE (.)

.epcs           0x00000020        0x0
                0x00000020                PROVIDE (_alt_partition_epcs_start, ABSOLUTE (.))
 *(.epcs. epcs.*)
                0x00000020                . = ALIGN (0x4)
                0x00000020                PROVIDE (_alt_partition_epcs_end, ABSOLUTE (.))
                0x00000020                PROVIDE (_alt_partition_epcs_load_addr, LOADADDR (.epcs))

.sdram          0x0401f788        0x0
                0x0401f788                PROVIDE (_alt_partition_sdram_start, ABSOLUTE (.))
 *(.sdram. sdram.*)
                0x0401f788                . = ALIGN (0x4)
                0x0401f788                PROVIDE (_alt_partition_sdram_end, ABSOLUTE (.))
                0x0401f788                _end = ABSOLUTE (.)
                0x0401f788                end = ABSOLUTE (.)
                0x0401f788                __alt_stack_base = ABSOLUTE (.)
                0x0401f788                PROVIDE (_alt_partition_sdram_load_addr, LOADADDR (.sdram))

.stab
 *(.stab)

.stabstr
 *(.stabstr)

.stab.excl
 *(.stab.excl)

.stab.exclstr
 *(.stab.exclstr)

.stab.index
 *(.stab.index)

.stab.indexstr
 *(.stab.indexstr)

.comment        0x00000000       0x26
 *(.comment)
 .comment       0x00000000       0x26 obj/hello_ucosii.o
                                 0x27 (size before relaxing)
 .comment       0x00000000       0x27 c:/altera/11.0sp1/nios2eds/bin/gnu/h-i686-mingw32/bin/../lib/gcc/nios2-elf/4.1.2/../../../../nios2-elf/lib\libc.a(lib_a-printf.o)
 .comment       0x00000000       0x27 c:/altera/11.0sp1/nios2eds/bin/gnu/h-i686-mingw32/bin/../lib/gcc/nios2-elf/4.1.2/../../../../nios2-elf/lib\libc.a(lib_a-sprintf.o)
 .comment       0x00000000       0x27 c:/altera/11.0sp1/nios2eds/bin/gnu/h-i686-mingw32/bin/../lib/gcc/nios2-elf/4.1.2/../../../../nios2-elf/lib\libc.a(lib_a-vfprintf.o)
 .comment       0x00000000       0x27 c:/altera/11.0sp1/nios2eds/bin/gnu/h-i686-mingw32/bin/../lib/gcc/nios2-elf/4.1.2/../../../../nios2-elf/lib\libc.a(lib_a-wsetup.o)
 .comment       0x00000000       0x27 c:/altera/11.0sp1/nios2eds/bin/gnu/h-i686-mingw32/bin/../lib/gcc/nios2-elf/4.1.2/../../../../nios2-elf/lib\libc.a(lib_a-dtoa.o)
 .comment       0x00000000       0x27 c:/altera/11.0sp1/nios2eds/bin/gnu/h-i686-mingw32/bin/../lib/gcc/nios2-elf/4.1.2/../../../../nios2-elf/lib\libc.a(lib_a-fflush.o)
 .comment       0x00000000       0x27 c:/altera/11.0sp1/nios2eds/bin/gnu/h-i686-mingw32/bin/../lib/gcc/nios2-elf/4.1.2/../../../../nios2-elf/lib\libc.a(lib_a-findfp.o)
 .comment       0x00000000       0x27 c:/altera/11.0sp1/nios2eds/bin/gnu/h-i686-mingw32/bin/../lib/gcc/nios2-elf/4.1.2/../../../../nios2-elf/lib\libc.a(lib_a-freer.o)
 .comment       0x00000000       0x27 c:/altera/11.0sp1/nios2eds/bin/gnu/h-i686-mingw32/bin/../lib/gcc/nios2-elf/4.1.2/../../../../nios2-elf/lib\libc.a(lib_a-fvwrite.o)
 .comment       0x00000000       0x27 c:/altera/11.0sp1/nios2eds/bin/gnu/h-i686-mingw32/bin/../lib/gcc/nios2-elf/4.1.2/../../../../nios2-elf/lib\libc.a(lib_a-fwalk.o)
 .comment       0x00000000       0x27 c:/altera/11.0sp1/nios2eds/bin/gnu/h-i686-mingw32/bin/../lib/gcc/nios2-elf/4.1.2/../../../../nios2-elf/lib\libc.a(lib_a-impure.o)
 .comment       0x00000000       0x27 c:/altera/11.0sp1/nios2eds/bin/gnu/h-i686-mingw32/bin/../lib/gcc/nios2-elf/4.1.2/../../../../nios2-elf/lib\libc.a(lib_a-locale.o)
 .comment       0x00000000       0x27 c:/altera/11.0sp1/nios2eds/bin/gnu/h-i686-mingw32/bin/../lib/gcc/nios2-elf/4.1.2/../../../../nios2-elf/lib\libc.a(lib_a-makebuf.o)
 .comment       0x00000000       0x27 c:/altera/11.0sp1/nios2eds/bin/gnu/h-i686-mingw32/bin/../lib/gcc/nios2-elf/4.1.2/../../../../nios2-elf/lib\libc.a(lib_a-mallocr.o)
 .comment       0x00000000       0x27 c:/altera/11.0sp1/nios2eds/bin/gnu/h-i686-mingw32/bin/../lib/gcc/nios2-elf/4.1.2/../../../../nios2-elf/lib\libc.a(lib_a-memchr.o)
 .comment       0x00000000       0x27 c:/altera/11.0sp1/nios2eds/bin/gnu/h-i686-mingw32/bin/../lib/gcc/nios2-elf/4.1.2/../../../../nios2-elf/lib\libc.a(lib_a-memcpy.o)
 .comment       0x00000000       0x27 c:/altera/11.0sp1/nios2eds/bin/gnu/h-i686-mingw32/bin/../lib/gcc/nios2-elf/4.1.2/../../../../nios2-elf/lib\libc.a(lib_a-memmove.o)
 .comment       0x00000000       0x27 c:/altera/11.0sp1/nios2eds/bin/gnu/h-i686-mingw32/bin/../lib/gcc/nios2-elf/4.1.2/../../../../nios2-elf/lib\libc.a(lib_a-memset.o)
 .comment       0x00000000       0x27 c:/altera/11.0sp1/nios2eds/bin/gnu/h-i686-mingw32/bin/../lib/gcc/nios2-elf/4.1.2/../../../../nios2-elf/lib\libc.a(lib_a-mprec.o)
 .comment       0x00000000       0x27 c:/altera/11.0sp1/nios2eds/bin/gnu/h-i686-mingw32/bin/../lib/gcc/nios2-elf/4.1.2/../../../../nios2-elf/lib\libc.a(lib_a-reallocr.o)
 .comment       0x00000000       0x27 c:/altera/11.0sp1/nios2eds/bin/gnu/h-i686-mingw32/bin/../lib/gcc/nios2-elf/4.1.2/../../../../nios2-elf/lib\libc.a(lib_a-s_isinfd.o)
 .comment       0x00000000       0x27 c:/altera/11.0sp1/nios2eds/bin/gnu/h-i686-mingw32/bin/../lib/gcc/nios2-elf/4.1.2/../../../../nios2-elf/lib\libc.a(lib_a-s_isnand.o)
 .comment       0x00000000       0x27 c:/altera/11.0sp1/nios2eds/bin/gnu/h-i686-mingw32/bin/../lib/gcc/nios2-elf/4.1.2/../../../../nios2-elf/lib\libc.a(lib_a-sbrkr.o)
 .comment       0x00000000       0x27 c:/altera/11.0sp1/nios2eds/bin/gnu/h-i686-mingw32/bin/../lib/gcc/nios2-elf/4.1.2/../../../../nios2-elf/lib\libc.a(lib_a-stdio.o)
 .comment       0x00000000       0x27 c:/altera/11.0sp1/nios2eds/bin/gnu/h-i686-mingw32/bin/../lib/gcc/nios2-elf/4.1.2/../../../../nios2-elf/lib\libc.a(lib_a-strcmp.o)
 .comment       0x00000000       0x27 c:/altera/11.0sp1/nios2eds/bin/gnu/h-i686-mingw32/bin/../lib/gcc/nios2-elf/4.1.2/../../../../nios2-elf/lib\libc.a(lib_a-strlen.o)
 .comment       0x00000000       0x27 c:/altera/11.0sp1/nios2eds/bin/gnu/h-i686-mingw32/bin/../lib/gcc/nios2-elf/4.1.2/../../../../nios2-elf/lib\libc.a(lib_a-writer.o)
 .comment       0x00000000       0x27 c:/altera/11.0sp1/nios2eds/bin/gnu/h-i686-mingw32/bin/../lib/gcc/nios2-elf/4.1.2/../../../../nios2-elf/lib\libc.a(lib_a-callocr.o)
 .comment       0x00000000       0x27 c:/altera/11.0sp1/nios2eds/bin/gnu/h-i686-mingw32/bin/../lib/gcc/nios2-elf/4.1.2/../../../../nios2-elf/lib\libc.a(lib_a-closer.o)
 .comment       0x00000000       0x27 c:/altera/11.0sp1/nios2eds/bin/gnu/h-i686-mingw32/bin/../lib/gcc/nios2-elf/4.1.2/../../../../nios2-elf/lib\libc.a(lib_a-fclose.o)
 .comment       0x00000000       0x27 c:/altera/11.0sp1/nios2eds/bin/gnu/h-i686-mingw32/bin/../lib/gcc/nios2-elf/4.1.2/../../../../nios2-elf/lib\libc.a(lib_a-fstatr.o)
 .comment       0x00000000       0x27 c:/altera/11.0sp1/nios2eds/bin/gnu/h-i686-mingw32/bin/../lib/gcc/nios2-elf/4.1.2/../../../../nios2-elf/lib\libc.a(lib_a-int_errno.o)
 .comment       0x00000000       0x27 c:/altera/11.0sp1/nios2eds/bin/gnu/h-i686-mingw32/bin/../lib/gcc/nios2-elf/4.1.2/../../../../nios2-elf/lib\libc.a(lib_a-isattyr.o)
 .comment       0x00000000       0x27 c:/altera/11.0sp1/nios2eds/bin/gnu/h-i686-mingw32/bin/../lib/gcc/nios2-elf/4.1.2/../../../../nios2-elf/lib\libc.a(lib_a-lseekr.o)
 .comment       0x00000000       0x27 c:/altera/11.0sp1/nios2eds/bin/gnu/h-i686-mingw32/bin/../lib/gcc/nios2-elf/4.1.2/../../../../nios2-elf/lib\libc.a(lib_a-readr.o)
 .comment       0x00000000       0x27 c:/altera/11.0sp1/nios2eds/bin/gnu/h-i686-mingw32/bin/../lib/gcc/nios2-elf/4.1.2\libgcc.a(_udivdi3.o)
 .comment       0x00000000       0x27 c:/altera/11.0sp1/nios2eds/bin/gnu/h-i686-mingw32/bin/../lib/gcc/nios2-elf/4.1.2\libgcc.a(_umoddi3.o)
 .comment       0x00000000       0x27 c:/altera/11.0sp1/nios2eds/bin/gnu/h-i686-mingw32/bin/../lib/gcc/nios2-elf/4.1.2\libgcc.a(_addsub_df.o)
 .comment       0x00000000       0x27 c:/altera/11.0sp1/nios2eds/bin/gnu/h-i686-mingw32/bin/../lib/gcc/nios2-elf/4.1.2\libgcc.a(_mul_df.o)
 .comment       0x00000000       0x27 c:/altera/11.0sp1/nios2eds/bin/gnu/h-i686-mingw32/bin/../lib/gcc/nios2-elf/4.1.2\libgcc.a(_div_df.o)
 .comment       0x00000000       0x27 c:/altera/11.0sp1/nios2eds/bin/gnu/h-i686-mingw32/bin/../lib/gcc/nios2-elf/4.1.2\libgcc.a(_eq_df.o)
 .comment       0x00000000       0x27 c:/altera/11.0sp1/nios2eds/bin/gnu/h-i686-mingw32/bin/../lib/gcc/nios2-elf/4.1.2\libgcc.a(_ne_df.o)
 .comment       0x00000000       0x27 c:/altera/11.0sp1/nios2eds/bin/gnu/h-i686-mingw32/bin/../lib/gcc/nios2-elf/4.1.2\libgcc.a(_gt_df.o)
 .comment       0x00000000       0x27 c:/altera/11.0sp1/nios2eds/bin/gnu/h-i686-mingw32/bin/../lib/gcc/nios2-elf/4.1.2\libgcc.a(_ge_df.o)
 .comment       0x00000000       0x27 c:/altera/11.0sp1/nios2eds/bin/gnu/h-i686-mingw32/bin/../lib/gcc/nios2-elf/4.1.2\libgcc.a(_lt_df.o)
 .comment       0x00000000       0x27 c:/altera/11.0sp1/nios2eds/bin/gnu/h-i686-mingw32/bin/../lib/gcc/nios2-elf/4.1.2\libgcc.a(_si_to_df.o)
 .comment       0x00000000       0x27 c:/altera/11.0sp1/nios2eds/bin/gnu/h-i686-mingw32/bin/../lib/gcc/nios2-elf/4.1.2\libgcc.a(_df_to_si.o)
 .comment       0x00000000       0x27 c:/altera/11.0sp1/nios2eds/bin/gnu/h-i686-mingw32/bin/../lib/gcc/nios2-elf/4.1.2\libgcc.a(_thenan_df.o)
 .comment       0x00000000       0x27 c:/altera/11.0sp1/nios2eds/bin/gnu/h-i686-mingw32/bin/../lib/gcc/nios2-elf/4.1.2\libgcc.a(_usi_to_df.o)
 .comment       0x00000000       0x27 c:/altera/11.0sp1/nios2eds/bin/gnu/h-i686-mingw32/bin/../lib/gcc/nios2-elf/4.1.2\libgcc.a(lib2-divmod.o)
 .comment       0x00000000       0x27 c:/altera/11.0sp1/nios2eds/bin/gnu/h-i686-mingw32/bin/../lib/gcc/nios2-elf/4.1.2\libgcc.a(_muldi3.o)
 .comment       0x00000000       0x27 c:/altera/11.0sp1/nios2eds/bin/gnu/h-i686-mingw32/bin/../lib/gcc/nios2-elf/4.1.2\libgcc.a(_clz.o)
 .comment       0x00000000       0x27 c:/altera/11.0sp1/nios2eds/bin/gnu/h-i686-mingw32/bin/../lib/gcc/nios2-elf/4.1.2\libgcc.a(_clzsi2.o)
 .comment       0x00000000       0x27 c:/altera/11.0sp1/nios2eds/bin/gnu/h-i686-mingw32/bin/../lib/gcc/nios2-elf/4.1.2\libgcc.a(_pack_df.o)
 .comment       0x00000000       0x27 c:/altera/11.0sp1/nios2eds/bin/gnu/h-i686-mingw32/bin/../lib/gcc/nios2-elf/4.1.2\libgcc.a(_unpack_df.o)
 .comment       0x00000000       0x27 c:/altera/11.0sp1/nios2eds/bin/gnu/h-i686-mingw32/bin/../lib/gcc/nios2-elf/4.1.2\libgcc.a(_fpcmp_parts_df.o)
 .comment       0x00000000       0x27 ../Test_bsp/\libucosii_bsp.a(alt_close.o)
 .comment       0x00000000       0x27 ../Test_bsp/\libucosii_bsp.a(alt_dev.o)
 .comment       0x00000000       0x27 ../Test_bsp/\libucosii_bsp.a(alt_errno.o)
 .comment       0x00000000       0x27 ../Test_bsp/\libucosii_bsp.a(alt_fstat.o)
 .comment       0x00000000       0x27 ../Test_bsp/\libucosii_bsp.a(alt_isatty.o)
 .comment       0x00000000       0x27 ../Test_bsp/\libucosii_bsp.a(alt_lseek.o)
 .comment       0x00000000       0x27 ../Test_bsp/\libucosii_bsp.a(alt_main.o)
 .comment       0x00000000       0x27 ../Test_bsp/\libucosii_bsp.a(alt_read.o)
 .comment       0x00000000       0x27 ../Test_bsp/\libucosii_bsp.a(alt_release_fd.o)
 .comment       0x00000000       0x27 ../Test_bsp/\libucosii_bsp.a(alt_sbrk.o)
 .comment       0x00000000       0x27 ../Test_bsp/\libucosii_bsp.a(alt_write.o)
 .comment       0x00000000       0x27 ../Test_bsp/\libucosii_bsp.a(alt_env_lock.o)
 .comment       0x00000000       0x27 ../Test_bsp/\libucosii_bsp.a(alt_malloc_lock.o)
 .comment       0x00000000       0x27 ../Test_bsp/\libucosii_bsp.a(os_core.o)
 .comment       0x00000000       0x27 ../Test_bsp/\libucosii_bsp.a(os_dbg.o)
 .comment       0x00000000       0x27 ../Test_bsp/\libucosii_bsp.a(os_flag.o)
 .comment       0x00000000       0x27 ../Test_bsp/\libucosii_bsp.a(os_mem.o)
 .comment       0x00000000       0x27 ../Test_bsp/\libucosii_bsp.a(os_q.o)
 .comment       0x00000000       0x27 ../Test_bsp/\libucosii_bsp.a(os_sem.o)
 .comment       0x00000000       0x27 ../Test_bsp/\libucosii_bsp.a(os_task.o)
 .comment       0x00000000       0x27 ../Test_bsp/\libucosii_bsp.a(os_time.o)
 .comment       0x00000000       0x27 ../Test_bsp/\libucosii_bsp.a(alt_sys_init.o)
 .comment       0x00000000       0x27 ../Test_bsp/\libucosii_bsp.a(altera_avalon_epcs_flash_controller.o)
 .comment       0x00000000       0x27 ../Test_bsp/\libucosii_bsp.a(altera_avalon_jtag_uart_fd.o)
 .comment       0x00000000       0x27 ../Test_bsp/\libucosii_bsp.a(altera_avalon_jtag_uart_init.o)
 .comment       0x00000000       0x27 ../Test_bsp/\libucosii_bsp.a(altera_avalon_jtag_uart_ioctl.o)
 .comment       0x00000000       0x27 ../Test_bsp/\libucosii_bsp.a(altera_avalon_jtag_uart_read.o)
 .comment       0x00000000       0x27 ../Test_bsp/\libucosii_bsp.a(altera_avalon_jtag_uart_write.o)
 .comment       0x00000000       0x27 ../Test_bsp/\libucosii_bsp.a(altera_avalon_timer_sc.o)
 .comment       0x00000000       0x27 ../Test_bsp/\libucosii_bsp.a(epcs_commands.o)
 .comment       0x00000000       0x27 ../Test_bsp/\libucosii_bsp.a(alt_alarm_start.o)
 .comment       0x00000000       0x27 ../Test_bsp/\libucosii_bsp.a(alt_dev_llist_insert.o)
 .comment       0x00000000       0x27 ../Test_bsp/\libucosii_bsp.a(alt_do_ctors.o)
 .comment       0x00000000       0x27 ../Test_bsp/\libucosii_bsp.a(alt_do_dtors.o)
 .comment       0x00000000       0x27 ../Test_bsp/\libucosii_bsp.a(alt_flash_dev.o)
 .comment       0x00000000       0x27 ../Test_bsp/\libucosii_bsp.a(alt_iic.o)
 .comment       0x00000000       0x27 ../Test_bsp/\libucosii_bsp.a(alt_iic_isr_register.o)
 .comment       0x00000000       0x27 ../Test_bsp/\libucosii_bsp.a(alt_io_redirect.o)
 .comment       0x00000000       0x27 ../Test_bsp/\libucosii_bsp.a(alt_irq_handler.o)
 .comment       0x00000000       0x27 ../Test_bsp/\libucosii_bsp.a(alt_irq_vars.o)
 .comment       0x00000000       0x27 ../Test_bsp/\libucosii_bsp.a(alt_open.o)
 .comment       0x00000000       0x27 ../Test_bsp/\libucosii_bsp.a(alt_tick.o)
 .comment       0x00000000       0x27 ../Test_bsp/\libucosii_bsp.a(altera_nios2_irq.o)
 .comment       0x00000000       0x27 ../Test_bsp/\libucosii_bsp.a(os_cpu_c.o)
 .comment       0x00000000       0x27 ../Test_bsp/\libucosii_bsp.a(altera_avalon_spi.o)
 .comment       0x00000000       0x27 ../Test_bsp/\libucosii_bsp.a(alt_find_dev.o)
 .comment       0x00000000       0x27 ../Test_bsp/\libucosii_bsp.a(alt_find_file.o)
 .comment       0x00000000       0x27 ../Test_bsp/\libucosii_bsp.a(alt_get_fd.o)
 .comment       0x00000000       0x27 c:/altera/11.0sp1/nios2eds/bin/gnu/h-i686-mingw32/bin/../lib/gcc/nios2-elf/4.1.2/../../../../nios2-elf/lib\libc.a(lib_a-atexit.o)
 .comment       0x00000000       0x27 c:/altera/11.0sp1/nios2eds/bin/gnu/h-i686-mingw32/bin/../lib/gcc/nios2-elf/4.1.2/../../../../nios2-elf/lib\libc.a(lib_a-exit.o)