Archive member included because of file (symbol)

c:/altera/11.0sp1/nios2eds/bin/gnu/h-i686-mingw32/bin/../lib/gcc/nios2-elf/4.1.2/../../../../nios2-elf/lib\libc.a(lib_a-printf.o)
                              obj/hello_ucosii.o (printf)
c:/altera/11.0sp1/nios2eds/bin/gnu/h-i686-mingw32/bin/../lib/gcc/nios2-elf/4.1.2/../../../../nios2-elf/lib\libc.a(lib_a-vfprintf.o)
                              c:/altera/11.0sp1/nios2eds/bin/gnu/h-i686-mingw32/bin/../lib/gcc/nios2-elf/4.1.2/../../../../nios2-elf/lib\libc.a(lib_a-printf.o) (___vfprintf_internal_r)
c:/altera/11.0sp1/nios2eds/bin/gnu/h-i686-mingw32/bin/../lib/gcc/nios2-elf/4.1.2/../../../../nios2-elf/lib\libc.a(lib_a-wsetup.o)
                              c:/altera/11.0sp1/nios2eds/bin/gnu/h-i686-mingw32/bin/../lib/gcc/nios2-elf/4.1.2/../../../../nios2-elf/lib\libc.a(lib_a-vfprintf.o) (__swsetup_r)
c:/altera/11.0sp1/nios2eds/bin/gnu/h-i686-mingw32/bin/../lib/gcc/nios2-elf/4.1.2/../../../../nios2-elf/lib\libc.a(lib_a-dtoa.o)
                              c:/altera/11.0sp1/nios2eds/bin/gnu/h-i686-mingw32/bin/../lib/gcc/nios2-elf/4.1.2/../../../../nios2-elf/lib\libc.a(lib_a-vfprintf.o) (_dtoa_r)
c:/altera/11.0sp1/nios2eds/bin/gnu/h-i686-mingw32/bin/../lib/gcc/nios2-elf/4.1.2/../../../../nios2-elf/lib\libc.a(lib_a-fflush.o)
                              c:/altera/11.0sp1/nios2eds/bin/gnu/h-i686-mingw32/bin/../lib/gcc/nios2-elf/4.1.2/../../../../nios2-elf/lib\libc.a(lib_a-vfprintf.o) (_fflush_r)
c:/altera/11.0sp1/nios2eds/bin/gnu/h-i686-mingw32/bin/../lib/gcc/nios2-elf/4.1.2/../../../../nios2-elf/lib\libc.a(lib_a-findfp.o)
                              c:/altera/11.0sp1/nios2eds/bin/gnu/h-i686-mingw32/bin/../lib/gcc/nios2-elf/4.1.2/../../../../nios2-elf/lib\libc.a(lib_a-vfprintf.o) (__sinit)
c:/altera/11.0sp1/nios2eds/bin/gnu/h-i686-mingw32/bin/../lib/gcc/nios2-elf/4.1.2/../../../../nios2-elf/lib\libc.a(lib_a-freer.o)
                              c:/altera/11.0sp1/nios2eds/bin/gnu/h-i686-mingw32/bin/../lib/gcc/nios2-elf/4.1.2/../../../../nios2-elf/lib\libc.a(lib_a-wsetup.o) (_free_r)
c:/altera/11.0sp1/nios2eds/bin/gnu/h-i686-mingw32/bin/../lib/gcc/nios2-elf/4.1.2/../../../../nios2-elf/lib\libc.a(lib_a-fvwrite.o)
                              c:/altera/11.0sp1/nios2eds/bin/gnu/h-i686-mingw32/bin/../lib/gcc/nios2-elf/4.1.2/../../../../nios2-elf/lib\libc.a(lib_a-vfprintf.o) (__sfvwrite_r)
c:/altera/11.0sp1/nios2eds/bin/gnu/h-i686-mingw32/bin/../lib/gcc/nios2-elf/4.1.2/../../../../nios2-elf/lib\libc.a(lib_a-fwalk.o)
                              c:/altera/11.0sp1/nios2eds/bin/gnu/h-i686-mingw32/bin/../lib/gcc/nios2-elf/4.1.2/../../../../nios2-elf/lib\libc.a(lib_a-fflush.o) (_fwalk_reent)
c:/altera/11.0sp1/nios2eds/bin/gnu/h-i686-mingw32/bin/../lib/gcc/nios2-elf/4.1.2/../../../../nios2-elf/lib\libc.a(lib_a-impure.o)
                              c:/altera/11.0sp1/nios2eds/bin/gnu/h-i686-mingw32/bin/../lib/gcc/nios2-elf/4.1.2/../../../../nios2-elf/lib\libc.a(lib_a-printf.o) (_impure_ptr)
c:/altera/11.0sp1/nios2eds/bin/gnu/h-i686-mingw32/bin/../lib/gcc/nios2-elf/4.1.2/../../../../nios2-elf/lib\libc.a(lib_a-locale.o)
                              c:/altera/11.0sp1/nios2eds/bin/gnu/h-i686-mingw32/bin/../lib/gcc/nios2-elf/4.1.2/../../../../nios2-elf/lib\libc.a(lib_a-vfprintf.o) (_localeconv_r)
c:/altera/11.0sp1/nios2eds/bin/gnu/h-i686-mingw32/bin/../lib/gcc/nios2-elf/4.1.2/../../../../nios2-elf/lib\libc.a(lib_a-makebuf.o)
                              c:/altera/11.0sp1/nios2eds/bin/gnu/h-i686-mingw32/bin/../lib/gcc/nios2-elf/4.1.2/../../../../nios2-elf/lib\libc.a(lib_a-wsetup.o) (__smakebuf_r)
c:/altera/11.0sp1/nios2eds/bin/gnu/h-i686-mingw32/bin/../lib/gcc/nios2-elf/4.1.2/../../../../nios2-elf/lib\libc.a(lib_a-mallocr.o)
                              c:/altera/11.0sp1/nios2eds/bin/gnu/h-i686-mingw32/bin/../lib/gcc/nios2-elf/4.1.2/../../../../nios2-elf/lib\libc.a(lib_a-findfp.o) (_malloc_r)
c:/altera/11.0sp1/nios2eds/bin/gnu/h-i686-mingw32/bin/../lib/gcc/nios2-elf/4.1.2/../../../../nios2-elf/lib\libc.a(lib_a-memchr.o)
                              c:/altera/11.0sp1/nios2eds/bin/gnu/h-i686-mingw32/bin/../lib/gcc/nios2-elf/4.1.2/../../../../nios2-elf/lib\libc.a(lib_a-vfprintf.o) (memchr)
c:/altera/11.0sp1/nios2eds/bin/gnu/h-i686-mingw32/bin/../lib/gcc/nios2-elf/4.1.2/../../../../nios2-elf/lib\libc.a(lib_a-memcpy.o)
                              c:/altera/11.0sp1/nios2eds/bin/gnu/h-i686-mingw32/bin/../lib/gcc/nios2-elf/4.1.2/../../../../nios2-elf/lib\libc.a(lib_a-dtoa.o) (memcpy)
c:/altera/11.0sp1/nios2eds/bin/gnu/h-i686-mingw32/bin/../lib/gcc/nios2-elf/4.1.2/../../../../nios2-elf/lib\libc.a(lib_a-memmove.o)
                              c:/altera/11.0sp1/nios2eds/bin/gnu/h-i686-mingw32/bin/../lib/gcc/nios2-elf/4.1.2/../../../../nios2-elf/lib\libc.a(lib_a-fvwrite.o) (memmove)
c:/altera/11.0sp1/nios2eds/bin/gnu/h-i686-mingw32/bin/../lib/gcc/nios2-elf/4.1.2/../../../../nios2-elf/lib\libc.a(lib_a-memset.o)
[...]
Memory Configuration

Name             Origin             Length             Attributes
reset            0x00000000         0x00000020
epcs             0x00000020         0x000007e0
sdram_BEFORE_EXCEPTION 0x04000000         0x00000020
sdram            0x04000020         0x01ffffe0
*default*        0x00000000         0xffffffff

Linker script and memory map

LOAD ../Test_bsp//obj/HAL/src/crt0.o
LOAD obj/hello_ucosii.o
LOAD c:/altera/11.0sp1/nios2eds/bin/gnu/h-i686-mingw32/bin/../lib/gcc/nios2-elf/4.1.2/../../../../nios2-elf/lib\libstdc++.a
LOAD c:/altera/11.0sp1/nios2eds/bin/gnu/h-i686-mingw32/bin/../lib/gcc/nios2-elf/4.1.2/../../../../nios2-elf/lib\libm.a
LOAD c:/altera/11.0sp1/nios2eds/bin/gnu/h-i686-mingw32/bin/../lib/gcc/nios2-elf/4.1.2\libgcc.a
START GROUP
LOAD c:/altera/11.0sp1/nios2eds/bin/gnu/h-i686-mingw32/bin/../lib/gcc/nios2-elf/4.1.2/../../../../nios2-elf/lib\libc.a
LOAD c:/altera/11.0sp1/nios2eds/bin/gnu/h-i686-mingw32/bin/../lib/gcc/nios2-elf/4.1.2\libgcc.a
LOAD ../Test_bsp/\libucosii_bsp.a
END GROUP
LOAD c:/altera/11.0sp1/nios2eds/bin/gnu/h-i686-mingw32/bin/../lib/gcc/nios2-elf/4.1.2\libgcc.a
                0x00000000                __alt_mem_epcs = 0x0
                0x04000000                __alt_mem_sdram = 0x4000000

.entry          0x00000000        0x0
 *(.entry)
 .entry         0x00000000        0x0 ../Test_bsp//obj/HAL/src/crt0.o
                0x00000000                __reset

.exceptions     0x04000020      0x19c
                0x04000020                PROVIDE (__ram_exceptions_start, ABSOLUTE (.))
                0x04000020                . = ALIGN (0x20)
 *(.irq)
 *(.exceptions.entry.label)
 .exceptions.entry.label
                0x04000020        0x0 ../Test_bsp/\libucosii_bsp.a(alt_irq_entry.o)
                0x04000020                alt_irq_entry
 .exceptions.entry.label
                0x04000020        0x0 ../Test_bsp/\libucosii_bsp.a(alt_exception_entry.o)
                0x04000020                alt_exception
 *(.exceptions.entry.user)
 *(.exceptions.entry)
 .exceptions.entry
                0x04000020       0x54 ../Test_bsp/\libucosii_bsp.a(alt_exception_entry.o)
 *(.exceptions.irqtest.user)
 *(.exceptions.irqtest)
 .exceptions.irqtest
                0x04000074       0x10 ../Test_bsp/\libucosii_bsp.a(alt_irq_entry.o)
 *(.exceptions.irqhandler.user)
 *(.exceptions.irqhandler)
 .exceptions.irqhandler
                0x04000084        0x4 ../Test_bsp/\libucosii_bsp.a(alt_irq_entry.o)
 *(.exceptions.irqreturn.user)
 *(.exceptions.irqreturn)
 .exceptions.irqreturn
                0x04000088        0x4 ../Test_bsp/\libucosii_bsp.a(alt_irq_entry.o)
 *(.exceptions.notirq.label)
 .exceptions.notirq.label
                0x0400008c        0x0 ../Test_bsp/\libucosii_bsp.a(alt_irq_entry.o)
 *(.exceptions.notirq.user)
 *(.exceptions.notirq)
 .exceptions.notirq
                0x0400008c        0x8 ../Test_bsp/\libucosii_bsp.a(alt_exception_entry.o)
 *(.exceptions.soft.user)
 *(.exceptions.soft)
 *(.exceptions.unknown.user)
 *(.exceptions.unknown)
 .exceptions.unknown
                0x04000094        0x4 ../Test_bsp/\libucosii_bsp.a(alt_exception_entry.o)
 *(.exceptions.exit.label)
 .exceptions.exit.label
                0x04000098        0x0 ../Test_bsp/\libucosii_bsp.a(alt_irq_entry.o)
 .exceptions.exit.label
                0x04000098        0x0 ../Test_bsp/\libucosii_bsp.a(alt_exception_entry.o)
 *(.exceptions.exit.user)
 *(.exceptions.exit)
 .exceptions.exit
                0x04000098       0x54 ../Test_bsp/\libucosii_bsp.a(alt_exception_entry.o)
 *(.exceptions)
 .exceptions    0x040000ec       0xd0 ../Test_bsp/\libucosii_bsp.a(alt_irq_handler.o)
                0x040000ec                alt_irq_handler
                0x040001bc                PROVIDE (__ram_exceptions_end, ABSOLUTE (.))
                0x04000020                PROVIDE (__flash_exceptions_start, LOADADDR (.exceptions))

.text           0x040001bc    0x17a70
                0x040001bc                PROVIDE (stext, ABSOLUTE (.))
 *(.interp)
 *(.hash)
 *(.dynsym)
 *(.dynstr)
 *(.gnu.version)
 *(.gnu.version_d)
 *(.gnu.version_r)
 *(.rel.init)
 *(.rela.init)
 *(.rel.text .rel.text.* .rel.gnu.linkonce.t.*)
 *(.rela.text .rela.text.* .rela.gnu.linkonce.t.*)
 *(.rel.fini)
 *(.rela.fini)
 *(.rel.rodata .rel.rodata.* .rel.gnu.linkonce.r.*)
 *(.rela.rodata .rela.rodata.* .rela.gnu.linkonce.r.*)
 *(.rel.data .rel.data.* .rel.gnu.linkonce.d.*)
 *(.rela.data .rela.data.* .rela.gnu.linkonce.d.*)
 *(.rel.tdata .rel.tdata.* .rel.gnu.linkonce.td.*)
 *(.rela.tdata .rela.tdata.* .rela.gnu.linkonce.td.*)
 *(.rel.tbss .rel.tbss.* .rel.gnu.linkonce.tb.*)
 *(.rela.tbss .rela.tbss.* .rela.gnu.linkonce.tb.*)
 *(.rel.ctors)
 *(.rela.ctors)
 *(.rel.dtors)
 *(.rela.dtors)
 *(.rel.got)
 *(.rela.got)
 *(.rel.sdata .rel.sdata.* .rel.gnu.linkonce.s.*)
 *(.rela.sdata .rela.sdata.* .rela.gnu.linkonce.s.*)
 *(.rel.sbss .rel.sbss.* .rel.gnu.linkonce.sb.*)
 *(.rela.sbss .rela.sbss.* .rela.gnu.linkonce.sb.*)
 *(.rel.sdata2 .rel.sdata2.* .rel.gnu.linkonce.s2.*)
 *(.rela.sdata2 .rela.sdata2.* .rela.gnu.linkonce.s2.*)
 *(.rel.sbss2 .rel.sbss2.* .rel.gnu.linkonce.sb2.*)
 *(.rela.sbss2 .rela.sbss2.* .rela.gnu.linkonce.sb2.*)
 *(.rel.bss .rel.bss.* .rel.gnu.linkonce.b.*)
 *(.rela.bss .rela.bss.* .rela.gnu.linkonce.b.*)
 *(.rel.plt)
 *(.rela.plt)
 *(.rel.dyn)
 *(.init)
 *(.plt)
 *(.text .stub .text.* .gnu.linkonce.t.*)
 .text          0x040001bc       0x38 ../Test_bsp//obj/HAL/src/crt0.o
                0x040001bc                _start
 .text          0x040001f4      0x3bc obj/hello_ucosii.o
                0x040001f4                main
                0x040002a8                Task1
                0x040003f4                Task2
                0x04000538                printCtxSwMessage
 .text          0x040005b0       0x78 c:/altera/11.0sp1/nios2eds/bin/gnu/h-i686-mingw32/bin/../lib/gcc/nios2-elf/4.1.2/../../../../nios2-elf/lib\libc.a(lib_a-printf.o)
                0x040005b0                printf
                0x040005f4                _printf_r
 .text          0x04000628     0x1f28 c:/altera/11.0sp1/nios2eds/bin/gnu/h-i686-mingw32/bin/../lib/gcc/nios2-elf/4.1.2/../../../../nios2-elf/lib\libc.a(lib_a-vfprintf.o)
                0x04000680                ___vfprintf_internal_r
                0x0400252c                __vfprintf_internal
 .text          0x04002550      0x13c c:/altera/11.0sp1/nios2eds/bin/gnu/h-i686-mingw32/bin/../lib/gcc/nios2-elf/4.1.2/../../../../nios2-elf/lib\libc.a(lib_a-wsetup.o)
                0x04002550                __swsetup_r
 .text          0x0400268c     0x17cc c:/altera/11.0sp1/nios2eds/bin/gnu/h-i686-mingw32/bin/../lib/gcc/nios2-elf/4.1.2/../../../../nios2-elf/lib\libc.a(lib_a-dtoa.o)
                0x040028a4                _dtoa_r
 .text          0x04003e58      0x230 c:/altera/11.0sp1/nios2eds/bin/gnu/h-i686-mingw32/bin/../lib/gcc/nios2-elf/4.1.2/../../../../nios2-elf/lib\libc.a(lib_a-fflush.o)
                0x04003e58                _fflush_r
                0x04004054                fflush
 .text          0x04004088      0x2c0 c:/altera/11.0sp1/nios2eds/bin/gnu/h-i686-mingw32/bin/../lib/gcc/nios2-elf/4.1.2/../../../../nios2-elf/lib\libc.a(lib_a-findfp.o)
                0x040040e0                __sfp_lock_acquire
                0x040040e4                __sfp_lock_release
                0x040040e8                __sinit_lock_acquire
                0x040040ec                __sinit_lock_release
                0x040040f0                __sinit
                0x040041a4                __fp_unlock_all
                0x040041bc                __fp_lock_all
                0x040041d4                _cleanup_r
                0x040041e0                _cleanup
                0x040041f0                __sfmoreglue
                0x04004258                __sfp
 .text          0x04004348      0x440 c:/altera/11.0sp1/nios2eds/bin/gnu/h-i686-mingw32/bin/../lib/gcc/nios2-elf/4.1.2/../../../../nios2-elf/lib\libc.a(lib_a-freer.o)
                0x04004348                _malloc_trim_r
                0x04004474                _free_r
 .text          0x04004788      0x49c c:/altera/11.0sp1/nios2eds/bin/gnu/h-i686-mingw32/bin/../lib/gcc/nios2-elf/4.1.2/../../../../nios2-elf/lib\libc.a(lib_a-fvwrite.o)
                0x04004788                __sfvwrite_r
 .text          0x04004c24      0x180 c:/altera/11.0sp1/nios2eds/bin/gnu/h-i686-mingw32/bin/../lib/gcc/nios2-elf/4.1.2/../../../../nios2-elf/lib\libc.a(lib_a-fwalk.o)
                0x04004c24                _fwalk_reent
                0x04004cec                _fwalk
 .text          0x04004da4        0x0 c:/altera/11.0sp1/nios2eds/bin/gnu/h-i686-mingw32/bin/../lib/gcc/nios2-elf/4.1.2/../../../../nios2-elf/lib\libc.a(lib_a-impure.o)
 .text          0x04004da4       0xc4 c:/altera/11.0sp1/nios2eds/bin/gnu/h-i686-mingw32/bin/../lib/gcc/nios2-elf/4.1.2/../../../../nios2-elf/lib\libc.a(lib_a-locale.o)
                0x04004da4                __locale_charset
                0x04004dac                _localeconv_r
                0x04004db8                localeconv
                0x04004dc8                _setlocale_r
                0x04004e4c                setlocale
 .text          0x04004e68      0x194 c:/altera/11.0sp1/nios2eds/bin/gnu/h-i686-mingw32/bin/../lib/gcc/nios2-elf/4.1.2/../../../../nios2-elf/lib\libc.a(lib_a-makebuf.o)
                0x04004e68                __smakebuf_r
 .text          0x04004ffc      0x740 c:/altera/11.0sp1/nios2eds/bin/gnu/h-i686-mingw32/bin/../lib/gcc/nios2-elf/4.1.2/../../../../nios2-elf/lib\libc.a(lib_a-mallocr.o)
                0x04004ffc                _malloc_r
 .text          0x0400573c       0xe4 c:/altera/11.0sp1/nios2eds/bin/gnu/h-i686-mingw32/bin/../lib/gcc/nios2-elf/4.1.2/../../../../nios2-elf/lib\libc.a(lib_a-memchr.o)
                0x0400573c                memchr
 .text          0x04005820       0xa0 c:/altera/11.0sp1/nios2eds/bin/gnu/h-i686-mingw32/bin/../lib/gcc/nios2-elf/4.1.2/../../../../nios2-elf/lib\libc.a(lib_a-memcpy.o)
                0x04005820                memcpy
 .text          0x040058c0       0xe0 c:/altera/11.0sp1/nios2eds/bin/gnu/h-i686-mingw32/bin/../lib/gcc/nios2-elf/4.1.2/../../../../nios2-elf/lib\libc.a(lib_a-memmove.o)
                0x040058c0                memmove
 .text          0x040059a0       0x98 c:/altera/11.0sp1/nios2eds/bin/gnu/h-i686-mingw32/bin/../lib/gcc/nios2-elf/4.1.2/../../../../nios2-elf/lib\libc.a(lib_a-memset.o)
                0x040059a0                memset
 .text          0x04005a38      0xff4 c:/altera/11.0sp1/nios2eds/bin/gnu/h-i686-mingw32/bin/../lib/gcc/nios2-elf/4.1.2/../../../../nios2-elf/lib\libc.a(lib_a-mprec.o)
                0x04005a38                _Bfree
                0x04005a60                __hi0bits
                0x04005ad0                __lo0bits
                0x04005b94                __mcmp
                0x04005bf4                __ulp
                0x04005c74                __b2d
                0x04005d94                __ratio
                0x04005e44                _mprec_log10
                0x04005ed8                __copybits
                0x04005f30                __any_on
                0x04005fb8                _Balloc
                0x04006074                __d2b
                0x040061f0                __mdiff
                0x0400637c                __lshift
                0x040064c8                __multiply
                0x040066b0                __i2b
                0x040066ec                __multadd
                0x040067ec                __pow5mult
                0x0400690c                __s2b
 .text          0x04006a2c      0x5f4 c:/altera/11.0sp1/nios2eds/bin/gnu/h-i686-mingw32/bin/../lib/gcc/nios2-elf/4.1.2/../../../../nios2-elf/lib\libc.a(lib_a-reallocr.o)
                0x04006a2c                _realloc_r
 .text          0x04007020       0x40 c:/altera/11.0sp1/nios2eds/bin/gnu/h-i686-mingw32/bin/../lib/gcc/nios2-elf/4.1.2/../../../../nios2-elf/lib\libc.a(lib_a-s_isinfd.o)
                0x04007020                __isinfd
 .text          0x04007060       0x30 c:/altera/11.0sp1/nios2eds/bin/gnu/h-i686-mingw32/bin/../lib/gcc/nios2-elf/4.1.2/../../../../nios2-elf/lib\libc.a(lib_a-s_isnand.o)
                0x04007060                __isnand
 .text          0x04007090       0x70 c:/altera/11.0sp1/nios2eds/bin/gnu/h-i686-mingw32/bin/../lib/gcc/nios2-elf/4.1.2/../../../../nios2-elf/lib\libc.a(lib_a-sbrkr.o)
                0x04007090                _sbrk_r
 .text          0x04007100      0x14c c:/altera/11.0sp1/nios2eds/bin/gnu/h-i686-mingw32/bin/../lib/gcc/nios2-elf/4.1.2/../../../../nios2-elf/lib\libc.a(lib_a-stdio.o)
                0x04007100                __sclose
                0x04007108                __sseek
                0x04007170                __swrite
                0x040071ec                __sread
 .text          0x0400724c       0xbc c:/altera/11.0sp1/nios2eds/bin/gnu/h-i686-mingw32/bin/../lib/gcc/nios2-elf/4.1.2/../../../../nios2-elf/lib\libc.a(lib_a-strcmp.o)
                0x0400724c                strcmp
 .text          0x04007308       0x74 c:/altera/11.0sp1/nios2eds/bin/gnu/h-i686-mingw32/bin/../lib/gcc/nios2-elf/4.1.2/../../../../nios2-elf/lib\libc.a(lib_a-strlen.o)
                0x04007308                strlen
 .text          0x0400737c       0x78 c:/altera/11.0sp1/nios2eds/bin/gnu/h-i686-mingw32/bin/../lib/gcc/nios2-elf/4.1.2/../../../../nios2-elf/lib\libc.a(lib_a-writer.o)
                0x0400737c                _write_r
 .text          0x040073f4       0xb4 c:/altera/11.0sp1/nios2eds/bin/gnu/h-i686-mingw32/bin/../lib/gcc/nios2-elf/4.1.2/../../../../nios2-elf/lib\libc.a(lib_a-callocr.o)
                0x040073f4                _calloc_r
 .text          0x040074a8       0x70 c:/altera/11.0sp1/nios2eds/bin/gnu/h-i686-mingw32/bin/../lib/gcc/nios2-elf/4.1.2/../../../../nios2-elf/lib\libc.a(lib_a-closer.o)
                0x040074a8                _close_r
 .text          0x04007518      0x124 c:/altera/11.0sp1/nios2eds/bin/gnu/h-i686-mingw32/bin/../lib/gcc/nios2-elf/4.1.2/../../../../nios2-elf/lib\libc.a(lib_a-fclose.o)
                0x04007518                _fclose_r
                0x04007628                fclose
 .text          0x0400763c       0x74 c:/altera/11.0sp1/nios2eds/bin/gnu/h-i686-mingw32/bin/../lib/gcc/nios2-elf/4.1.2/../../../../nios2-elf/lib\libc.a(lib_a-fstatr.o)
                0x0400763c                _fstat_r
 .text          0x040076b0        0x0 c:/altera/11.0sp1/nios2eds/bin/gnu/h-i686-mingw32/bin/../lib/gcc/nios2-elf/4.1.2/../../../../nios2-elf/lib\libc.a(lib_a-int_errno.o)
 .text          0x040076b0       0x70 c:/altera/11.0sp1/nios2eds/bin/gnu/h-i686-mingw32/bin/../lib/gcc/nios2-elf/4.1.2/../../../../nios2-elf/lib\libc.a(lib_a-isattyr.o)
                0x040076b0                _isatty_r
 .text          0x04007720       0x78 c:/altera/11.0sp1/nios2eds/bin/gnu/h-i686-mingw32/bin/../lib/gcc/nios2-elf/4.1.2/../../../../nios2-elf/lib\libc.a(lib_a-lseekr.o)
                0x04007720                _lseek_r
 .text          0x04007798       0x78 c:/altera/11.0sp1/nios2eds/bin/gnu/h-i686-mingw32/bin/../lib/gcc/nios2-elf/4.1.2/../../../../nios2-elf/lib\libc.a(lib_a-readr.o)
                0x04007798                _read_r
 .text          0x04007810      0x5dc c:/altera/11.0sp1/nios2eds/bin/gnu/h-i686-mingw32/bin/../lib/gcc/nios2-elf/4.1.2\libgcc.a(_udivdi3.o)
                0x04007810                __udivdi3
 .text          0x04007dec      0x5b0 c:/altera/11.0sp1/nios2eds/bin/gnu/h-i686-mingw32/bin/../lib/gcc/nios2-elf/4.1.2\libgcc.a(_umoddi3.o)
                0x04007dec                __umoddi3
 .text          0x0400839c      0x504 c:/altera/11.0sp1/nios2eds/bin/gnu/h-i686-mingw32/bin/../lib/gcc/nios2-elf/4.1.2\libgcc.a(_addsub_df.o)
                0x040087ac                __subdf3
                0x0400882c                __adddf3
 .text          0x040088a0      0x3c4 c:/altera/11.0sp1/nios2eds/bin/gnu/h-i686-mingw32/bin/../lib/gcc/nios2-elf/4.1.2\libgcc.a(_mul_df.o)
                0x040088a0                __muldf3
 .text          0x04008c64      0x258 c:/altera/11.0sp1/nios2eds/bin/gnu/h-i686-mingw32/bin/../lib/gcc/nios2-elf/4.1.2\libgcc.a(_div_df.o)
                0x04008c64                __divdf3
 .text          0x04008ebc       0x88 c:/altera/11.0sp1/nios2eds/bin/gnu/h-i686-mingw32/bin/../lib/gcc/nios2-elf/4.1.2\libgcc.a(_eq_df.o)
                0x04008ebc                __eqdf2
 .text          0x04008f44       0x88 c:/altera/11.0sp1/nios2eds/bin/gnu/h-i686-mingw32/bin/../lib/gcc/nios2-elf/4.1.2\libgcc.a(_ne_df.o)
                0x04008f44                __nedf2
 .text          0x04008fcc       0x88 c:/altera/11.0sp1/nios2eds/bin/gnu/h-i686-mingw32/bin/../lib/gcc/nios2-elf/4.1.2\libgcc.a(_gt_df.o)
                0x04008fcc                __gtdf2
 .text          0x04009054       0x88 c:/altera/11.0sp1/nios2eds/bin/gnu/h-i686-mingw32/bin/../lib/gcc/nios2-elf/4.1.2\libgcc.a(_ge_df.o)
                0x04009054                __gedf2
 .text          0x040090dc       0x88 c:/altera/11.0sp1/nios2eds/bin/gnu/h-i686-mingw32/bin/../lib/gcc/nios2-elf/4.1.2\libgcc.a(_lt_df.o)
                0x040090dc                __ltdf2
 .text          0x04009164       0xf8 c:/altera/11.0sp1/nios2eds/bin/gnu/h-i686-mingw32/bin/../lib/gcc/nios2-elf/4.1.2\libgcc.a(_si_to_df.o)
                0x04009164                __floatsidf
 .text          0x0400925c       0xd8 c:/altera/11.0sp1/nios2eds/bin/gnu/h-i686-mingw32/bin/../lib/gcc/nios2-elf/4.1.2\libgcc.a(_df_to_si.o)
                0x0400925c                __fixdfsi
 .text          0x04009334        0x0 c:/altera/11.0sp1/nios2eds/bin/gnu/h-i686-mingw32/bin/../lib/gcc/nios2-elf/4.1.2\libgcc.a(_thenan_df.o)
 .text          0x04009334      0x194 c:/altera/11.0sp1/nios2eds/bin/gnu/h-i686-mingw32/bin/../lib/gcc/nios2-elf/4.1.2\libgcc.a(_usi_to_df.o)
                0x04009334                __floatunsidf
 .text          0x040094c8      0x14c c:/altera/11.0sp1/nios2eds/bin/gnu/h-i686-mingw32/bin/../lib/gcc/nios2-elf/4.1.2\libgcc.a(lib2-divmod.o)
                0x04009544                __divsi3
                0x040095a4                __modsi3
                0x04009604                __udivsi3
                0x0400960c                __umodsi3
 .text          0x04009614       0x98 c:/altera/11.0sp1/nios2eds/bin/gnu/h-i686-mingw32/bin/../lib/gcc/nios2-elf/4.1.2\libgcc.a(_muldi3.o)
                0x04009614                __muldi3
 .text          0x040096ac        0x0 c:/altera/11.0sp1/nios2eds/bin/gnu/h-i686-mingw32/bin/../lib/gcc/nios2-elf/4.1.2\libgcc.a(_clz.o)
 .text          0x040096ac       0x80 c:/altera/11.0sp1/nios2eds/bin/gnu/h-i686-mingw32/bin/../lib/gcc/nios2-elf/4.1.2\libgcc.a(_clzsi2.o)
                0x040096ac                __clzsi2
 .text          0x0400972c      0x314 c:/altera/11.0sp1/nios2eds/bin/gnu/h-i686-mingw32/bin/../lib/gcc/nios2-elf/4.1.2\libgcc.a(_pack_df.o)
                0x0400972c                __pack_d
 .text          0x04009a40      0x138 c:/altera/11.0sp1/nios2eds/bin/gnu/h-i686-mingw32/bin/../lib/gcc/nios2-elf/4.1.2\libgcc.a(_unpack_df.o)
                0x04009a40                __unpack_d
 .text          0x04009b78       0xc8 c:/altera/11.0sp1/nios2eds/bin/gnu/h-i686-mingw32/bin/../lib/gcc/nios2-elf/4.1.2\libgcc.a(_fpcmp_parts_df.o)
                0x04009b78                __fpcmp_parts_d
 .text          0x04009c40      0x15c ../Test_bsp/\libucosii_bsp.a(alt_close.o)
                0x04009c40                close
 .text          0x04009d9c       0x2c ../Test_bsp/\libucosii_bsp.a(alt_dev.o)
 .text          0x04009dc8        0x0 ../Test_bsp/\libucosii_bsp.a(alt_errno.o)
 .text          0x04009dc8      0x134 ../Test_bsp/\libucosii_bsp.a(alt_fstat.o)
                0x04009dc8                fstat
 .text          0x04009efc      0x120 ../Test_bsp/\libucosii_bsp.a(alt_isatty.o)
                0x04009efc                isatty
 .text          0x0400a01c      0x150 ../Test_bsp/\libucosii_bsp.a(alt_lseek.o)
                0x0400a01c                lseek
 .text          0x0400a16c       0xc8 ../Test_bsp/\libucosii_bsp.a(alt_main.o)
                0x0400a16c                alt_main
 .text          0x0400a234      0x180 ../Test_bsp/\libucosii_bsp.a(alt_read.o)
                0x0400a234                read
 .text          0x0400a3b4       0x60 ../Test_bsp/\libucosii_bsp.a(alt_release_fd.o)
                0x0400a3b4                alt_release_fd
 .text          0x0400a414       0xbc ../Test_bsp/\libucosii_bsp.a(alt_sbrk.o)
                0x0400a414                sbrk
 .text          0x0400a4d0      0x180 ../Test_bsp/\libucosii_bsp.a(alt_write.o)
                0x0400a4d0                write
 .text          0x0400a650      0x108 ../Test_bsp/\libucosii_bsp.a(alt_env_lock.o)
                0x0400a650                __env_lock
                0x0400a6fc                __env_unlock
 .text          0x0400a758      0x1d8 ../Test_bsp/\libucosii_bsp.a(alt_malloc_lock.o)
                0x0400a758                __malloc_lock
                0x0400a860                __malloc_unlock
 .text          0x0400a930     0x2278 ../Test_bsp/\libucosii_bsp.a(os_core.o)
                0x0400a930                OSEventNameGet
                0x0400aa60                OSEventNameSet
                0x0400aba4                OSEventPendMulti
                0x0400b258                OSInit
                0x0400b2ac                OSIntEnter
                0x0400b328                OSIntExit
                0x0400b4ac                OSSchedLock
                0x0400b538                OSSchedUnlock
                0x0400b61c                OSStart
                0x0400b694                OSStatInit
                0x0400b740                OSTimeTick
                0x0400b9c0                OSVersion
                0x0400b9e0                OS_Dummy
                0x0400b9fc                OS_EventTaskRdy
                0x0400bb90                OS_EventTaskWait
                0x0400bca0                OS_EventTaskWaitMulti
                0x0400bdf4                OS_EventTaskRemove
                0x0400beac                OS_EventTaskRemoveMulti
                0x0400bfb0                OS_EventWaitListInit
                0x0400c37c                OS_MemClr
                0x0400c3d0                OS_MemCopy
                0x0400c43c                OS_Sched
                0x0400c604                OS_StrCopy
                0x0400c684                OS_StrLen
                0x0400c6dc                OS_TaskIdle
                0x0400c738                OS_TaskStat
                0x0400c800                OS_TaskStatStkChk
                0x0400c8c8                OS_TCBInit
 .text          0x0400cba8      0x18c ../Test_bsp/\libucosii_bsp.a(os_dbg.o)
                0x0400cba8                OSDebugInit
 .text          0x0400cd34     0x193c ../Test_bsp/\libucosii_bsp.a(os_flag.o)
                0x0400cd34                OSFlagAccept
                0x0400d068                OSFlagCreate
                0x0400d1a4                OSFlagDel
                0x0400d44c                OSFlagNameGet
                0x0400d590                OSFlagNameSet
                0x0400d6e4                OSFlagPend
                0x0400dd28                OSFlagPendGetFlagsRdy
                0x0400dd90                OSFlagPost
                0x0400e138                OSFlagQuery
                0x0400e3d0                OS_FlagInit
                0x0400e5c4                OS_FlagUnlink
 .text          0x0400e670      0x808 ../Test_bsp/\libucosii_bsp.a(os_mem.o)
                0x0400e670                OSMemCreate
                0x0400e88c                OSMemGet
                0x0400e990                OSMemNameGet
                0x0400ea9c                OSMemNameSet
                0x0400ebbc                OSMemPut
                0x0400ecac                OSMemQuery
                0x0400eda8                OS_MemInit
 .text          0x0400ee78     0x1668 ../Test_bsp/\libucosii_bsp.a(os_mutex.o)
                0x0400ee78                OSMutexAccept
                0x0400f050                OSMutexCreate
                0x0400f254                OSMutexDel
                0x0400f5bc                OSMutexPend
                0x0400fbcc                OSMutexPost
                0x04010170                OSMutexQuery
 .text          0x040104e0     0x1334 ../Test_bsp/\libucosii_bsp.a(os_q.o)
                0x040104e0                OSQAccept
                0x04010634                OSQCreate
                0x04010848                OSQDel
                0x04010b48                OSQFlush
                0x04010c10                OSQPend
                0x04010f30                OSQPendAbort
                0x040110ac                OSQPost
                0x0401122c                OSQPostFront
                0x040113b4                OSQPostOpt
                0x040115e8                OSQQuery
                0x04011768                OS_QInit
 .text          0x04011814      0xbc8 ../Test_bsp/\libucosii_bsp.a(os_sem.o)
                0x04011814                OSSemAccept
                0x040118d4                OSSemCreate
                0x040119e8                OSSemDel
                0x04011c88                OSSemPend
                0x04011f04                OSSemPendAbort
                0x04012080                OSSemPost
                0x040121a8                OSSemQuery
                0x040122d8                OSSemSet
 .text          0x040123dc     0x1a40 ../Test_bsp/\libucosii_bsp.a(os_task.o)
                0x040123dc                OSTaskChangePrio
                0x04012950                OSTaskCreate
                0x04012b24                OSTaskCreateExt
                0x04012d24                OSTaskDel
                0x04013130                OSTaskDelReq
                0x040132a0                OSTaskNameGet
                0x04013458                OSTaskNameSet
                0x0401361c                OSTaskResume
                0x04013834                OSTaskStkChk
                0x04013a30                OSTaskSuspend
                0x04013c5c                OSTaskQuery
                0x04013da0                OS_TaskStkClr
 .text          0x04013e1c      0x59c ../Test_bsp/\libucosii_bsp.a(os_time.o)
                0x04013e1c                OSTimeDly
                0x04013f68                OSTimeDlyHMSM
                0x040140e0                OSTimeDlyResume
                0x040142f0                OSTimeGet
                0x04014354                OSTimeSet
 .text          0x040143b8       0xd0 ../Test_bsp/\libucosii_bsp.a(alt_sys_init.o)
                0x040143b8                alt_irq_init
                0x040143ec                alt_sys_init
 .text          0x04014488      0x934 ../Test_bsp/\libucosii_bsp.a(altera_avalon_epcs_flash_controller.o)
                0x04014488                alt_epcs_flash_init
                0x04014808                alt_epcs_flash_write
                0x04014a88                alt_epcs_flash_get_info
                0x04014b18                alt_epcs_flash_erase_block
                0x04014c20                alt_epcs_flash_write_block
                0x04014d30                alt_epcs_flash_read
 .text          0x04014dbc      0x148 ../Test_bsp/\libucosii_bsp.a(altera_avalon_jtag_uart_fd.o)
                0x04014dbc                altera_avalon_jtag_uart_read_fd
                0x04014e14                altera_avalon_jtag_uart_write_fd
                0x04014e6c                altera_avalon_jtag_uart_close_fd
                0x04014eb4                altera_avalon_jtag_uart_ioctl_fd
 .text          0x04014f04      0x584 ../Test_bsp/\libucosii_bsp.a(altera_avalon_jtag_uart_init.o)
                0x04014f04                altera_avalon_jtag_uart_init
                0x04015414                altera_avalon_jtag_uart_close
 .text          0x04015488       0xf4 ../Test_bsp/\libucosii_bsp.a(altera_avalon_jtag_uart_ioctl.o)
                0x04015488                altera_avalon_jtag_uart_ioctl
 .text          0x0401557c      0x2c0 ../Test_bsp/\libucosii_bsp.a(altera_avalon_jtag_uart_read.o)
                0x0401557c                altera_avalon_jtag_uart_read
 .text          0x0401583c      0x2dc ../Test_bsp/\libucosii_bsp.a(altera_avalon_jtag_uart_write.o)
                0x0401583c                altera_avalon_jtag_uart_write
 .text          0x04015b18      0x100 ../Test_bsp/\libucosii_bsp.a(altera_avalon_timer_sc.o)
                0x04015b88                alt_avalon_timer_sc_init
 .text          0x04015c18      0x460 ../Test_bsp/\libucosii_bsp.a(epcs_commands.o)
                0x04015c18                epcs_read_status_register
                0x04015c78                epcs_sector_erase
                0x04015d64                epcs_read_buffer
                0x04015e18                epcs_write_enable
                0x04015e68                epcs_write_status_register
                0x04015ecc                epcs_write_buffer
                0x04015fa4                epcs_read_electronic_signature
                0x04016010                epcs_read_device_id
 .text          0x04016078      0x154 ../Test_bsp/\libucosii_bsp.a(alt_alarm_start.o)
                0x04016078                alt_alarm_start
 .text          0x040161cc      0x114 ../Test_bsp/\libucosii_bsp.a(alt_dev_llist_insert.o)
                0x040161cc                alt_dev_llist_insert
 .text          0x040162e0       0x64 ../Test_bsp/\libucosii_bsp.a(alt_do_ctors.o)
                0x040162e0                _do_ctors
 .text          0x04016344       0x64 ../Test_bsp/\libucosii_bsp.a(alt_do_dtors.o)
                0x04016344                _do_dtors
 .text          0x040163a8       0xd0 ../Test_bsp/\libucosii_bsp.a(alt_flash_dev.o)
                0x040163a8                alt_flash_open_dev
                0x04016424                alt_flash_close_dev
 .text          0x04016478      0x1d4 ../Test_bsp/\libucosii_bsp.a(alt_iic.o)
                0x04016478                alt_ic_isr_register
                0x040164c8                alt_ic_irq_enable
                0x04016564                alt_ic_irq_disable
                0x04016604                alt_ic_irq_enabled
 .text          0x0401664c       0xf8 ../Test_bsp/\libucosii_bsp.a(alt_iic_isr_register.o)
                0x0401664c                alt_iic_isr_register
 .text          0x04016744      0x13c ../Test_bsp/\libucosii_bsp.a(alt_io_redirect.o)
                0x04016808                alt_io_redirect
 .text          0x04016880        0x0 ../Test_bsp/\libucosii_bsp.a(alt_irq_entry.o)
 .text          0x04016880        0x0 ../Test_bsp/\libucosii_bsp.a(alt_irq_handler.o)
 .text          0x04016880        0x0 ../Test_bsp/\libucosii_bsp.a(alt_irq_vars.o)
 .text          0x04016880      0x2c4 ../Test_bsp/\libucosii_bsp.a(alt_open.o)
                0x0401695c                open
 .text          0x04016b44      0x1a8 ../Test_bsp/\libucosii_bsp.a(alt_tick.o)
                0x04016b44                alt_alarm_stop
                0x04016bdc                alt_tick
 .text          0x04016cec       0x20 ../Test_bsp/\libucosii_bsp.a(altera_nios2_irq.o)
                0x04016cec                altera_nios2_irq_init
 .text          0x04016d0c       0xd0 ../Test_bsp/\libucosii_bsp.a(os_cpu_a.o)
                0x04016d0c                OSCtxSw
                0x04016d0c                OSIntCtxSw
                0x04016d98                OSStartHighRdy
                0x04016db8                OSStartTsk
 .text          0x04016ddc      0x418 ../Test_bsp/\libucosii_bsp.a(os_cpu_c.o)
                0x04016ddc                OSTaskStkInit
                0x040170ec                OSTaskCreateHook
                0x0401710c                OSTaskDelHook
                0x0401712c                OSTaskSwHook
                0x04017148                OSTaskStatHook
                0x04017164                OSTimeTickHook
                0x04017180                OSInitHookBegin
                0x0401719c                OSInitHookEnd
                0x040171b8                OSTaskIdleHook
                0x040171d4                OSTCBInitHook
 .text          0x040171f4      0x238 ../Test_bsp/\libucosii_bsp.a(altera_avalon_spi.o)
                0x040171f4                alt_avalon_spi_command
 .text          0x0401742c        0x0 ../Test_bsp/\libucosii_bsp.a(alt_exception_entry.o)
 .text          0x0401742c       0x94 ../Test_bsp/\libucosii_bsp.a(alt_find_dev.o)
                0x0401742c                alt_find_dev
 .text          0x040174c0      0x120 ../Test_bsp/\libucosii_bsp.a(alt_find_file.o)
                0x040174c0                alt_find_file
 .text          0x040175e0       0xf4 ../Test_bsp/\libucosii_bsp.a(alt_get_fd.o)
                0x040175e0                alt_get_fd
 .text          0x040176d4       0x14 c:/altera/11.0sp1/nios2eds/bin/gnu/h-i686-mingw32/bin/../lib/gcc/nios2-elf/4.1.2/../../../../nios2-elf/lib\libc.a(lib_a-atexit.o)
                0x040176d4                atexit
 .text          0x040176e8       0x38 c:/altera/11.0sp1/nios2eds/bin/gnu/h-i686-mingw32/bin/../lib/gcc/nios2-elf/4.1.2/../../../../nios2-elf/lib\libc.a(lib_a-exit.o)
                0x040176e8                exit
 .text          0x04017720       0x74 c:/altera/11.0sp1/nios2eds/bin/gnu/h-i686-mingw32/bin/../lib/gcc/nios2-elf/4.1.2/../../../../nios2-elf/lib\libc.a(lib_a-memcmp.o)
                0x04017720                memcmp
 .text          0x04017794       0xd4 c:/altera/11.0sp1/nios2eds/bin/gnu/h-i686-mingw32/bin/../lib/gcc/nios2-elf/4.1.2/../../../../nios2-elf/lib\libc.a(lib_a-sprintf.o)
                0x04017794                sprintf
                0x04017808                _sprintf_r
 .text          0x04017868      0x134 c:/altera/11.0sp1/nios2eds/bin/gnu/h-i686-mingw32/bin/../lib/gcc/nios2-elf/4.1.2/../../../../nios2-elf/lib\libc.a(lib_a-__atexit.o)
                0x04017868                __register_exitproc
 .text          0x0401799c      0x1b4 c:/altera/11.0sp1/nios2eds/bin/gnu/h-i686-mingw32/bin/../lib/gcc/nios2-elf/4.1.2/../../../../nios2-elf/lib\libc.a(lib_a-__call_atexit.o)
                0x040179a0                __call_exitprocs
 .text          0x04017b50       0x6c ../Test_bsp/\libucosii_bsp.a(alt_exit.o)
                0x04017b90                _exit
 *(.gnu.warning.*)
 *(.fini)
                0x04017bbc                PROVIDE (__etext, ABSOLUTE (.))
                0x04017bbc                PROVIDE (_etext, ABSOLUTE (.))
                0x04017bbc                PROVIDE (etext, ABSOLUTE (.))
 *(.eh_frame_hdr)
                0x04017bbc                . = ALIGN (0x4)
                0x04017bbc                PROVIDE (__preinit_array_start, ABSOLUTE (.))
 *(.preinit_array)
                0x04017bbc                PROVIDE (__preinit_array_end, ABSOLUTE (.))
                0x04017bbc                PROVIDE (__init_array_start, ABSOLUTE (.))
 *(.init_array)
                0x04017bbc                PROVIDE (__init_array_end, ABSOLUTE (.))
                0x04017bbc                PROVIDE (__fini_array_start, ABSOLUTE (.))
 *(.fini_array)
                0x04017bbc                PROVIDE (__fini_array_end, ABSOLUTE (.))
 *(.eh_frame)
 .eh_frame      0x04017bbc       0x40 c:/altera/11.0sp1/nios2eds/bin/gnu/h-i686-mingw32/bin/../lib/gcc/nios2-elf/4.1.2\libgcc.a(_udivdi3.o)
 .eh_frame      0x04017bfc       0x2c c:/altera/11.0sp1/nios2eds/bin/gnu/h-i686-mingw32/bin/../lib/gcc/nios2-elf/4.1.2\libgcc.a(_umoddi3.o)
                                 0x40 (size before relaxing)
 *(.gcc_except_table)
 *(.dynamic)
                0x04017c28                PROVIDE (__CTOR_LIST__, ABSOLUTE (.))
 *(.ctors)
 *(SORT(.ctors.*))
 .ctors.65535   0x04017c28        0x4 c:/altera/11.0sp1/nios2eds/bin/gnu/h-i686-mingw32/bin/../lib/gcc/nios2-elf/4.1.2/../../../../nios2-elf/lib\libc.a(lib_a-__call_atexit.o)
                0x04017c2c                PROVIDE (__CTOR_END__, ABSOLUTE (.))
                0x04017c2c                PROVIDE (__DTOR_LIST__, ABSOLUTE (.))
 *(.dtors)
 *(SORT(.dtors.*))
                0x04017c2c                PROVIDE (__DTOR_END__, ABSOLUTE (.))
 *(.jcr)
                0x04017c2c                . = ALIGN (0x4)

.rodata         0x04017c2c      0x4ec
                0x04017c2c                PROVIDE (__ram_rodata_start, ABSOLUTE (.))
                0x04017c2c                . = ALIGN (0x4)
 *(.rodata .rodata.* .gnu.linkonce.r.*)
 .rodata        0x04017c2c        0x4 obj/hello_ucosii.o
 .rodata.str1.4
                0x04017c30       0x5e c:/altera/11.0sp1/nios2eds/bin/gnu/h-i686-mingw32/bin/../lib/gcc/nios2-elf/4.1.2/../../../../nios2-elf/lib\libc.a(lib_a-vfprintf.o)
                                 0x60 (size before relaxing)
 .rodata        0x04017c8e       0x20 c:/altera/11.0sp1/nios2eds/bin/gnu/h-i686-mingw32/bin/../lib/gcc/nios2-elf/4.1.2/../../../../nios2-elf/lib\libc.a(lib_a-vfprintf.o)
 *fill*         0x04017cae        0x2 00
 .rodata.str1.4
                0x04017cb0       0x10 c:/altera/11.0sp1/nios2eds/bin/gnu/h-i686-mingw32/bin/../lib/gcc/nios2-elf/4.1.2/../../../../nios2-elf/lib\libc.a(lib_a-dtoa.o)
                                 0x14 (size before relaxing)
 .rodata.str1.4
                0x04017cc0        0x2 c:/altera/11.0sp1/nios2eds/bin/gnu/h-i686-mingw32/bin/../lib/gcc/nios2-elf/4.1.2/../../../../nios2-elf/lib\libc.a(lib_a-impure.o)
                                  0x4 (size before relaxing)
 *fill*         0x04017cc2        0x2 00
 .rodata.str1.4
                0x04017cc4       0x10 c:/altera/11.0sp1/nios2eds/bin/gnu/h-i686-mingw32/bin/../lib/gcc/nios2-elf/4.1.2/../../../../nios2-elf/lib\libc.a(lib_a-locale.o)
                                 0x18 (size before relaxing)
 .rodata        0x04017cd4       0x30 c:/altera/11.0sp1/nios2eds/bin/gnu/h-i686-mingw32/bin/../lib/gcc/nios2-elf/4.1.2/../../../../nios2-elf/lib\libc.a(lib_a-locale.o)
 .rodata        0x04017d04      0x124 c:/altera/11.0sp1/nios2eds/bin/gnu/h-i686-mingw32/bin/../lib/gcc/nios2-elf/4.1.2/../../../../nios2-elf/lib\libc.a(lib_a-mprec.o)
                0x04017d04                __mprec_tens
                0x04017dcc                __mprec_bigtens
                0x04017df4                __mprec_tinytens
 .rodata        0x04017e28       0x14 c:/altera/11.0sp1/nios2eds/bin/gnu/h-i686-mingw32/bin/../lib/gcc/nios2-elf/4.1.2\libgcc.a(_thenan_df.o)
                0x04017e28                __thenan_df
 .rodata        0x04017e3c      0x100 c:/altera/11.0sp1/nios2eds/bin/gnu/h-i686-mingw32/bin/../lib/gcc/nios2-elf/4.1.2\libgcc.a(_clz.o)
                0x04017e3c                __clz_tab
 .rodata        0x04017f3c        0xc ../Test_bsp/\libucosii_bsp.a(alt_dev.o)
 .rodata        0x04017f48       0x10 ../Test_bsp/\libucosii_bsp.a(alt_main.o)
 .rodata        0x04017f58      0x14c ../Test_bsp/\libucosii_bsp.a(os_core.o)
                0x04017f58                OSUnMapTbl
 .rodata        0x040180a4       0x54 ../Test_bsp/\libucosii_bsp.a(os_mutex.o)
 .rodata        0x040180f8       0x1c ../Test_bsp/\libucosii_bsp.a(alt_sys_init.o)
 .rodata        0x04018114        0x4 ../Test_bsp/\libucosii_bsp.a(os_cpu_c.o)
 *(.rodata1)
                0x04018118                . = ALIGN (0x4)
                0x04018118                PROVIDE (__ram_rodata_end, ABSOLUTE (.))
                0x04017c2c                PROVIDE (__flash_rodata_start, LOADADDR (.rodata))

.rwdata         0x04018118     0x1bc0
                0x04018118                PROVIDE (__ram_rwdata_start, ABSOLUTE (.))
                0x04018118                . = ALIGN (0x4)
 *(.got.plt)
 *(.got)
 *(.data1)
 *(.data .data.* .gnu.linkonce.d.*)
 .data          0x04018118        0x0 ../Test_bsp//obj/HAL/src/crt0.o
 .data          0x04018118        0x0 obj/hello_ucosii.o
 .data          0x04018118        0x0 c:/altera/11.0sp1/nios2eds/bin/gnu/h-i686-mingw32/bin/../lib/gcc/nios2-elf/4.1.2/../../../../nios2-elf/lib\libc.a(lib_a-printf.o)
 .data          0x04018118        0x0 c:/altera/11.0sp1/nios2eds/bin/gnu/h-i686-mingw32/bin/../lib/gcc/nios2-elf/4.1.2/../../../../nios2-elf/lib\libc.a(lib_a-vfprintf.o)
 .data          0x04018118        0x0 c:/altera/11.0sp1/nios2eds/bin/gnu/h-i686-mingw32/bin/../lib/gcc/nios2-elf/4.1.2/../../../../nios2-elf/lib\libc.a(lib_a-wsetup.o)
 .data          0x04018118        0x0 c:/altera/11.0sp1/nios2eds/bin/gnu/h-i686-mingw32/bin/../lib/gcc/nios2-elf/4.1.2/../../../../nios2-elf/lib\libc.a(lib_a-dtoa.o)
 .data          0x04018118        0x0 c:/altera/11.0sp1/nios2eds/bin/gnu/h-i686-mingw32/bin/../lib/gcc/nios2-elf/4.1.2/../../../../nios2-elf/lib\libc.a(lib_a-fflush.o)
 .data          0x04018118        0x0 c:/altera/11.0sp1/nios2eds/bin/gnu/h-i686-mingw32/bin/../lib/gcc/nios2-elf/4.1.2/../../../../nios2-elf/lib\libc.a(lib_a-findfp.o)
 .data          0x04018118        0x0 c:/altera/11.0sp1/nios2eds/bin/gnu/h-i686-mingw32/bin/../lib/gcc/nios2-elf/4.1.2/../../../../nios2-elf/lib\libc.a(lib_a-freer.o)
 .data          0x04018118        0x0 c:/altera/11.0sp1/nios2eds/bin/gnu/h-i686-mingw32/bin/../lib/gcc/nios2-elf/4.1.2/../../../../nios2-elf/lib\libc.a(lib_a-fvwrite.o)
 .data          0x04018118        0x0 c:/altera/11.0sp1/nios2eds/bin/gnu/h-i686-mingw32/bin/../lib/gcc/nios2-elf/4.1.2/../../../../nios2-elf/lib\libc.a(lib_a-fwalk.o)
 .data          0x04018118      0x400 c:/altera/11.0sp1/nios2eds/bin/gnu/h-i686-mingw32/bin/../lib/gcc/nios2-elf/4.1.2/../../../../nios2-elf/lib\libc.a(lib_a-impure.o)
 .data          0x04018518        0xc c:/altera/11.0sp1/nios2eds/bin/gnu/h-i686-mingw32/bin/../lib/gcc/nios2-elf/4.1.2/../../../../nios2-elf/lib\libc.a(lib_a-locale.o)
                0x04018518                __lc_ctype
 .data          0x04018524        0x0 c:/altera/11.0sp1/nios2eds/bin/gnu/h-i686-mingw32/bin/../lib/gcc/nios2-elf/4.1.2/../../../../nios2-elf/lib\libc.a(lib_a-makebuf.o)
 .data          0x04018524      0x408 c:/altera/11.0sp1/nios2eds/bin/gnu/h-i686-mingw32/bin/../lib/gcc/nios2-elf/4.1.2/../../../../nios2-elf/lib\libc.a(lib_a-mallocr.o)
                0x04018524                __malloc_av_
 .data          0x0401892c        0x0 c:/altera/11.0sp1/nios2eds/bin/gnu/h-i686-mingw32/bin/../lib/gcc/nios2-elf/4.1.2/../../../../nios2-elf/lib\libc.a(lib_a-memchr.o)
 .data          0x0401892c        0x0 c:/altera/11.0sp1/nios2eds/bin/gnu/h-i686-mingw32/bin/../lib/gcc/nios2-elf/4.1.2/../../../../nios2-elf/lib\libc.a(lib_a-memcpy.o)
 .data          0x0401892c        0x0 c:/altera/11.0sp1/nios2eds/bin/gnu/h-i686-mingw32/bin/../lib/gcc/nios2-elf/4.1.2/../../../../nios2-elf/lib\libc.a(lib_a-memmove.o)
 .data          0x0401892c        0x0 c:/altera/11.0sp1/nios2eds/bin/gnu/h-i686-mingw32/bin/../lib/gcc/nios2-elf/4.1.2/../../../../nios2-elf/lib\libc.a(lib_a-memset.o)
 .data          0x0401892c        0x0 c:/altera/11.0sp1/nios2eds/bin/gnu/h-i686-mingw32/bin/../lib/gcc/nios2-elf/4.1.2/../../../../nios2-elf/lib\libc.a(lib_a-mprec.o)
 .data          0x0401892c        0x0 c:/altera/11.0sp1/nios2eds/bin/gnu/h-i686-mingw32/bin/../lib/gcc/nios2-elf/4.1.2/../../../../nios2-elf/lib\libc.a(lib_a-reallocr.o)
 .data          0x0401892c        0x0 c:/altera/11.0sp1/nios2eds/bin/gnu/h-i686-mingw32/bin/../lib/gcc/nios2-elf/4.1.2/../../../../nios2-elf/lib\libc.a(lib_a-s_isinfd.o)
 .data          0x0401892c        0x0 c:/altera/11.0sp1/nios2eds/bin/gnu/h-i686-mingw32/bin/../lib/gcc/nios2-elf/4.1.2/../../../../nios2-elf/lib\libc.a(lib_a-s_isnand.o)
 .data          0x0401892c        0x0 c:/altera/11.0sp1/nios2eds/bin/gnu/h-i686-mingw32/bin/../lib/gcc/nios2-elf/4.1.2/../../../../nios2-elf/lib\libc.a(lib_a-sbrkr.o)
 .data          0x0401892c        0x0 c:/altera/11.0sp1/nios2eds/bin/gnu/h-i686-mingw32/bin/../lib/gcc/nios2-elf/4.1.2/../../../../nios2-elf/lib\libc.a(lib_a-stdio.o)
 .data          0x0401892c        0x0 c:/altera/11.0sp1/nios2eds/bin/gnu/h-i686-mingw32/bin/../lib/gcc/nios2-elf/4.1.2/../../../../nios2-elf/lib\libc.a(lib_a-strcmp.o)
 .data          0x0401892c        0x0 c:/altera/11.0sp1/nios2eds/bin/gnu/h-i686-mingw32/bin/../lib/gcc/nios2-elf/4.1.2/../../../../nios2-elf/lib\libc.a(lib_a-strlen.o)
 .data          0x0401892c        0x0 c:/altera/11.0sp1/nios2eds/bin/gnu/h-i686-mingw32/bin/../lib/gcc/nios2-elf/4.1.2/../../../../nios2-elf/lib\libc.a(lib_a-writer.o)
 .data          0x0401892c        0x0 c:/altera/11.0sp1/nios2eds/bin/gnu/h-i686-mingw32/bin/../lib/gcc/nios2-elf/4.1.2/../../../../nios2-elf/lib\libc.a(lib_a-callocr.o)
 .data          0x0401892c        0x0 c:/altera/11.0sp1/nios2eds/bin/gnu/h-i686-mingw32/bin/../lib/gcc/nios2-elf/4.1.2/../../../../nios2-elf/lib\libc.a(lib_a-closer.o)
 .data          0x0401892c        0x0 c:/altera/11.0sp1/nios2eds/bin/gnu/h-i686-mingw32/bin/../lib/gcc/nios2-elf/4.1.2/../../../../nios2-elf/lib\libc.a(lib_a-fclose.o)
 .data          0x0401892c        0x0 c:/altera/11.0sp1/nios2eds/bin/gnu/h-i686-mingw32/bin/../lib/gcc/nios2-elf/4.1.2/../../../../nios2-elf/lib\libc.a(lib_a-fstatr.o)
 .data          0x0401892c        0x0 c:/altera/11.0sp1/nios2eds/bin/gnu/h-i686-mingw32/bin/../lib/gcc/nios2-elf/4.1.2/../../../../nios2-elf/lib\libc.a(lib_a-int_errno.o)
 .data          0x0401892c        0x0 c:/altera/11.0sp1/nios2eds/bin/gnu/h-i686-mingw32/bin/../lib/gcc/nios2-elf/4.1.2/../../../../nios2-elf/lib\libc.a(lib_a-isattyr.o)
 .data          0x0401892c        0x0 c:/altera/11.0sp1/nios2eds/bin/gnu/h-i686-mingw32/bin/../lib/gcc/nios2-elf/4.1.2/../../../../nios2-elf/lib\libc.a(lib_a-lseekr.o)
 .data          0x0401892c        0x0 c:/altera/11.0sp1/nios2eds/bin/gnu/h-i686-mingw32/bin/../lib/gcc/nios2-elf/4.1.2/../../../../nios2-elf/lib\libc.a(lib_a-readr.o)
 .data          0x0401892c        0x0 c:/altera/11.0sp1/nios2eds/bin/gnu/h-i686-mingw32/bin/../lib/gcc/nios2-elf/4.1.2\libgcc.a(_udivdi3.o)
 .data          0x0401892c        0x0 c:/altera/11.0sp1/nios2eds/bin/gnu/h-i686-mingw32/bin/../lib/gcc/nios2-elf/4.1.2\libgcc.a(_umoddi3.o)
 .data          0x0401892c        0x0 c:/altera/11.0sp1/nios2eds/bin/gnu/h-i686-mingw32/bin/../lib/gcc/nios2-elf/4.1.2\libgcc.a(_addsub_df.o)
 .data          0x0401892c        0x0 c:/altera/11.0sp1/nios2eds/bin/gnu/h-i686-mingw32/bin/../lib/gcc/nios2-elf/4.1.2\libgcc.a(_mul_df.o)
 .data          0x0401892c        0x0 c:/altera/11.0sp1/nios2eds/bin/gnu/h-i686-mingw32/bin/../lib/gcc/nios2-elf/4.1.2\libgcc.a(_div_df.o)
 .data          0x0401892c        0x0 c:/altera/11.0sp1/nios2eds/bin/gnu/h-i686-mingw32/bin/../lib/gcc/nios2-elf/4.1.2\libgcc.a(_eq_df.o)
 .data          0x0401892c        0x0 c:/altera/11.0sp1/nios2eds/bin/gnu/h-i686-mingw32/bin/../lib/gcc/nios2-elf/4.1.2\libgcc.a(_ne_df.o)
 .data          0x0401892c        0x0 c:/altera/11.0sp1/nios2eds/bin/gnu/h-i686-mingw32/bin/../lib/gcc/nios2-elf/4.1.2\libgcc.a(_gt_df.o)
 .data          0x0401892c        0x0 c:/altera/11.0sp1/nios2eds/bin/gnu/h-i686-mingw32/bin/../lib/gcc/nios2-elf/4.1.2\libgcc.a(_ge_df.o)
 .data          0x0401892c        0x0 c:/altera/11.0sp1/nios2eds/bin/gnu/h-i686-mingw32/bin/../lib/gcc/nios2-elf/4.1.2\libgcc.a(_lt_df.o)
 .data          0x0401892c        0x0 c:/altera/11.0sp1/nios2eds/bin/gnu/h-i686-mingw32/bin/../lib/gcc/nios2-elf/4.1.2\libgcc.a(_si_to_df.o)
 .data          0x0401892c        0x0 c:/altera/11.0sp1/nios2eds/bin/gnu/h-i686-mingw32/bin/../lib/gcc/nios2-elf/4.1.2\libgcc.a(_df_to_si.o)
 .data          0x0401892c        0x0 c:/altera/11.0sp1/nios2eds/bin/gnu/h-i686-mingw32/bin/../lib/gcc/nios2-elf/4.1.2\libgcc.a(_thenan_df.o)
 .data          0x0401892c        0x0 c:/altera/11.0sp1/nios2eds/bin/gnu/h-i686-mingw32/bin/../lib/gcc/nios2-elf/4.1.2\libgcc.a(_usi_to_df.o)
 .data          0x0401892c        0x0 c:/altera/11.0sp1/nios2eds/bin/gnu/h-i686-mingw32/bin/../lib/gcc/nios2-elf/4.1.2\libgcc.a(lib2-divmod.o)
 .data          0x0401892c        0x0 c:/altera/11.0sp1/nios2eds/bin/gnu/h-i686-mingw32/bin/../lib/gcc/nios2-elf/4.1.2\libgcc.a(_muldi3.o)
 .data          0x0401892c        0x0 c:/altera/11.0sp1/nios2eds/bin/gnu/h-i686-mingw32/bin/../lib/gcc/nios2-elf/4.1.2\libgcc.a(_clz.o)
 .data          0x0401892c        0x0 c:/altera/11.0sp1/nios2eds/bin/gnu/h-i686-mingw32/bin/../lib/gcc/nios2-elf/4.1.2\libgcc.a(_clzsi2.o)
 .data          0x0401892c        0x0 c:/altera/11.0sp1/nios2eds/bin/gnu/h-i686-mingw32/bin/../lib/gcc/nios2-elf/4.1.2\libgcc.a(_pack_df.o)
 .data          0x0401892c        0x0 c:/altera/11.0sp1/nios2eds/bin/gnu/h-i686-mingw32/bin/../lib/gcc/nios2-elf/4.1.2\libgcc.a(_unpack_df.o)
 .data          0x0401892c        0x0 c:/altera/11.0sp1/nios2eds/bin/gnu/h-i686-mingw32/bin/../lib/gcc/nios2-elf/4.1.2\libgcc.a(_fpcmp_parts_df.o)
 .data          0x0401892c        0x0 ../Test_bsp/\libucosii_bsp.a(alt_close.o)
 .data          0x0401892c      0x1a8 ../Test_bsp/\libucosii_bsp.a(alt_dev.o)
                0x0401892c                alt_dev_null
                0x04018954                alt_fd_list
 .data          0x04018ad4        0x0 ../Test_bsp/\libucosii_bsp.a(alt_errno.o)
 .data          0x04018ad4        0x0 ../Test_bsp/\libucosii_bsp.a(alt_fstat.o)
 .data          0x04018ad4        0x0 ../Test_bsp/\libucosii_bsp.a(alt_isatty.o)
 .data          0x04018ad4        0x0 ../Test_bsp/\libucosii_bsp.a(alt_lseek.o)
 .data          0x04018ad4        0x0 ../Test_bsp/\libucosii_bsp.a(alt_main.o)
 .data          0x04018ad4        0x0 ../Test_bsp/\libucosii_bsp.a(alt_read.o)
 .data          0x04018ad4        0x0 ../Test_bsp/\libucosii_bsp.a(alt_release_fd.o)
 .data          0x04018ad4        0x0 ../Test_bsp/\libucosii_bsp.a(alt_sbrk.o)
 .data          0x04018ad4        0x0 ../Test_bsp/\libucosii_bsp.a(alt_write.o)
 .data          0x04018ad4        0x0 ../Test_bsp/\libucosii_bsp.a(alt_env_lock.o)
 .data          0x04018ad4        0x0 ../Test_bsp/\libucosii_bsp.a(alt_malloc_lock.o)
 .data          0x04018ad4        0x0 ../Test_bsp/\libucosii_bsp.a(os_core.o)
 .data          0x04018ad4        0x0 ../Test_bsp/\libucosii_bsp.a(os_dbg.o)
 .data          0x04018ad4        0x0 ../Test_bsp/\libucosii_bsp.a(os_flag.o)
 .data          0x04018ad4        0x0 ../Test_bsp/\libucosii_bsp.a(os_mem.o)
 .data          0x04018ad4        0x0 ../Test_bsp/\libucosii_bsp.a(os_mutex.o)
 .data          0x04018ad4        0x0 ../Test_bsp/\libucosii_bsp.a(os_q.o)
 .data          0x04018ad4        0x0 ../Test_bsp/\libucosii_bsp.a(os_sem.o)
 .data          0x04018ad4        0x0 ../Test_bsp/\libucosii_bsp.a(os_task.o)
 .data          0x04018ad4        0x0 ../Test_bsp/\libucosii_bsp.a(os_time.o)
 .data          0x04018ad4     0x1130 ../Test_bsp/\libucosii_bsp.a(alt_sys_init.o)
 .data          0x04019c04        0x0 ../Test_bsp/\libucosii_bsp.a(altera_avalon_epcs_flash_controller.o)
 .data          0x04019c04        0x0 ../Test_bsp/\libucosii_bsp.a(altera_avalon_jtag_uart_fd.o)
 .data          0x04019c04        0x0 ../Test_bsp/\libucosii_bsp.a(altera_avalon_jtag_uart_init.o)
 .data          0x04019c04        0x0 ../Test_bsp/\libucosii_bsp.a(altera_avalon_jtag_uart_ioctl.o)
 .data          0x04019c04        0x0 ../Test_bsp/\libucosii_bsp.a(altera_avalon_jtag_uart_read.o)
 .data          0x04019c04        0x0 ../Test_bsp/\libucosii_bsp.a(altera_avalon_jtag_uart_write.o)
 .data          0x04019c04        0x0 ../Test_bsp/\libucosii_bsp.a(altera_avalon_timer_sc.o)
 .data          0x04019c04        0x0 ../Test_bsp/\libucosii_bsp.a(epcs_commands.o)
 .data          0x04019c04        0x0 ../Test_bsp/\libucosii_bsp.a(alt_alarm_start.o)
 .data          0x04019c04        0x0 ../Test_bsp/\libucosii_bsp.a(alt_dev_llist_insert.o)
 .data          0x04019c04        0x0 ../Test_bsp/\libucosii_bsp.a(alt_do_ctors.o)
 .data          0x04019c04        0x0 ../Test_bsp/\libucosii_bsp.a(alt_do_dtors.o)
 .data          0x04019c04        0x0 ../Test_bsp/\libucosii_bsp.a(alt_flash_dev.o)
 .data          0x04019c04        0x0 ../Test_bsp/\libucosii_bsp.a(alt_iic.o)
 .data          0x04019c04        0x0 ../Test_bsp/\libucosii_bsp.a(alt_iic_isr_register.o)
 .data          0x04019c04        0x0 ../Test_bsp/\libucosii_bsp.a(alt_io_redirect.o)
 .data          0x04019c04        0x0 ../Test_bsp/\libucosii_bsp.a(alt_irq_entry.o)
 .data          0x04019c04        0x0 ../Test_bsp/\libucosii_bsp.a(alt_irq_handler.o)
 .data          0x04019c04        0x0 ../Test_bsp/\libucosii_bsp.a(alt_irq_vars.o)
 .data          0x04019c04        0x0 ../Test_bsp/\libucosii_bsp.a(alt_open.o)
 .data          0x04019c04        0x0 ../Test_bsp/\libucosii_bsp.a(alt_tick.o)
 .data          0x04019c04        0x0 ../Test_bsp/\libucosii_bsp.a(altera_nios2_irq.o)
 .data          0x04019c04        0x0 ../Test_bsp/\libucosii_bsp.a(os_cpu_a.o)
 .data          0x04019c04        0x0 ../Test_bsp/\libucosii_bsp.a(os_cpu_c.o)
 .data          0x04019c04        0x0 ../Test_bsp/\libucosii_bsp.a(altera_avalon_spi.o)
 .data          0x04019c04        0x0 ../Test_bsp/\libucosii_bsp.a(alt_exception_entry.o)
 .data          0x04019c04        0x0 ../Test_bsp/\libucosii_bsp.a(alt_find_dev.o)
 .data          0x04019c04        0x0 ../Test_bsp/\libucosii_bsp.a(alt_find_file.o)
 .data          0x04019c04        0x0 ../Test_bsp/\libucosii_bsp.a(alt_get_fd.o)
 .data          0x04019c04        0x0 c:/altera/11.0sp1/nios2eds/bin/gnu/h-i686-mingw32/bin/../lib/gcc/nios2-elf/4.1.2/../../../../nios2-elf/lib\libc.a(lib_a-atexit.o)
 .data          0x04019c04        0x0 c:/altera/11.0sp1/nios2eds/bin/gnu/h-i686-mingw32/bin/../lib/gcc/nios2-elf/4.1.2/../../../../nios2-elf/lib\libc.a(lib_a-exit.o)
 .data          0x04019c04        0x0 c:/altera/11.0sp1/nios2eds/bin/gnu/h-i686-mingw32/bin/../lib/gcc/nios2-elf/4.1.2/../../../../nios2-elf/lib\libc.a(lib_a-memcmp.o)
 .data          0x04019c04        0x0 c:/altera/11.0sp1/nios2eds/bin/gnu/h-i686-mingw32/bin/../lib/gcc/nios2-elf/4.1.2/../../../../nios2-elf/lib\libc.a(lib_a-sprintf.o)
 .data          0x04019c04        0x0 c:/altera/11.0sp1/nios2eds/bin/gnu/h-i686-mingw32/bin/../lib/gcc/nios2-elf/4.1.2/../../../../nios2-elf/lib\libc.a(lib_a-__atexit.o)
 .data          0x04019c04        0x0 c:/altera/11.0sp1/nios2eds/bin/gnu/h-i686-mingw32/bin/../lib/gcc/nios2-elf/4.1.2/../../../../nios2-elf/lib\libc.a(lib_a-__call_atexit.o)
 .data          0x04019c04        0x0 ../Test_bsp/\libucosii_bsp.a(alt_exit.o)
                0x04021c04                _gp = ABSOLUTE ((. + 0x8000))
                0x04021c04                PROVIDE (gp, _gp)
 *(.rwdata .rwdata.*)
 *(.sdata .sdata.* .gnu.linkonce.s.*)
 .sdata         0x04019c04        0x8 c:/altera/11.0sp1/nios2eds/bin/gnu/h-i686-mingw32/bin/../lib/gcc/nios2-elf/4.1.2/../../../../nios2-elf/lib\libc.a(lib_a-impure.o)
                0x04019c04                _impure_ptr
                0x04019c08                _global_impure_ptr
 .sdata         0x04019c0c        0x8 c:/altera/11.0sp1/nios2eds/bin/gnu/h-i686-mingw32/bin/../lib/gcc/nios2-elf/4.1.2/../../../../nios2-elf/lib\libc.a(lib_a-locale.o)
                0x04019c0c                __mb_cur_max
 .sdata         0x04019c14        0x8 c:/altera/11.0sp1/nios2eds/bin/gnu/h-i686-mingw32/bin/../lib/gcc/nios2-elf/4.1.2/../../../../nios2-elf/lib\libc.a(lib_a-mallocr.o)
                0x04019c14                __malloc_trim_threshold
                0x04019c18                __malloc_sbrk_base
 .sdata         0x04019c1c       0x14 ../Test_bsp/\libucosii_bsp.a(alt_dev.o)
                0x04019c1c                alt_fs_list
                0x04019c24                alt_dev_list
                0x04019c2c                alt_max_fd
 .sdata         0x04019c30        0x4 ../Test_bsp/\libucosii_bsp.a(alt_errno.o)
                0x04019c30                alt_errno
 .sdata         0x04019c34        0x4 ../Test_bsp/\libucosii_bsp.a(alt_sbrk.o)
 .sdata         0x04019c38        0x4 ../Test_bsp/\libucosii_bsp.a(alt_env_lock.o)
 .sdata         0x04019c3c        0x4 ../Test_bsp/\libucosii_bsp.a(alt_malloc_lock.o)
 .sdata         0x04019c40       0x74 ../Test_bsp/\libucosii_bsp.a(os_dbg.o)
                0x04019c40                OSDebugEn
                0x04019c44                OSEndiannessTest
                0x04019c48                OSEventEn
                0x04019c4a                OSEventMax
                0x04019c4c                OSEventNameSize
                0x04019c4e                OSEventSize
                0x04019c50                OSEventTblSize
                0x04019c52                OSEventMultiEn
                0x04019c54                OSFlagEn
                0x04019c56                OSFlagGrpSize
                0x04019c58                OSFlagNodeSize
                0x04019c5a                OSFlagWidth
                0x04019c5c                OSFlagMax
                0x04019c5e                OSFlagNameSize
                0x04019c60                OSLowestPrio
                0x04019c62                OSMboxEn
                0x04019c64                OSMemEn
                0x04019c66                OSMemMax
                0x04019c68                OSMemNameSize
                0x04019c6a                OSMemSize
                0x04019c6c                OSMemTblSize
                0x04019c6e                OSMutexEn
                0x04019c70                OSPtrSize
                0x04019c72                OSQEn
                0x04019c74                OSQMax
                0x04019c76                OSQSize
                0x04019c78                OSRdyTblSize
                0x04019c7a                OSSemEn
                0x04019c7c                OSStkWidth
                0x04019c7e                OSTaskCreateEn
                0x04019c80                OSTaskCreateExtEn
                0x04019c82                OSTaskDelEn
                0x04019c84                OSTaskIdleStkSize
                0x04019c86                OSTaskProfileEn
                0x04019c88                OSTaskMax
                0x04019c8a                OSTaskNameSize
                0x04019c8c                OSTaskStatEn
                0x04019c8e                OSTaskStatStkSize
                0x04019c90                OSTaskStatStkChkEn
                0x04019c92                OSTaskSwHookEn
                0x04019c94                OSTCBPrioTblMax
                0x04019c96                OSTCBSize
                0x04019c98                OSTicksPerSec
                0x04019c9a                OSTimeTickHookEn
                0x04019c9c                OSVersionNbr
                0x04019c9e                OSTmrEn
                0x04019ca0                OSTmrCfgMax
                0x04019ca2                OSTmrCfgNameSize
                0x04019ca4                OSTmrCfgWheelSize
                0x04019ca6                OSTmrCfgTicksPerSec
                0x04019ca8                OSTmrSize
                0x04019caa                OSTmrTblSize
                0x04019cac                OSTmrWheelSize
                0x04019cae                OSTmrWheelTblSize
                0x04019cb0                OSDataSize
 .sdata         0x04019cb4       0x10 ../Test_bsp/\libucosii_bsp.a(os_mutex.o)
 .sdata         0x04019cc4        0x8 ../Test_bsp/\libucosii_bsp.a(alt_flash_dev.o)
                0x04019cc4                alt_flash_dev_list
 .sdata         0x04019ccc        0x4 ../Test_bsp/\libucosii_bsp.a(alt_irq_vars.o)
                0x04019ccc                alt_priority_mask
 .sdata         0x04019cd0        0x8 ../Test_bsp/\libucosii_bsp.a(alt_tick.o)
                0x04019cd0                alt_alarm_list
 *(.sdata2 .sdata2.* .gnu.linkonce.s2.*)
                0x04019cd8                . = ALIGN (0x4)
                0x04019cd8                _edata = ABSOLUTE (.)
                0x04019cd8                PROVIDE (edata, ABSOLUTE (.))
                0x04019cd8                PROVIDE (__ram_rwdata_end, ABSOLUTE (.))
                0x04018118                PROVIDE (__flash_rwdata_start, LOADADDR (.rwdata))

.bss            0x04019cd8     0x6c0c
                0x04019cd8                __bss_start = ABSOLUTE (.)
                0x04019cd8                PROVIDE (__sbss_start, ABSOLUTE (.))
                0x04019cd8                PROVIDE (___sbss_start, ABSOLUTE (.))
 *(.dynsbss)
 *(.sbss .sbss.* .gnu.linkonce.sb.*)
 .sbss          0x04019cd8        0x8 obj/hello_ucosii.o
                0x04019cd8                CtxSwMsgCursor
                0x04019cdc                PrintCursor
 .sbss          0x04019ce0        0xc obj/hello_ucosii.o
                0x04019ce0                MsgQueue
                0x04019ce4                R1
                0x04019ce8                R2
 .sbss          0x04019cec        0xc c:/altera/11.0sp1/nios2eds/bin/gnu/h-i686-mingw32/bin/../lib/gcc/nios2-elf/4.1.2/../../../../nios2-elf/lib\libc.a(lib_a-locale.o)
                0x04019cec                __nlocale_changed
                0x04019cf0                __mlocale_changed
                0x04019cf4                _PathLocale
 .sbss          0x04019cf8        0xc c:/altera/11.0sp1/nios2eds/bin/gnu/h-i686-mingw32/bin/../lib/gcc/nios2-elf/4.1.2/../../../../nios2-elf/lib\libc.a(lib_a-mallocr.o)
                0x04019cf8                __malloc_top_pad
                0x04019cfc                __malloc_max_sbrked_mem
                0x04019d00                __malloc_max_total_mem
 .sbss          0x04019d04        0x4 c:/altera/11.0sp1/nios2eds/bin/gnu/h-i686-mingw32/bin/../lib/gcc/nios2-elf/4.1.2/../../../../nios2-elf/lib\libc.a(lib_a-int_errno.o)
                0x04019d04                errno
 .sbss          0x04019d08        0x4 ../Test_bsp/\libucosii_bsp.a(alt_dev.o)
                0x04019d08                alt_fd_list_lock
 .sbss          0x04019d0c        0xc ../Test_bsp/\libucosii_bsp.a(alt_main.o)
                0x04019d0c                alt_argc
                0x04019d10                alt_argv
                0x04019d14                alt_envp
 .sbss          0x04019d18        0x8 ../Test_bsp/\libucosii_bsp.a(alt_env_lock.o)
                0x04019d1c                alt_envsem
 .sbss          0x04019d20        0x8 ../Test_bsp/\libucosii_bsp.a(alt_malloc_lock.o)
                0x04019d24                alt_heapsem
 .sbss          0x04019d28       0x50 ../Test_bsp/\libucosii_bsp.a(os_core.o)
                0x04019d28                OSLockNesting
                0x04019d29                OSRunning
                0x04019d2c                OSIdleCtr
                0x04019d30                OSPrioHighRdy
                0x04019d31                OSPrioCur
                0x04019d34                OSTCBList
                0x04019d38                OSTickStepState
                0x04019d3c                OSCtxSwCtr
                0x04019d40                OSIdleCtrMax
                0x04019d44                OSTCBFreeList
                0x04019d48                OSCPUUsage
                0x04019d49                OSTaskCtr
                0x04019d4c                OSMemFreeList
                0x04019d50                OSTCBHighRdy
                0x04019d54                OSQFreeList
                0x04019d58                OSRdyGrp
                0x04019d59                OSRdyTbl
                0x04019d5c                OSEventFreeList
                0x04019d60                OSIntNesting
                0x04019d64                OSTCBCur
                0x04019d68                OSTime
                0x04019d6c                OSFlagFreeList
                0x04019d70                OSStatRdy
                0x04019d74                OSIdleCtrRun
 .sbss          0x04019d78        0x4 ../Test_bsp/\libucosii_bsp.a(alt_irq_vars.o)
                0x04019d78                alt_irq_active
 .sbss          0x04019d7c        0x8 ../Test_bsp/\libucosii_bsp.a(alt_tick.o)
                0x04019d7c                _alt_tick_rate
                0x04019d80                _alt_nticks
 *(.sbss2 .sbss2.* .gnu.linkonce.sb2.*)
 *(.scommon)
                0x04019d84                PROVIDE (__sbss_end, ABSOLUTE (.))
                0x04019d84                PROVIDE (___sbss_end, ABSOLUTE (.))
 *(.dynbss)
 *(.bss .bss.* .gnu.linkonce.b.*)
 .bss           0x04019d84        0x0 ../Test_bsp//obj/HAL/src/crt0.o
 .bss           0x04019d84        0x0 obj/hello_ucosii.o
 .bss           0x04019d84        0x0 c:/altera/11.0sp1/nios2eds/bin/gnu/h-i686-mingw32/bin/../lib/gcc/nios2-elf/4.1.2/../../../../nios2-elf/lib\libc.a(lib_a-printf.o)
 .bss           0x04019d84        0x0 c:/altera/11.0sp1/nios2eds/bin/gnu/h-i686-mingw32/bin/../lib/gcc/nios2-elf/4.1.2/../../../../nios2-elf/lib\libc.a(lib_a-vfprintf.o)
 .bss           0x04019d84        0x0 c:/altera/11.0sp1/nios2eds/bin/gnu/h-i686-mingw32/bin/../lib/gcc/nios2-elf/4.1.2/../../../../nios2-elf/lib\libc.a(lib_a-wsetup.o)
 .bss           0x04019d84        0x0 c:/altera/11.0sp1/nios2eds/bin/gnu/h-i686-mingw32/bin/../lib/gcc/nios2-elf/4.1.2/../../../../nios2-elf/lib\libc.a(lib_a-dtoa.o)
 .bss           0x04019d84        0x0 c:/altera/11.0sp1/nios2eds/bin/gnu/h-i686-mingw32/bin/../lib/gcc/nios2-elf/4.1.2/../../../../nios2-elf/lib\libc.a(lib_a-fflush.o)
 .bss           0x04019d84        0x0 c:/altera/11.0sp1/nios2eds/bin/gnu/h-i686-mingw32/bin/../lib/gcc/nios2-elf/4.1.2/../../../../nios2-elf/lib\libc.a(lib_a-findfp.o)
 .bss           0x04019d84        0x0 c:/altera/11.0sp1/nios2eds/bin/gnu/h-i686-mingw32/bin/../lib/gcc/nios2-elf/4.1.2/../../../../nios2-elf/lib\libc.a(lib_a-freer.o)
 .bss           0x04019d84        0x0 c:/altera/11.0sp1/nios2eds/bin/gnu/h-i686-mingw32/bin/../lib/gcc/nios2-elf/4.1.2/../../../../nios2-elf/lib\libc.a(lib_a-fvwrite.o)
 .bss           0x04019d84        0x0 c:/altera/11.0sp1/nios2eds/bin/gnu/h-i686-mingw32/bin/../lib/gcc/nios2-elf/4.1.2/../../../../nios2-elf/lib\libc.a(lib_a-fwalk.o)
 .bss           0x04019d84        0x0 c:/altera/11.0sp1/nios2eds/bin/gnu/h-i686-mingw32/bin/../lib/gcc/nios2-elf/4.1.2/../../../../nios2-elf/lib\libc.a(lib_a-impure.o)
 .bss           0x04019d84        0x0 c:/altera/11.0sp1/nios2eds/bin/gnu/h-i686-mingw32/bin/../lib/gcc/nios2-elf/4.1.2/../../../../nios2-elf/lib\libc.a(lib_a-locale.o)
 .bss           0x04019d84        0x0 c:/altera/11.0sp1/nios2eds/bin/gnu/h-i686-mingw32/bin/../lib/gcc/nios2-elf/4.1.2/../../../../nios2-elf/lib\libc.a(lib_a-makebuf.o)
 .bss           0x04019d84       0x28 c:/altera/11.0sp1/nios2eds/bin/gnu/h-i686-mingw32/bin/../lib/gcc/nios2-elf/4.1.2/../../../../nios2-elf/lib\libc.a(lib_a-mallocr.o)
                0x04019d84                __malloc_current_mallinfo
 .bss           0x04019dac        0x0 c:/altera/11.0sp1/nios2eds/bin/gnu/h-i686-mingw32/bin/../lib/gcc/nios2-elf/4.1.2/../../../../nios2-elf/lib\libc.a(lib_a-memchr.o)
 .bss           0x04019dac        0x0 c:/altera/11.0sp1/nios2eds/bin/gnu/h-i686-mingw32/bin/../lib/gcc/nios2-elf/4.1.2/../../../../nios2-elf/lib\libc.a(lib_a-memcpy.o)
 .bss           0x04019dac        0x0 c:/altera/11.0sp1/nios2eds/bin/gnu/h-i686-mingw32/bin/../lib/gcc/nios2-elf/4.1.2/../../../../nios2-elf/lib\libc.a(lib_a-memmove.o)
 .bss           0x04019dac        0x0 c:/altera/11.0sp1/nios2eds/bin/gnu/h-i686-mingw32/bin/../lib/gcc/nios2-elf/4.1.2/../../../../nios2-elf/lib\libc.a(lib_a-memset.o)
 .bss           0x04019dac        0x0 c:/altera/11.0sp1/nios2eds/bin/gnu/h-i686-mingw32/bin/../lib/gcc/nios2-elf/4.1.2/../../../../nios2-elf/lib\libc.a(lib_a-mprec.o)
 .bss           0x04019dac        0x0 c:/altera/11.0sp1/nios2eds/bin/gnu/h-i686-mingw32/bin/../lib/gcc/nios2-elf/4.1.2/../../../../nios2-elf/lib\libc.a(lib_a-reallocr.o)
 .bss           0x04019dac        0x0 c:/altera/11.0sp1/nios2eds/bin/gnu/h-i686-mingw32/bin/../lib/gcc/nios2-elf/4.1.2/../../../../nios2-elf/lib\libc.a(lib_a-s_isinfd.o)
 .bss           0x04019dac        0x0 c:/altera/11.0sp1/nios2eds/bin/gnu/h-i686-mingw32/bin/../lib/gcc/nios2-elf/4.1.2/../../../../nios2-elf/lib\libc.a(lib_a-s_isnand.o)
 .bss           0x04019dac        0x0 c:/altera/11.0sp1/nios2eds/bin/gnu/h-i686-mingw32/bin/../lib/gcc/nios2-elf/4.1.2/../../../../nios2-elf/lib\libc.a(lib_a-sbrkr.o)
 .bss           0x04019dac        0x0 c:/altera/11.0sp1/nios2eds/bin/gnu/h-i686-mingw32/bin/../lib/gcc/nios2-elf/4.1.2/../../../../nios2-elf/lib\libc.a(lib_a-stdio.o)
 .bss           0x04019dac        0x0 c:/altera/11.0sp1/nios2eds/bin/gnu/h-i686-mingw32/bin/../lib/gcc/nios2-elf/4.1.2/../../../../nios2-elf/lib\libc.a(lib_a-strcmp.o)
 .bss           0x04019dac        0x0 c:/altera/11.0sp1/nios2eds/bin/gnu/h-i686-mingw32/bin/../lib/gcc/nios2-elf/4.1.2/../../../../nios2-elf/lib\libc.a(lib_a-strlen.o)
 .bss           0x04019dac        0x0 c:/altera/11.0sp1/nios2eds/bin/gnu/h-i686-mingw32/bin/../lib/gcc/nios2-elf/4.1.2/../../../../nios2-elf/lib\libc.a(lib_a-writer.o)
 .bss           0x04019dac        0x0 c:/altera/11.0sp1/nios2eds/bin/gnu/h-i686-mingw32/bin/../lib/gcc/nios2-elf/4.1.2/../../../../nios2-elf/lib\libc.a(lib_a-callocr.o)
 .bss           0x04019dac        0x0 c:/altera/11.0sp1/nios2eds/bin/gnu/h-i686-mingw32/bin/../lib/gcc/nios2-elf/4.1.2/../../../../nios2-elf/lib\libc.a(lib_a-closer.o)
 .bss           0x04019dac        0x0 c:/altera/11.0sp1/nios2eds/bin/gnu/h-i686-mingw32/bin/../lib/gcc/nios2-elf/4.1.2/../../../../nios2-elf/lib\libc.a(lib_a-fclose.o)
 .bss           0x04019dac        0x0 c:/altera/11.0sp1/nios2eds/bin/gnu/h-i686-mingw32/bin/../lib/gcc/nios2-elf/4.1.2/../../../../nios2-elf/lib\libc.a(lib_a-fstatr.o)
 .bss           0x04019dac        0x0 c:/altera/11.0sp1/nios2eds/bin/gnu/h-i686-mingw32/bin/../lib/gcc/nios2-elf/4.1.2/../../../../nios2-elf/lib\libc.a(lib_a-int_errno.o)
 .bss           0x04019dac        0x0 c:/altera/11.0sp1/nios2eds/bin/gnu/h-i686-mingw32/bin/../lib/gcc/nios2-elf/4.1.2/../../../../nios2-elf/lib\libc.a(lib_a-isattyr.o)
 .bss           0x04019dac        0x0 c:/altera/11.0sp1/nios2eds/bin/gnu/h-i686-mingw32/bin/../lib/gcc/nios2-elf/4.1.2/../../../../nios2-elf/lib\libc.a(lib_a-lseekr.o)
 .bss           0x04019dac        0x0 c:/altera/11.0sp1/nios2eds/bin/gnu/h-i686-mingw32/bin/../lib/gcc/nios2-elf/4.1.2/../../../../nios2-elf/lib\libc.a(lib_a-readr.o)
 .bss           0x04019dac        0x0 c:/altera/11.0sp1/nios2eds/bin/gnu/h-i686-mingw32/bin/../lib/gcc/nios2-elf/4.1.2\libgcc.a(_udivdi3.o)
 .bss           0x04019dac        0x0 c:/altera/11.0sp1/nios2eds/bin/gnu/h-i686-mingw32/bin/../lib/gcc/nios2-elf/4.1.2\libgcc.a(_umoddi3.o)
 .bss           0x04019dac        0x0 c:/altera/11.0sp1/nios2eds/bin/gnu/h-i686-mingw32/bin/../lib/gcc/nios2-elf/4.1.2\libgcc.a(_addsub_df.o)
 .bss           0x04019dac        0x0 c:/altera/11.0sp1/nios2eds/bin/gnu/h-i686-mingw32/bin/../lib/gcc/nios2-elf/4.1.2\libgcc.a(_mul_df.o)
 .bss           0x04019dac        0x0 c:/altera/11.0sp1/nios2eds/bin/gnu/h-i686-mingw32/bin/../lib/gcc/nios2-elf/4.1.2\libgcc.a(_div_df.o)
 .bss           0x04019dac        0x0 c:/altera/11.0sp1/nios2eds/bin/gnu/h-i686-mingw32/bin/../lib/gcc/nios2-elf/4.1.2\libgcc.a(_eq_df.o)
 .bss           0x04019dac        0x0 c:/altera/11.0sp1/nios2eds/bin/gnu/h-i686-mingw32/bin/../lib/gcc/nios2-elf/4.1.2\libgcc.a(_ne_df.o)
 .bss           0x04019dac        0x0 c:/altera/11.0sp1/nios2eds/bin/gnu/h-i686-mingw32/bin/../lib/gcc/nios2-elf/4.1.2\libgcc.a(_gt_df.o)
 .bss           0x04019dac        0x0 c:/altera/11.0sp1/nios2eds/bin/gnu/h-i686-mingw32/bin/../lib/gcc/nios2-elf/4.1.2\libgcc.a(_ge_df.o)
 .bss           0x04019dac        0x0 c:/altera/11.0sp1/nios2eds/bin/gnu/h-i686-mingw32/bin/../lib/gcc/nios2-elf/4.1.2\libgcc.a(_lt_df.o)
 .bss           0x04019dac        0x0 c:/altera/11.0sp1/nios2eds/bin/gnu/h-i686-mingw32/bin/../lib/gcc/nios2-elf/4.1.2\libgcc.a(_si_to_df.o)
 .bss           0x04019dac        0x0 c:/altera/11.0sp1/nios2eds/bin/gnu/h-i686-mingw32/bin/../lib/gcc/nios2-elf/4.1.2\libgcc.a(_df_to_si.o)
 .bss           0x04019dac        0x0 c:/altera/11.0sp1/nios2eds/bin/gnu/h-i686-mingw32/bin/../lib/gcc/nios2-elf/4.1.2\libgcc.a(_thenan_df.o)
 .bss           0x04019dac        0x0 c:/altera/11.0sp1/nios2eds/bin/gnu/h-i686-mingw32/bin/../lib/gcc/nios2-elf/4.1.2\libgcc.a(_usi_to_df.o)
 .bss           0x04019dac        0x0 c:/altera/11.0sp1/nios2eds/bin/gnu/h-i686-mingw32/bin/../lib/gcc/nios2-elf/4.1.2\libgcc.a(lib2-divmod.o)
 .bss           0x04019dac        0x0 c:/altera/11.0sp1/nios2eds/bin/gnu/h-i686-mingw32/bin/../lib/gcc/nios2-elf/4.1.2\libgcc.a(_muldi3.o)
 .bss           0x04019dac        0x0 c:/altera/11.0sp1/nios2eds/bin/gnu/h-i686-mingw32/bin/../lib/gcc/nios2-elf/4.1.2\libgcc.a(_clz.o)
 .bss           0x04019dac        0x0 c:/altera/11.0sp1/nios2eds/bin/gnu/h-i686-mingw32/bin/../lib/gcc/nios2-elf/4.1.2\libgcc.a(_clzsi2.o)
 .bss           0x04019dac        0x0 c:/altera/11.0sp1/nios2eds/bin/gnu/h-i686-mingw32/bin/../lib/gcc/nios2-elf/4.1.2\libgcc.a(_pack_df.o)
 .bss           0x04019dac        0x0 c:/altera/11.0sp1/nios2eds/bin/gnu/h-i686-mingw32/bin/../lib/gcc/nios2-elf/4.1.2\libgcc.a(_unpack_df.o)
 .bss           0x04019dac        0x0 c:/altera/11.0sp1/nios2eds/bin/gnu/h-i686-mingw32/bin/../lib/gcc/nios2-elf/4.1.2\libgcc.a(_fpcmp_parts_df.o)
 .bss           0x04019dac        0x0 ../Test_bsp/\libucosii_bsp.a(alt_close.o)
 .bss           0x04019dac        0x0 ../Test_bsp/\libucosii_bsp.a(alt_dev.o)
 .bss           0x04019dac        0x0 ../Test_bsp/\libucosii_bsp.a(alt_errno.o)
 .bss           0x04019dac        0x0 ../Test_bsp/\libucosii_bsp.a(alt_fstat.o)
 .bss           0x04019dac        0x0 ../Test_bsp/\libucosii_bsp.a(alt_isatty.o)
 .bss           0x04019dac        0x0 ../Test_bsp/\libucosii_bsp.a(alt_lseek.o)
 .bss           0x04019dac        0x0 ../Test_bsp/\libucosii_bsp.a(alt_main.o)
 .bss           0x04019dac        0x0 ../Test_bsp/\libucosii_bsp.a(alt_read.o)
 .bss           0x04019dac        0x0 ../Test_bsp/\libucosii_bsp.a(alt_release_fd.o)
 .bss           0x04019dac        0x0 ../Test_bsp/\libucosii_bsp.a(alt_sbrk.o)
 .bss           0x04019dac        0x0 ../Test_bsp/\libucosii_bsp.a(alt_write.o)
 .bss           0x04019dac        0x0 ../Test_bsp/\libucosii_bsp.a(alt_env_lock.o)
 .bss           0x04019dac        0x0 ../Test_bsp/\libucosii_bsp.a(alt_malloc_lock.o)
 .bss           0x04019dac        0x0 ../Test_bsp/\libucosii_bsp.a(os_core.o)
 .bss           0x04019dac        0x0 ../Test_bsp/\libucosii_bsp.a(os_dbg.o)
 .bss           0x04019dac        0x0 ../Test_bsp/\libucosii_bsp.a(os_flag.o)
 .bss           0x04019dac        0x0 ../Test_bsp/\libucosii_bsp.a(os_mem.o)
 .bss           0x04019dac        0x0 ../Test_bsp/\libucosii_bsp.a(os_mutex.o)
 .bss           0x04019dac        0x0 ../Test_bsp/\libucosii_bsp.a(os_q.o)
 .bss           0x04019dac        0x0 ../Test_bsp/\libucosii_bsp.a(os_sem.o)
 .bss           0x04019dac        0x0 ../Test_bsp/\libucosii_bsp.a(os_task.o)
 .bss           0x04019dac        0x0 ../Test_bsp/\libucosii_bsp.a(os_time.o)
 .bss           0x04019dac        0x0 ../Test_bsp/\libucosii_bsp.a(alt_sys_init.o)
 .bss           0x04019dac        0x0 ../Test_bsp/\libucosii_bsp.a(altera_avalon_epcs_flash_controller.o)
 .bss           0x04019dac        0x0 ../Test_bsp/\libucosii_bsp.a(altera_avalon_jtag_uart_fd.o)
 .bss           0x04019dac        0x0 ../Test_bsp/\libucosii_bsp.a(altera_avalon_jtag_uart_init.o)
 .bss           0x04019dac        0x0 ../Test_bsp/\libucosii_bsp.a(altera_avalon_jtag_uart_ioctl.o)
 .bss           0x04019dac        0x0 ../Test_bsp/\libucosii_bsp.a(altera_avalon_jtag_uart_read.o)
 .bss           0x04019dac        0x0 ../Test_bsp/\libucosii_bsp.a(altera_avalon_jtag_uart_write.o)
 .bss           0x04019dac        0x0 ../Test_bsp/\libucosii_bsp.a(altera_avalon_timer_sc.o)
 .bss           0x04019dac        0x0 ../Test_bsp/\libucosii_bsp.a(epcs_commands.o)
 .bss           0x04019dac        0x0 ../Test_bsp/\libucosii_bsp.a(alt_alarm_start.o)
 .bss           0x04019dac        0x0 ../Test_bsp/\libucosii_bsp.a(alt_dev_llist_insert.o)
 .bss           0x04019dac        0x0 ../Test_bsp/\libucosii_bsp.a(alt_do_ctors.o)
 .bss           0x04019dac        0x0 ../Test_bsp/\libucosii_bsp.a(alt_do_dtors.o)
 .bss           0x04019dac        0x0 ../Test_bsp/\libucosii_bsp.a(alt_flash_dev.o)
 .bss           0x04019dac        0x0 ../Test_bsp/\libucosii_bsp.a(alt_iic.o)
 .bss           0x04019dac        0x0 ../Test_bsp/\libucosii_bsp.a(alt_iic_isr_register.o)
 .bss           0x04019dac        0x0 ../Test_bsp/\libucosii_bsp.a(alt_io_redirect.o)
 .bss           0x04019dac        0x0 ../Test_bsp/\libucosii_bsp.a(alt_irq_entry.o)
 .bss           0x04019dac        0x0 ../Test_bsp/\libucosii_bsp.a(alt_irq_handler.o)
 .bss           0x04019dac        0x0 ../Test_bsp/\libucosii_bsp.a(alt_irq_vars.o)
 .bss           0x04019dac        0x0 ../Test_bsp/\libucosii_bsp.a(alt_open.o)
 .bss           0x04019dac        0x0 ../Test_bsp/\libucosii_bsp.a(alt_tick.o)
 .bss           0x04019dac        0x0 ../Test_bsp/\libucosii_bsp.a(altera_nios2_irq.o)
 .bss           0x04019dac        0x0 ../Test_bsp/\libucosii_bsp.a(os_cpu_a.o)
 .bss           0x04019dac        0x0 ../Test_bsp/\libucosii_bsp.a(os_cpu_c.o)
 .bss           0x04019dac        0x0 ../Test_bsp/\libucosii_bsp.a(altera_avalon_spi.o)
 .bss           0x04019dac        0x0 ../Test_bsp/\libucosii_bsp.a(alt_exception_entry.o)
 .bss           0x04019dac        0x0 ../Test_bsp/\libucosii_bsp.a(alt_find_dev.o)
 .bss           0x04019dac        0x0 ../Test_bsp/\libucosii_bsp.a(alt_find_file.o)
 .bss           0x04019dac        0x0 ../Test_bsp/\libucosii_bsp.a(alt_get_fd.o)
 .bss           0x04019dac        0x0 c:/altera/11.0sp1/nios2eds/bin/gnu/h-i686-mingw32/bin/../lib/gcc/nios2-elf/4.1.2/../../../../nios2-elf/lib\libc.a(lib_a-atexit.o)
 .bss           0x04019dac        0x0 c:/altera/11.0sp1/nios2eds/bin/gnu/h-i686-mingw32/bin/../lib/gcc/nios2-elf/4.1.2/../../../../nios2-elf/lib\libc.a(lib_a-exit.o)
 .bss           0x04019dac        0x0 c:/altera/11.0sp1/nios2eds/bin/gnu/h-i686-mingw32/bin/../lib/gcc/nios2-elf/4.1.2/../../../../nios2-elf/lib\libc.a(lib_a-memcmp.o)
 .bss           0x04019dac        0x0 c:/altera/11.0sp1/nios2eds/bin/gnu/h-i686-mingw32/bin/../lib/gcc/nios2-elf/4.1.2/../../../../nios2-elf/lib\libc.a(lib_a-sprintf.o)
 .bss           0x04019dac        0x0 c:/altera/11.0sp1/nios2eds/bin/gnu/h-i686-mingw32/bin/../lib/gcc/nios2-elf/4.1.2/../../../../nios2-elf/lib\libc.a(lib_a-__atexit.o)
 .bss           0x04019dac        0x0 c:/altera/11.0sp1/nios2eds/bin/gnu/h-i686-mingw32/bin/../lib/gcc/nios2-elf/4.1.2/../../../../nios2-elf/lib\libc.a(lib_a-__call_atexit.o)
 .bss           0x04019dac        0x0 ../Test_bsp/\libucosii_bsp.a(alt_exit.o)
 *(COMMON)
 COMMON         0x04019dac     0x3654 obj/hello_ucosii.o
                0x04019dac                MsgQueueTbl
                0x04019dfc                CtxSwMsgBuf
                0x0401a3d8                TaskStartStk
                0x0401abd8                TaskStk
                0x0401d3d8                TaskInfoBuf
 COMMON         0x0401d400     0x3254 ../Test_bsp/\libucosii_bsp.a(os_core.o)
                0x0401d400                OSFlagTbl
                0x0401d770                OSMemTbl
                0x0401e3a0                OSTaskStatStk
                0x0401eba0                OSQTbl
                0x0401ed80                OSTaskIdleStk
                0x0401f580                OSEventTbl
                0x040200c0                OSTCBTbl
                0x04020600                OSTCBPrioTbl
 COMMON         0x04020654      0x100 ../Test_bsp/\libucosii_bsp.a(alt_irq_handler.o)
                0x04020654                alt_irq
 COMMON         0x04020754      0x190 c:/altera/11.0sp1/nios2eds/bin/gnu/h-i686-mingw32/bin/../lib/gcc/nios2-elf/4.1.2/../../../../nios2-elf/lib\libc.a(lib_a-atexit.o)
                0x04020754                _atexit0
                0x040208e4                . = ALIGN (0x4)
                0x040208e4                __bss_end = ABSOLUTE (.)

.epcs           0x00000020        0x0
                0x00000020                PROVIDE (_alt_partition_epcs_start, ABSOLUTE (.))
 *(.epcs. epcs.*)
                0x00000020                . = ALIGN (0x4)
                0x00000020                PROVIDE (_alt_partition_epcs_end, ABSOLUTE (.))
                0x00000020                PROVIDE (_alt_partition_epcs_load_addr, LOADADDR (.epcs))

.sdram          0x040208e4        0x0
                0x040208e4                PROVIDE (_alt_partition_sdram_start, ABSOLUTE (.))
 *(.sdram. sdram.*)
                0x040208e4                . = ALIGN (0x4)
                0x040208e4                PROVIDE (_alt_partition_sdram_end, ABSOLUTE (.))
                0x040208e4                _end = ABSOLUTE (.)
                0x040208e4                end = ABSOLUTE (.)
                0x040208e4                __alt_stack_base = ABSOLUTE (.)
                0x040208e4                PROVIDE (_alt_partition_sdram_load_addr, LOADADDR (.sdram))

.stab
 *(.stab)

.stabstr
 *(.stabstr)

.stab.excl
 *(.stab.excl)

.stab.exclstr
 *(.stab.exclstr)

.stab.index
 *(.stab.index)

.stab.indexstr
 *(.stab.indexstr)

.comment        0x00000000       0x26
 *(.comment)
 .comment       0x00000000       0x26 obj/hello_ucosii.o
                                 0x27 (size before relaxing)
 .comment       0x00000000       0x27 c:/altera/11.0sp1/nios2eds/bin/gnu/h-i686-mingw32/bin/../lib/gcc/nios2-elf/4.1.2/../../../../nios2-elf/lib\libc.a(lib_a-printf.o)
 .comment       0x00000000       0x27 c:/altera/11.0sp1/nios2eds/bin/gnu/h-i686-mingw32/bin/../lib/gcc/nios2-elf/4.1.2/../../../../nios2-elf/lib\libc.a(lib_a-vfprintf.o)
 .comment       0x00000000       0x27 c:/altera/11.0sp1/nios2eds/bin/gnu/h-i686-mingw32/bin/../lib/gcc/nios2-elf/4.1.2/../../../../nios2-elf/lib\libc.a(lib_a-wsetup.o)
 .comment       0x00000000       0x27 c:/altera/11.0sp1/nios2eds/bin/gnu/h-i686-mingw32/bin/../lib/gcc/nios2-elf/4.1.2/../../../../nios2-elf/lib\libc.a(lib_a-dtoa.o)
 .comment       0x00000000       0x27 c:/altera/11.0sp1/nios2eds/bin/gnu/h-i686-mingw32/bin/../lib/gcc/nios2-elf/4.1.2/../../../../nios2-elf/lib\libc.a(lib_a-fflush.o)
 .comment       0x00000000       0x27 c:/altera/11.0sp1/nios2eds/bin/gnu/h-i686-mingw32/bin/../lib/gcc/nios2-elf/4.1.2/../../../../nios2-elf/lib\libc.a(lib_a-findfp.o)
 .comment       0x00000000       0x27 c:/altera/11.0sp1/nios2eds/bin/gnu/h-i686-mingw32/bin/../lib/gcc/nios2-elf/4.1.2/../../../../nios2-elf/lib\libc.a(lib_a-freer.o)
 .comment       0x00000000       0x27 c:/altera/11.0sp1/nios2eds/bin/gnu/h-i686-mingw32/bin/../lib/gcc/nios2-elf/4.1.2/../../../../nios2-elf/lib\libc.a(lib_a-fvwrite.o)
 .comment       0x00000000       0x27 c:/altera/11.0sp1/nios2eds/bin/gnu/h-i686-mingw32/bin/../lib/gcc/nios2-elf/4.1.2/../../../../nios2-elf/lib\libc.a(lib_a-fwalk.o)
 .comment       0x00000000       0x27 c:/altera/11.0sp1/nios2eds/bin/gnu/h-i686-mingw32/bin/../lib/gcc/nios2-elf/4.1.2/../../../../nios2-elf/lib\libc.a(lib_a-impure.o)
 .comment       0x00000000       0x27 c:/altera/11.0sp1/nios2eds/bin/gnu/h-i686-mingw32/bin/../lib/gcc/nios2-elf/4.1.2/../../../../nios2-elf/lib\libc.a(lib_a-locale.o)
 .comment       0x00000000       0x27 c:/altera/11.0sp1/nios2eds/bin/gnu/h-i686-mingw32/bin/../lib/gcc/nios2-elf/4.1.2/../../../../nios2-elf/lib\libc.a(lib_a-makebuf.o)
 .comment       0x00000000       0x27 c:/altera/11.0sp1/nios2eds/bin/gnu/h-i686-mingw32/bin/../lib/gcc/nios2-elf/4.1.2/../../../../nios2-elf/lib\libc.a(lib_a-mallocr.o)
 .comment       0x00000000       0x27 c:/altera/11.0sp1/nios2eds/bin/gnu/h-i686-mingw32/bin/../lib/gcc/nios2-elf/4.1.2/../../../../nios2-elf/lib\libc.a(lib_a-memchr.o)
 .comment       0x00000000       0x27 c:/altera/11.0sp1/nios2eds/bin/gnu/h-i686-mingw32/bin/../lib/gcc/nios2-elf/4.1.2/../../../../nios2-elf/lib\libc.a(lib_a-memcpy.o)
 .comment       0x00000000       0x27 c:/altera/11.0sp1/nios2eds/bin/gnu/h-i686-mingw32/bin/../lib/gcc/nios2-elf/4.1.2/../../../../nios2-elf/lib\libc.a(lib_a-memmove.o)
 .comment       0x00000000       0x27 c:/altera/11.0sp1/nios2eds/bin/gnu/h-i686-mingw32/bin/../lib/gcc/nios2-elf/4.1.2/../../../../nios2-elf/lib\libc.a(lib_a-memset.o)
 .comment       0x00000000       0x27 c:/altera/11.0sp1/nios2eds/bin/gnu/h-i686-mingw32/bin/../lib/gcc/nios2-elf/4.1.2/../../../../nios2-elf/lib\libc.a(lib_a-mprec.o)
 .comment       0x00000000       0x27 c:/altera/11.0sp1/nios2eds/bin/gnu/h-i686-mingw32/bin/../lib/gcc/nios2-elf/4.1.2/../../../../nios2-elf/lib\libc.a(lib_a-reallocr.o)
 .comment       0x00000000       0x27 c:/altera/11.0sp1/nios2eds/bin/gnu/h-i686-mingw32/bin/../lib/gcc/nios2-elf/4.1.2/../../../../nios2-elf/lib\libc.a(lib_a-s_isinfd.o)
 .comment       0x00000000       0x27 c:/altera/11.0sp1/nios2eds/bin/gnu/h-i686-mingw32/bin/../lib/gcc/nios2-elf/4.1.2/../../../../nios2-elf/lib\libc.a(lib_a-s_isnand.o)
 .comment       0x00000000       0x27 c:/altera/11.0sp1/nios2eds/bin/gnu/h-i686-mingw32/bin/../lib/gcc/nios2-elf/4.1.2/../../../../nios2-elf/lib\libc.a(lib_a-sbrkr.o)
 .comment       0x00000000       0x27 c:/altera/11.0sp1/nios2eds/bin/gnu/h-i686-mingw32/bin/../lib/gcc/nios2-elf/4.1.2/../../../../nios2-elf/lib\libc.a(lib_a-stdio.o)
 .comment       0x00000000       0x27 c:/altera/11.0sp1/nios2eds/bin/gnu/h-i686-mingw32/bin/../lib/gcc/nios2-elf/4.1.2/../../../../nios2-elf/lib\libc.a(lib_a-strcmp.o)
 .comment       0x00000000       0x27 c:/altera/11.0sp1/nios2eds/bin/gnu/h-i686-mingw32/bin/../lib/gcc/nios2-elf/4.1.2/../../../../nios2-elf/lib\libc.a(lib_a-strlen.o)
 .comment       0x00000000       0x27 c:/altera/11.0sp1/nios2eds/bin/gnu/h-i686-mingw32/bin/../lib/gcc/nios2-elf/4.1.2/../../../../nios2-elf/lib\libc.a(lib_a-writer.o)
 .comment       0x00000000       0x27 c:/altera/11.0sp1/nios2eds/bin/gnu/h-i686-mingw32/bin/../lib/gcc/nios2-elf/4.1.2/../../../../nios2-elf/lib\libc.a(lib_a-callocr.o)
 .comment       0x00000000       0x27 c:/altera/11.0sp1/nios2eds/bin/gnu/h-i686-mingw32/bin/../lib/gcc/nios2-elf/4.1.2/../../../../nios2-elf/lib\libc.a(lib_a-closer.o)
 .comment       0x00000000       0x27 c:/altera/11.0sp1/nios2eds/bin/gnu/h-i686-mingw32/bin/../lib/gcc/nios2-elf/4.1.2/../../../../nios2-elf/lib\libc.a(lib_a-fclose.o)
 .comment       0x00000000       0x27 c:/altera/11.0sp1/nios2eds/bin/gnu/h-i686-mingw32/bin/../lib/gcc/nios2-elf/4.1.2/../../../../nios2-elf/lib\libc.a(lib_a-fstatr.o)
 .comment       0x00000000       0x27 c:/altera/11.0sp1/nios2eds/bin/gnu/h-i686-mingw32/bin/../lib/gcc/nios2-elf/4.1.2/../../../../nios2-elf/lib\libc.a(lib_a-int_errno.o)
 .comment       0x00000000       0x27 c:/altera/11.0sp1/nios2eds/bin/gnu/h-i686-mingw32/bin/../lib/gcc/nios2-elf/4.1.2/../../../../nios2-elf/lib\libc.a(lib_a-isattyr.o)
 .comment       0x00000000       0x27 c:/altera/11.0sp1/nios2eds/bin/gnu/h-i686-mingw32/bin/../lib/gcc/nios2-elf/4.1.2/../../../../nios2-elf/lib\libc.a(lib_a-lseekr.o)
 .comment       0x00000000       0x27 c:/altera/11.0sp1/nios2eds/bin/gnu/h-i686-mingw32/bin/../lib/gcc/nios2-elf/4.1.2/../../../../nios2-elf/lib\libc.a(lib_a-readr.o)
 .comment       0x00000000       0x27 c:/altera/11.0sp1/nios2eds/bin/gnu/h-i686-mingw32/bin/../lib/gcc/nios2-elf/4.1.2\libgcc.a(_udivdi3.o)
 .comment       0x00000000       0x27 c:/altera/11.0sp1/nios2eds/bin/gnu/h-i686-mingw32/bin/../lib/gcc/nios2-elf/4.1.2\libgcc.a(_umoddi3.o)
 .comment       0x00000000       0x27 c:/altera/11.0sp1/nios2eds/bin/gnu/h-i686-mingw32/bin/../lib/gcc/nios2-elf/4.1.2\libgcc.a(_addsub_df.o)
 .comment       0x00000000       0x27 c:/altera/11.0sp1/nios2eds/bin/gnu/h-i686-mingw32/bin/../lib/gcc/nios2-elf/4.1.2\libgcc.a(_mul_df.o)
 .comment       0x00000000       0x27 c:/altera/11.0sp1/nios2eds/bin/gnu/h-i686-mingw32/bin/../lib/gcc/nios2-elf/4.1.2\libgcc.a(_div_df.o)
 .comment       0x00000000       0x27 c:/altera/11.0sp1/nios2eds/bin/gnu/h-i686-mingw32/bin/../lib/gcc/nios2-elf/4.1.2\libgcc.a(_eq_df.o)
 .comment       0x00000000       0x27 c:/altera/11.0sp1/nios2eds/bin/gnu/h-i686-mingw32/bin/../lib/gcc/nios2-elf/4.1.2\libgcc.a(_ne_df.o)
 .comment       0x00000000       0x27 c:/altera/11.0sp1/nios2eds/bin/gnu/h-i686-mingw32/bin/../lib/gcc/nios2-elf/4.1.2\libgcc.a(_gt_df.o)
 .comment       0x00000000       0x27 c:/altera/11.0sp1/nios2eds/bin/gnu/h-i686-mingw32/bin/../lib/gcc/nios2-elf/4.1.2\libgcc.a(_ge_df.o)
 .comment       0x00000000       0x27 c:/altera/11.0sp1/nios2eds/bin/gnu/h-i686-mingw32/bin/../lib/gcc/nios2-elf/4.1.2\libgcc.a(_lt_df.o)
 .comment       0x00000000       0x27 c:/altera/11.0sp1/nios2eds/bin/gnu/h-i686-mingw32/bin/../lib/gcc/nios2-elf/4.1.2\libgcc.a(_si_to_df.o)
 .comment       0x00000000       0x27 c:/altera/11.0sp1/nios2eds/bin/gnu/h-i686-mingw32/bin/../lib/gcc/nios2-elf/4.1.2\libgcc.a(_df_to_si.o)
 .comment       0x00000000       0x27 c:/altera/11.0sp1/nios2eds/bin/gnu/h-i686-mingw32/bin/../lib/gcc/nios2-elf/4.1.2\libgcc.a(_thenan_df.o)
 .comment       0x00000000       0x27 c:/altera/11.0sp1/nios2eds/bin/gnu/h-i686-mingw32/bin/../lib/gcc/nios2-elf/4.1.2\libgcc.a(_usi_to_df.o)
 .comment       0x00000000       0x27 c:/altera/11.0sp1/nios2eds/bin/gnu/h-i686-mingw32/bin/../lib/gcc/nios2-elf/4.1.2\libgcc.a(lib2-divmod.o)
 .comment       0x00000000       0x27 c:/altera/11.0sp1/nios2eds/bin/gnu/h-i686-mingw32/bin/../lib/gcc/nios2-elf/4.1.2\libgcc.a(_muldi3.o)
 .comment       0x00000000       0x27 c:/altera/11.0sp1/nios2eds/bin/gnu/h-i686-mingw32/bin/../lib/gcc/nios2-elf/4.1.2\libgcc.a(_clz.o)
 .comment       0x00000000       0x27 c:/altera/11.0sp1/nios2eds/bin/gnu/h-i686-mingw32/bin/../lib/gcc/nios2-elf/4.1.2\libgcc.a(_clzsi2.o)
 .comment       0x00000000       0x27 c:/altera/11.0sp1/nios2eds/bin/gnu/h-i686-mingw32/bin/../lib/gcc/nios2-elf/4.1.2\libgcc.a(_pack_df.o)
 .comment       0x00000000       0x27 c:/altera/11.0sp1/nios2eds/bin/gnu/h-i686-mingw32/bin/../lib/gcc/nios2-elf/4.1.2\libgcc.a(_unpack_df.o)
 .comment       0x00000000       0x27 c:/altera/11.0sp1/nios2eds/bin/gnu/h-i686-mingw32/bin/../lib/gcc/nios2-elf/4.1.2\libgcc.a(_fpcmp_parts_df.o)
 .comment       0x00000000       0x27 ../Test_bsp/\libucosii_bsp.a(alt_close.o)
 .comment       0x00000000       0x27 ../Test_bsp/\libucosii_bsp.a(alt_dev.o)
 .comment       0x00000000       0x27 ../Test_bsp/\libucosii_bsp.a(alt_errno.o)
 .comment       0x00000000       0x27 ../Test_bsp/\libucosii_bsp.a(alt_fstat.o)
 .comment       0x00000000       0x27 ../Test_bsp/\libucosii_bsp.a(alt_isatty.o)
 .comment       0x00000000       0x27 ../Test_bsp/\libucosii_bsp.a(alt_lseek.o)
 .comment       0x00000000       0x27 ../Test_bsp/\libucosii_bsp.a(alt_main.o)
 .comment       0x00000000       0x27 ../Test_bsp/\libucosii_bsp.a(alt_read.o)
 .comment       0x00000000       0x27 ../Test_bsp/\libucosii_bsp.a(alt_release_fd.o)
 .comment       0x00000000       0x27 ../Test_bsp/\libucosii_bsp.a(alt_sbrk.o)
 .comment       0x00000000       0x27 ../Test_bsp/\libucosii_bsp.a(alt_write.o)
 .comment       0x00000000       0x27 ../Test_bsp/\libucosii_bsp.a(alt_env_lock.o)
 .comment       0x00000000       0x27 ../Test_bsp/\libucosii_bsp.a(alt_malloc_lock.o)
 .comment       0x00000000       0x27 ../Test_bsp/\libucosii_bsp.a(os_core.o)
 .comment       0x00000000       0x27 ../Test_bsp/\libucosii_bsp.a(os_dbg.o)
 .comment       0x00000000       0x27 ../Test_bsp/\libucosii_bsp.a(os_flag.o)
 .comment       0x00000000       0x27 ../Test_bsp/\libucosii_bsp.a(os_mem.o)
 .comment       0x00000000       0x27 ../Test_bsp/\libucosii_bsp.a(os_mutex.o)
 .comment       0x00000000       0x27 ../Test_bsp/\libucosii_bsp.a(os_q.o)
 .comment       0x00000000       0x27 ../Test_bsp/\libucosii_bsp.a(os_sem.o)
 .comment       0x00000000       0x27 ../Test_bsp/\libucosii_bsp.a(os_task.o)
 .comment       0x00000000       0x27 ../Test_bsp/\libucosii_bsp.a(os_time.o)
 .comment       0x00000000       0x27 ../Test_bsp/\libucosii_bsp.a(alt_sys_init.o)
 .comment       0x00000000       0x27 ../Test_bsp/\libucosii_bsp.a(altera_avalon_epcs_flash_controller.o)
 .comment       0x00000000       0x27 ../Test_bsp/\libucosii_bsp.a(altera_avalon_jtag_uart_fd.o)
 .comment       0x00000000       0x27 ../Test_bsp/\libucosii_bsp.a(altera_avalon_jtag_uart_init.o)
 .comment       0x00000000       0x27 ../Test_bsp/\libucosii_bsp.a(altera_avalon_jtag_uart_ioctl.o)
 .comment       0x00000000       0x27 ../Test_bsp/\libucosii_bsp.a(altera_avalon_jtag_uart_read.o)
 .comment       0x00000000       0x27 ../Test_bsp/\libucosii_bsp.a(altera_avalon_jtag_uart_write.o)
 .comment       0x00000000       0x27 ../Test_bsp/\libucosii_bsp.a(altera_avalon_timer_sc.o)
 .comment       0x00000000       0x27 ../Test_bsp/\libucosii_bsp.a(epcs_commands.o)
 .comment       0x00000000       0x27 ../Test_bsp/\libucosii_bsp.a(alt_alarm_start.o)
 .comment       0x00000000       0x27 ../Test_bsp/\libucosii_bsp.a(alt_dev_llist_insert.o)
 .comment       0x00000000       0x27 ../Test_bsp/\libucosii_bsp.a(alt_do_ctors.o)
 .comment       0x00000000       0x27 ../Test_bsp/\libucosii_bsp.a(alt_do_dtors.o)
 .comment       0x00000000       0x27 ../Test_bsp/\libucosii_bsp.a(alt_flash_dev.o)
 .comment       0x00000000       0x27 ../Test_bsp/\libucosii_bsp.a(alt_iic.o)
 .comment       0x00000000       0x27 ../Test_bsp/\libucosii_bsp.a(alt_iic_isr_register.o)
 .comment       0x00000000       0x27 ../Test_bsp/\libucosii_bsp.a(alt_io_redirect.o)
 .comment       0x00000000       0x27 ../Test_bsp/\libucosii_bsp.a(alt_irq_handler.o)
 .comment       0x00000000       0x27 ../Test_bsp/\libucosii_bsp.a(alt_irq_vars.o)
 .comment       0x00000000       0x27 ../Test_bsp/\libucosii_bsp.a(alt_open.o)
 .comment       0x00000000       0x27 ../Test_bsp/\libucosii_bsp.a(alt_tick.o)
 .comment       0x00000000       0x27 ../Test_bsp/\libucosii_bsp.a(altera_nios2_irq.o)
 .comment       0x00000000       0x27 ../Test_bsp/\libucosii_bsp.a(os_cpu_c.o)
 .comment       0x00000000       0x27 ../Test_bsp/\libucosii_bsp.a(altera_avalon_spi.o)
 .comment       0x00000000       0x27 ../Test_bsp/\libucosii_bsp.a(alt_find_dev.o)
 .comment       0x00000000       0x27 ../Test_bsp/\libucosii_bsp.a(alt_find_file.o)